 Vector_Control_SVPWM_encoderless_sfun

 Timestamp is 5fc206b4 (Sat Nov 28 16:13:40 2020)

 Preferred load address is 0000000180000000

 Start         Length     Name                   Class
 0001:00000000 00040814H .text                   CODE
 0001:00040820 00000092H .text$x                 CODE
 0002:00000000 00000478H .idata$5                DATA
 0002:00000478 00000008H .CRT$XCA                DATA
 0002:00000480 00000008H .CRT$XCZ                DATA
 0002:00000488 00000008H .CRT$XIA                DATA
 0002:00000490 00000008H .CRT$XIAA               DATA
 0002:00000498 00000008H .CRT$XIZ                DATA
 0002:000004a0 00004bbcH .rdata                  DATA
 0002:00005060 00000008H .rtc$IAA                DATA
 0002:00005068 00000008H .rtc$IZZ                DATA
 0002:00005070 00000008H .rtc$TAA                DATA
 0002:00005078 00000008H .rtc$TZZ                DATA
 0002:00005080 0000406cH .xdata                  DATA
 0002:000090ec 000000a0H .idata$2                DATA
 0002:0000918c 00000014H .idata$3                DATA
 0002:000091a0 00000478H .idata$4                DATA
 0002:00009618 00000a60H .idata$6                DATA
 0002:0000a080 0000006bH .edata                  DATA
 0003:00000000 000033f8H .data                   DATA
 0003:00003400 000026b8H .bss                    DATA
 0004:00000000 000032a0H .pdata                  DATA

  Address         Publics by Value              Rva+Base               Lib:Object

 0000:00000000       ___safe_se_handler_count   0000000000000000     <absolute>
 0000:00000000       ___safe_se_handler_table   0000000000000000     <absolute>
 0000:00000000       __ImageBase                0000000180000000     <linker-defined>
 0001:00000000       sf_c1_Vector_Control_SVPWM_encoderless_get_eml_resolved_functions_info 0000000180001000 f   c1_Vector_Control_SVPWM_encoderless.obj
 0001:00000840       sf_c1_Vector_Control_SVPWM_encoderless_get_check_sum 0000000180001840 f   c1_Vector_Control_SVPWM_encoderless.obj
 0001:000008c0       sf_c1_Vector_Control_SVPWM_encoderless_get_autoinheritance_info 00000001800018c0 f   c1_Vector_Control_SVPWM_encoderless.obj
 0001:00000e30       sf_internal_get_sim_state_c1_Vector_Control_SVPWM_encoderless 0000000180001e30 f   c1_Vector_Control_SVPWM_encoderless.obj
 0001:00001190       sf_internal_set_sim_state_c1_Vector_Control_SVPWM_encoderless 0000000180002190 f   c1_Vector_Control_SVPWM_encoderless.obj
 0001:00001580       c1_Vector_Control_SVPWM_encoderless_method_dispatcher 0000000180002580 f   c1_Vector_Control_SVPWM_encoderless.obj
 0001:00004580       sf_c3_Vector_Control_SVPWM_encoderless_get_eml_resolved_functions_info 0000000180005580 f   c3_Vector_Control_SVPWM_encoderless.obj
 0001:00004e20       sf_c3_Vector_Control_SVPWM_encoderless_get_check_sum 0000000180005e20 f   c3_Vector_Control_SVPWM_encoderless.obj
 0001:00004ea0       sf_c3_Vector_Control_SVPWM_encoderless_get_autoinheritance_info 0000000180005ea0 f   c3_Vector_Control_SVPWM_encoderless.obj
 0001:00005930       sf_internal_get_sim_state_c3_Vector_Control_SVPWM_encoderless 0000000180006930 f   c3_Vector_Control_SVPWM_encoderless.obj
 0001:00005e10       sf_internal_set_sim_state_c3_Vector_Control_SVPWM_encoderless 0000000180006e10 f   c3_Vector_Control_SVPWM_encoderless.obj
 0001:000062a0       c3_Vector_Control_SVPWM_encoderless_method_dispatcher 00000001800072a0 f   c3_Vector_Control_SVPWM_encoderless.obj
 0001:00009960       sf_c4_Vector_Control_SVPWM_encoderless_get_eml_resolved_functions_info 000000018000a960 f   c4_Vector_Control_SVPWM_encoderless.obj
 0001:00009f80       sf_c4_Vector_Control_SVPWM_encoderless_get_check_sum 000000018000af80 f   c4_Vector_Control_SVPWM_encoderless.obj
 0001:0000a000       sf_c4_Vector_Control_SVPWM_encoderless_get_autoinheritance_info 000000018000b000 f   c4_Vector_Control_SVPWM_encoderless.obj
 0001:0000aa90       sf_internal_get_sim_state_c4_Vector_Control_SVPWM_encoderless 000000018000ba90 f   c4_Vector_Control_SVPWM_encoderless.obj
 0001:0000af60       sf_internal_set_sim_state_c4_Vector_Control_SVPWM_encoderless 000000018000bf60 f   c4_Vector_Control_SVPWM_encoderless.obj
 0001:0000b3f0       c4_Vector_Control_SVPWM_encoderless_method_dispatcher 000000018000c3f0 f   c4_Vector_Control_SVPWM_encoderless.obj
 0001:0000e560       sf_process_check_sum_call  000000018000f560 f   Vector_Control_SVPWM_encoderless_sfun_registry.obj
 0001:0000e5b0       sf_process_autoinheritance_call 000000018000f5b0 f   Vector_Control_SVPWM_encoderless_sfun_registry.obj
 0001:0000e750       sf_process_get_eml_resolved_functions_info_call 000000018000f750 f   Vector_Control_SVPWM_encoderless_sfun_registry.obj
 0001:0000e8d0       sf_mex_unlock_call         000000018000f8d0 f   Vector_Control_SVPWM_encoderless_sfun_registry.obj
 0001:0000e980       sf_machine_global_initializer_called 000000018000f980 f   Vector_Control_SVPWM_encoderless_sfun_registry.obj
 0001:0000e9b0       sf_machine_global_method_dispatcher 000000018000f9b0 f   Vector_Control_SVPWM_encoderless_sfun_registry.obj
 0001:0000ea10       sf_machine_global_terminator 000000018000fa10 f   Vector_Control_SVPWM_encoderless_sfun_registry.obj
 0001:0000ea50       sf_register_machine_exported_symbols 000000018000fa50 f   Vector_Control_SVPWM_encoderless_sfun_registry.obj
 0001:0000ea70       callCustomFcn              000000018000fa70 f   Vector_Control_SVPWM_encoderless_sfun_registry.obj
 0001:0000ea80       sf_machine_global_initializer 000000018000fa80 f   Vector_Control_SVPWM_encoderless_sfun_registry.obj
 0001:0000eaf0       _ssSetStateAbsTol          000000018000faf0 f   Vector_Control_SVPWM_encoderless_sfun_registry.obj
 0001:0000ebd0       _ssGetAbsTol               000000018000fbd0 f   Vector_Control_SVPWM_encoderless_sfun_registry.obj
 0001:0000ec40       _ssSetInputPortMatrixDimensions 000000018000fc40 f   Vector_Control_SVPWM_encoderless_sfun_registry.obj
 0001:0000ed50       _ssSetOutputPortMatrixDimensions 000000018000fd50 f   Vector_Control_SVPWM_encoderless_sfun_registry.obj
 0001:0000ee60       _ssSetInputPortVectorDimension 000000018000fe60 f   Vector_Control_SVPWM_encoderless_sfun_registry.obj
 0001:0000ef30       _ssSetOutputPortVectorDimension 000000018000ff30 f   Vector_Control_SVPWM_encoderless_sfun_registry.obj
 0001:0000f000       ssIsRunTimeParamTunable    0000000180010000 f   Vector_Control_SVPWM_encoderless_sfun_registry.obj
 0001:0000f070       ssGetSFuncBlockHandle      0000000180010070 f   Vector_Control_SVPWM_encoderless_sfun_registry.obj
 0001:0000f0e0       _ssGetCurrentInputPortWidth 00000001800100e0 f   Vector_Control_SVPWM_encoderless_sfun_registry.obj
 0001:0000f200       _ssGetCurrentOutputPortWidth 0000000180010200 f   Vector_Control_SVPWM_encoderless_sfun_registry.obj
 0001:0000f320       _ssGetCallSystemNumFcnCallDestinations 0000000180010320 f   Vector_Control_SVPWM_encoderless_sfun_registry.obj
 0001:0000f390       ssWarning                  0000000180010390 f   Vector_Control_SVPWM_encoderless_sfun_registry.obj
 0001:0000f4a0       ssGetIsZeroCrossControlDisabled 00000001800104a0 f   Vector_Control_SVPWM_encoderless_sfun_registry.obj
 0001:0000f510       ssSetIsInputPortUsedForContZcSignal 0000000180010510 f   Vector_Control_SVPWM_encoderless_sfun_registry.obj
 0001:0000f580       ssSetZcSignalIsZcElementDisc 0000000180010580 f   Vector_Control_SVPWM_encoderless_sfun_registry.obj
 0001:0000f630       ssSetZcSignalName          0000000180010630 f   Vector_Control_SVPWM_encoderless_sfun_registry.obj
 0001:0000f6a0       ssSetZcSignalWidth         00000001800106a0 f   Vector_Control_SVPWM_encoderless_sfun_registry.obj
 0001:0000f710       ssSetZcSignalZcEventType   0000000180010710 f   Vector_Control_SVPWM_encoderless_sfun_registry.obj
 0001:0000f780       ssSetZcSignalType          0000000180010780 f   Vector_Control_SVPWM_encoderless_sfun_registry.obj
 0001:0000f7f0       ssSetZcSignalZcTol         00000001800107f0 f   Vector_Control_SVPWM_encoderless_sfun_registry.obj
 0001:0000f860       ssSetZcSignalNeedsEventNotification 0000000180010860 f   Vector_Control_SVPWM_encoderless_sfun_registry.obj
 0001:0000f8d0       ssCreateAndAddZcSignalInfo 00000001800108d0 f   Vector_Control_SVPWM_encoderless_sfun_registry.obj
 0001:0000f940       ssCloneAndAddZcSignalInfo  0000000180010940 f   Vector_Control_SVPWM_encoderless_sfun_registry.obj
 0001:0000f9b0       ssGetNumZcSignals          00000001800109b0 f   Vector_Control_SVPWM_encoderless_sfun_registry.obj
 0001:0000fa20       ssGetZcSignalVector        0000000180010a20 f   Vector_Control_SVPWM_encoderless_sfun_registry.obj
 0001:0000fa90       ssGetZcSignalZcEvents      0000000180010a90 f   Vector_Control_SVPWM_encoderless_sfun_registry.obj
 0001:0000fb00       ssGetZcSignalName          0000000180010b00 f   Vector_Control_SVPWM_encoderless_sfun_registry.obj
 0001:0000fb70       ssGetZcSignalWidth         0000000180010b70 f   Vector_Control_SVPWM_encoderless_sfun_registry.obj
 0001:0000fbe0       ssGetZcSignalZcEventType   0000000180010be0 f   Vector_Control_SVPWM_encoderless_sfun_registry.obj
 0001:0000fc50       ssGetZcSignalType          0000000180010c50 f   Vector_Control_SVPWM_encoderless_sfun_registry.obj
 0001:0000fcc0       ssGetZcSignalZcTol         0000000180010cc0 f   Vector_Control_SVPWM_encoderless_sfun_registry.obj
 0001:0000fd40       ssGetZcSignalNeedsEventNotification 0000000180010d40 f   Vector_Control_SVPWM_encoderless_sfun_registry.obj
 0001:0000fdb0       ssGetZcSignalIsZcElementDisc 0000000180010db0 f   Vector_Control_SVPWM_encoderless_sfun_registry.obj
 0001:0000fe50       ssGetIsInputPortElementContinuous 0000000180010e50 f   Vector_Control_SVPWM_encoderless_sfun_registry.obj
 0001:0000fef0       _ssGetInputPortSignalPtrsFcn 0000000180010ef0 f   Vector_Control_SVPWM_encoderless_sfun_registry.obj
 0001:000101b0       _ssGetInputPortSignalFcn   00000001800111b0 f   Vector_Control_SVPWM_encoderless_sfun_registry.obj
 0001:000103d0       _ssSetInputPortDirectFeedThroughFcn 00000001800113d0 f   Vector_Control_SVPWM_encoderless_sfun_registry.obj
 0001:00010530       _ssSetInputPortReusableFcn 0000000180011530 f   Vector_Control_SVPWM_encoderless_sfun_registry.obj
 0001:00010620       _ssSetOutputPortReusableFcn 0000000180011620 f   Vector_Control_SVPWM_encoderless_sfun_registry.obj
 0001:00010700       ssGetDTypeIdFromMxArray    0000000180011700 f   Vector_Control_SVPWM_encoderless_sfun_registry.obj
 0001:00010820       ssWriteRTWStr              0000000180011820 f   Vector_Control_SVPWM_encoderless_sfun_registry.obj
 0001:00010880       ssWriteRTWMxVectParam      0000000180011880 f   Vector_Control_SVPWM_encoderless_sfun_registry.obj
 0001:000108e0       ssWriteRTWMx2dMatParam     00000001800118e0 f   Vector_Control_SVPWM_encoderless_sfun_registry.obj
 0001:00010960       ssWriteRTWNameValuePair    0000000180011960 f   Vector_Control_SVPWM_encoderless_sfun_registry.obj
 0001:00010e50       ssWriteRTWParameters       0000000180011e50 f   Vector_Control_SVPWM_encoderless_sfun_registry.obj
 0001:00011450       ssWriteRTWParamSettings    0000000180012450 f   Vector_Control_SVPWM_encoderless_sfun_registry.obj
 0001:00011b20       ssWriteRTWWorkVect         0000000180012b20 f   Vector_Control_SVPWM_encoderless_sfun_registry.obj
 0001:00012020       mexFunction                0000000180013020 f   Vector_Control_SVPWM_encoderless_sfun_registry.obj
 0001:00013c60       ProcessMexSfunctionEveryCall 0000000180014c60 f   Vector_Control_SVPWM_encoderless_sfun_registry.obj
 0001:00013dd0       Vector_Control_SVPWM_encoderless_initializer 0000000180014dd0 f   Vector_Control_SVPWM_encoderless_sfun.obj
 0001:00013de0       Vector_Control_SVPWM_encoderless_terminator 0000000180014de0 f   Vector_Control_SVPWM_encoderless_sfun.obj
 0001:00013df0       sf_Vector_Control_SVPWM_encoderless_method_dispatcher 0000000180014df0 f   Vector_Control_SVPWM_encoderless_sfun.obj
 0001:00013e80       sf_Vector_Control_SVPWM_encoderless_process_check_sum_call 0000000180014e80 f   Vector_Control_SVPWM_encoderless_sfun.obj
 0001:000142c0       sf_Vector_Control_SVPWM_encoderless_autoinheritance_info 00000001800152c0 f   Vector_Control_SVPWM_encoderless_sfun.obj
 0001:000144d0       sf_Vector_Control_SVPWM_encoderless_get_eml_resolved_functions_info 00000001800154d0 f   Vector_Control_SVPWM_encoderless_sfun.obj
 0001:00014680       Vector_Control_SVPWM_encoderless_debug_initialize 0000000180015680 f   Vector_Control_SVPWM_encoderless_sfun.obj
 0001:000146f0       Vector_Control_SVPWM_encoderless_register_exported_symbols 00000001800156f0 f   Vector_Control_SVPWM_encoderless_sfun.obj
 0001:00014700       load_Vector_Control_SVPWM_encoderless_optimization_info 0000000180015700 f   Vector_Control_SVPWM_encoderless_sfun.obj
 0001:00014750       unload_Vector_Control_SVPWM_encoderless_optimization_info 0000000180015750 f   Vector_Control_SVPWM_encoderless_sfun.obj
 0001:00014820       sf_mex_mx_is_numeric       0000000180015820 f   sfc_mex:sfc_mex.obj
 0001:00014860       strcmp_ignore_ws           0000000180015860 f   sfc_mex:sfc_mex.obj
 0001:000149a0       sf_mex_duplicatearraysafe  00000001800159a0 f   sfc_mex:sfc_mex.obj
 0001:00014b00       sf_set_error_debugger_context_message_fcn 0000000180015b00 f   sfc_mex:sfc_mex.obj
 0001:00014b10       sf_set_debugger_matlab_error_fcn 0000000180015b10 f   sfc_mex:sfc_mex.obj
 0001:00014b40       sf_set_error_prefix_string 0000000180015b40 f   sfc_mex:sfc_mex.obj
 0001:00014b70       sf_get_error_prefix_string 0000000180015b70 f   sfc_mex:sfc_mex.obj
 0001:00014b80       sf_mex_enter_parallel_region 0000000180015b80 f   sfc_mex:sfc_mex.obj
 0001:00014b90       sf_mex_exit_parallel_region 0000000180015b90 f   sfc_mex:sfc_mex.obj
 0001:00014ba0       sf_get_current_jmp_buf_ptr 0000000180015ba0 f   sfc_mex:sfc_mex.obj
 0001:00014bb0       sf_set_current_jmp_buf_ptr 0000000180015bb0 f   sfc_mex:sfc_mex.obj
 0001:00014bc0       sf_mex_set_halt_simulation 0000000180015bc0 f   sfc_mex:sfc_mex.obj
 0001:00014bd0       sf_mex_get_halt_simulation 0000000180015bd0 f   sfc_mex:sfc_mex.obj
 0001:00014be0       sf_mex_clear_error_message 0000000180015be0 f   sfc_mex:sfc_mex.obj
 0001:00014c00       sf_mex_get_error_message_for_read 0000000180015c00 f   sfc_mex:sfc_mex.obj
 0001:00014c10       sf_mex_get_error_message_buffer_length 0000000180015c10 f   sfc_mex:sfc_mex.obj
 0001:00014cf0       sf_mex_warning_message     0000000180015cf0 f   sfc_mex:sfc_mex.obj
 0001:00014d60       sf_mex_v_errbuf_createf    0000000180015d60 f   sfc_mex:sfc_mex.obj
 0001:00014d70       sf_mex_errbuf_createf      0000000180015d70 f   sfc_mex:sfc_mex.obj
 0001:00014da0       sf_mex_v_errbuf_catf       0000000180015da0 f   sfc_mex:sfc_mex.obj
 0001:00014de0       sf_mex_errbuf_catf         0000000180015de0 f   sfc_mex:sfc_mex.obj
 0001:00014e30       sf_mex_errbuf_copy         0000000180015e30 f   sfc_mex:sfc_mex.obj
 0001:00014e40       sf_mex_errbuf_clear        0000000180015e40 f   sfc_mex:sfc_mex.obj
 0001:00014e50       sf_mex_errbuf_isempty      0000000180015e50 f   sfc_mex:sfc_mex.obj
 0001:00014f60       sf_mex_set_error_status    0000000180015f60 f   sfc_mex:sfc_mex.obj
 0001:00014fb0       sf_mex_error_direct_call   0000000180015fb0 f   sfc_mex:sfc_mex.obj
 0001:00014fd0       sf_mex_error_message_no_long_jump 0000000180015fd0 f   sfc_mex:sfc_mex.obj
 0001:00014ff0       sf_mex_long_jump_on_error  0000000180015ff0 f   sfc_mex:sfc_mex.obj
 0001:00015020       sf_mex_call_matlab         0000000180016020 f   sfc_mex:sfc_mex.obj
 0001:00015140       sf_mex_check_builtin       0000000180016140 f   sfc_mex:sfc_mex.obj
 0001:00015180       sf_mex_check_builtin_vs    0000000180016180 f   sfc_mex:sfc_mex.obj
 0001:000151e0       sf_mex_check_enum          00000001800161e0 f   sfc_mex:sfc_mex.obj
 0001:00015210       sf_mex_create_enum         0000000180016210 f   sfc_mex:sfc_mex.obj
 0001:00015230       sf_mex_get_enum_element    0000000180016230 f   sfc_mex:sfc_mex.obj
 0001:00015240       sf_mex_createcellarray     0000000180016240 f   sfc_mex:sfc_mex.obj
 0001:00015250       sf_mex_setcell             0000000180016250 f   sfc_mex:sfc_mex.obj
 0001:00015260       sf_mex_getcell             0000000180016260 f   sfc_mex:sfc_mex.obj
 0001:00015270       sf_mex_dup                 0000000180016270 f   sfc_mex:sfc_mex.obj
 0001:00015290       sf_mex_assign              0000000180016290 f   sfc_mex:sfc_mex.obj
 0001:00015310       sf_mex_destroy             0000000180016310 f   sfc_mex:sfc_mex.obj
 0001:00015340       mx_array_has_fi_type       0000000180016340 f   sfc_mex:sfc_mex.obj
 0001:00015370       sf_mex_convert_from_fi     0000000180016370 f   sfc_mex:sfc_mex.obj
 0001:00015420       sf_mex_convert_to_double   0000000180016420 f   sfc_mex:sfc_mex.obj
 0001:00015540       sf_mex_import_fi_vs        0000000180016540 f   sfc_mex:sfc_mex.obj
 0001:00015700       sf_matrix_matrix_index_ok  0000000180016700 f   sfc_mex:sfc_mex.obj
 0001:00015790       sf_vector_vector_index_ok  0000000180016790 f   sfc_mex:sfc_mex.obj
 0001:000157c0       ssGetCurrentInputPortDimensions_wrapper 00000001800167c0 f   sfc_mex:sfc_mex.obj
 0001:000157e0       ssGetCurrentOutputPortDimensions_wrapper 00000001800167e0 f   sfc_mex:sfc_mex.obj
 0001:00015800       sf_mex_emlrt_context_is_debug_mode 0000000180016800 f   sfc_mex:sfc_mex.obj
 0001:00015810       sf_mex_emlrt_context_set_debug_mode 0000000180016810 f   sfc_mex:sfc_mex.obj
 0001:00015820       sf_mex_emlrtNameCapturePostProcessR2012a 0000000180016820 f   sfc_mex:sfc_mex.obj
 0001:00015890       sf_clear_error_manager_info 0000000180016890 f   sfc_mex:sfc_mex.obj
 0001:000158f0       sf_mex_stop_simulation_abruptly_wo_error 00000001800168f0 f   sfc_mex:sfc_mex.obj
 0001:00015930       sf_mex_error_message       0000000180016930 f   sfc_mex:sfc_mex.obj
 0001:00015990       sf_react_to_error_in_matlab_call 0000000180016990 f   sfc_mex:sfc_mex.obj
 0001:000159c0       sf_mex_addfield            00000001800169c0 f   sfc_mex:sfc_mex.obj
 0001:00015a60       sf_mex_getfield            0000000180016a60 f   sfc_mex:sfc_mex.obj
 0001:00015d60       sf_mex_check_class         0000000180016d60 f   sfc_mex:sfc_mex.obj
 0001:00015e00       sf_mex_is_real             0000000180016e00 f   sfc_mex:sfc_mex.obj
 0001:00016270       sf_mex_decode_encoded_mx_struct_array 0000000180017270 f   sfc_mex:sfc_mex.obj
 0001:00016550       sf_mex_lw_bounds_check     0000000180017550 f   sfc_mex:sfc_mex.obj
 0001:00016580       sf_mex_lw_size_eq_check_1d 0000000180017580 f   sfc_mex:sfc_mex.obj
 0001:000165a0       sf_mex_lw_size_eq_check_nd 00000001800175a0 f   sfc_mex:sfc_mex.obj
 0001:00016780       sf_mex_lw_dim_size_eq_check 0000000180017780 f   sfc_mex:sfc_mex.obj
 0001:000167b0       sf_mex_lw_dim_size_geq_check 00000001800177b0 f   sfc_mex:sfc_mex.obj
 0001:000167e0       sf_mex_lw_sub_assign_size_check_nd 00000001800177e0 f   sfc_mex:sfc_mex.obj
 0001:00016a10       sf_mex_lw_runtime_error_msgid 0000000180017a10 f   sfc_mex:sfc_mex.obj
 0001:00016b00       sf_mex_lw_matrix_matrix_index_check 0000000180017b00 f   sfc_mex:sfc_mex.obj
 0001:00016b20       sf_mex_lw_vector_vector_index_check 0000000180017b20 f   sfc_mex:sfc_mex.obj
 0001:00016b60       sf_mex_lw_for_loop_vector_check 0000000180017b60 f   sfc_mex:sfc_mex.obj
 0001:00016be0       sf_mex_lw_non_negative_check 0000000180017be0 f   sfc_mex:sfc_mex.obj
 0001:00016c20       sf_mex_overflow_error      0000000180017c20 f   sfc_mex:sfc_mex.obj
 0001:00016c30       sf_mex_dividebyzero_error  0000000180017c30 f   sfc_mex:sfc_mex.obj
 0001:00016c40       sf_mex_unsafe_enum_error   0000000180017c40 f   sfc_mex:sfc_mex.obj
 0001:00016c50       sf_emlrtErrHandler         0000000180017c50 f   sfc_mex:sfc_mex.obj
 0001:00016d30       sf_mex_size_one_check      0000000180017d30 f   sfc_mex:sfc_mex.obj
 0001:00016d50       sf_mex_printf              0000000180017d50 f   sfc_mex:sfc_mex.obj
 0001:00016f20       sf_mex_check_size          0000000180017f20 f   sfc_mex:sfc_mex.obj
 0001:000171f0       sf_mex_check_struct        00000001800181f0 f   sfc_mex:sfc_mex.obj
 0001:00017450       sf_mex_check_struct_vs     0000000180018450 f   sfc_mex:sfc_mex.obj
 0001:000174e0       sf_mex_check_fi            00000001800184e0 f   sfc_mex:sfc_mex.obj
 0001:000175e0       sf_mex_check_fi_vs         00000001800185e0 f   sfc_mex:sfc_mex.obj
 0001:00017680       sf_echo_expression         0000000180018680 f   sfc_mex:sfc_mex.obj
 0001:000176e0       sf_assertion_failed        00000001800186e0 f   sfc_mex:sfc_mex.obj
 0001:000179c0       sf_mex_evalin              00000001800189c0 f   sfc_mex:sfc_mex.obj
 0001:00017c30       sf_mex_export              0000000180018c30 f   sfc_mex:sfc_mex.obj
 0001:00017cf0       sf_mex_get_ml_var_no_error 0000000180018cf0 f   sfc_mex:sfc_mex.obj
 0001:00017e90       sf_mex_get_ml_var          0000000180018e90 f   sfc_mex:sfc_mex.obj
 0001:00018330       ml_set_element_value_in_array 0000000180019330 f   sfc_mex:sfc_mex.obj
 0001:00019a00       sf_mex_call_impl           000000018001aa00 f   sfc_mex:sfc_mex.obj
 0001:00019f30       sf_mex_call_debug          000000018001af30 f   sfc_mex:sfc_mex.obj
 0001:00019f60       sf_mex_call                000000018001af60 f   sfc_mex:sfc_mex.obj
 0001:0001a5b0       sf_mex_createstruct        000000018001b5b0 f   sfc_mex:sfc_mex.obj
 0001:0001a6a0       sf_mex_createstructarray   000000018001b6a0 f   sfc_mex:sfc_mex.obj
 0001:0001a720       sf_mex_get_mx_datatype_from_sf_datatype 000000018001b720 f   sfc_mex:sfc_mex.obj
 0001:0001aa30       sf_mex_ml_var_sub          000000018001ba30 f   sfc_mex:sfc_mex.obj
 0001:0001ac00       sf_mex_ml_var_subsasgn     000000018001bc00 f   sfc_mex:sfc_mex.obj
 0001:0001aff0       sf_mex_sub                 000000018001bff0 f   sfc_mex:sfc_mex.obj
 0001:0001b1f0       sf_mex_subsasgn            000000018001c1f0 f   sfc_mex:sfc_mex.obj
 0001:0001b6d0       sf_mex_create              000000018001c6d0 f   sfc_mex:sfc_mex.obj
 0001:0001c120       sf_mex_import_named        000000018001d120 f   sfc_mex:sfc_mex.obj
 0001:0001c180       sf_mex_import              000000018001d180 f   sfc_mex:sfc_mex.obj
 0001:0001c1d0       sf_mex_import_vs           000000018001d1d0 f   sfc_mex:sfc_mex.obj
 0001:0001c2e0       sf_mex_lower_fixpt_mx_array 000000018001d2e0 f   sfc_mex:sfc_mex.obj
 0001:0001c5d0       sf_send_message_wrapper    000000018001d5d0 f   sfc_mex:sfc_sf.obj
 0001:0001c600       sf_receive_message_wrapper 000000018001d600 f   sfc_mex:sfc_sf.obj
 0001:0001c640       sf_check_out_message_wrapper 000000018001d640 f   sfc_mex:sfc_sf.obj
 0001:0001c680       sf_check_in_message_wrapper 000000018001d680 f   sfc_mex:sfc_sf.obj
 0001:0001c6c0       sf_no_message_wrapper      000000018001d6c0 f   sfc_mex:sfc_sf.obj
 0001:0001ca50       sim_mode_is_rtw_gen        000000018001da50 f   sfc_mex:sfc_sf.obj
 0001:0001ca80       sim_mode_is_external       000000018001da80 f   sfc_mex:sfc_sf.obj
 0001:0001ca90       sim_mode_is_modelref_sim   000000018001da90 f   sfc_mex:sfc_sf.obj
 0001:0001cab0       mdlInitializeSizes         000000018001dab0 f   sfc_mex:sfc_sf.obj
 0001:0001cad0       mdlInitializeSampleTimes   000000018001dad0 f   sfc_mex:sfc_sf.obj
 0001:0001cb10       mdlZeroCrossings           000000018001db10 f   sfc_mex:sfc_sf.obj
 0001:0001cbf0       mdlDerivatives             000000018001dbf0 f   sfc_mex:sfc_sf.obj
 0001:0001cca0       mdl_initialize_conditions_processing 000000018001dca0 f   sfc_mex:sfc_sf.obj
 0001:0001ccd0       mdlInitializeConditions    000000018001dcd0 f   sfc_mex:sfc_sf.obj
 0001:0001cd90       mdlGetSimState             000000018001dd90 f   sfc_mex:sfc_sf.obj
 0001:0001cda0       mdlSetSimState             000000018001dda0 f   sfc_mex:sfc_sf.obj
 0001:0001cdb0       mdl_ext_mode_exec_processing 000000018001ddb0 f   sfc_mex:sfc_sf.obj
 0001:0001cdd0       mdlExtModeExec             000000018001ddd0 f   sfc_mex:sfc_sf.obj
 0001:0001cf60       mdlTerminate               000000018001df60 f   sfc_mex:sfc_sf.obj
 0001:0001cfd0       mdlRTW                     000000018001dfd0 f   sfc_mex:sfc_sf.obj
 0001:0001d000       mdlSetWorkWidths           000000018001e000 f   sfc_mex:sfc_sf.obj
 0001:0001d010       mdlProcessParameters       000000018001e010 f   sfc_mex:sfc_sf.obj
 0001:0001d020       mdl_start_processing       000000018001e020 f   sfc_mex:sfc_sf.obj
 0001:0001d060       mdlStart                   000000018001e060 f   sfc_mex:sfc_sf.obj
 0001:0001d150       mdlEnable                  000000018001e150 f   sfc_mex:sfc_sf.obj
 0001:0001d220       mdlDisable                 000000018001e220 f   sfc_mex:sfc_sf.obj
 0001:0001d2d0       sf_get_chart_instance_ptr  000000018001e2d0 f   sfc_mex:sfc_sf.obj
 0001:0001d2f0       sf_load_rtw_optimization_info 000000018001e2f0 f   sfc_mex:sfc_sf.obj
 0001:0001d3c0       sf_rtw_info_uint_prop      000000018001e3c0 f   sfc_mex:sfc_sf.obj
 0001:0001d500       sf_is_chart_inlinable      000000018001e500 f   sfc_mex:sfc_sf.obj
 0001:0001d520       sf_mark_output_events_with_multiple_callers 000000018001e520 f   sfc_mex:sfc_sf.obj
 0001:0001d6b0       sf_mark_chart_reusable_outputs 000000018001e6b0 f   sfc_mex:sfc_sf.obj
 0001:0001d910       sf_mark_chart_expressionable_inputs 000000018001e910 f   sfc_mex:sfc_sf.obj
 0001:0001db70       sf_get_subchart_simstruct  000000018001eb70 f   sfc_mex:sfc_sf.obj
 0001:0001dbc0       sf_get_fixpt_data_type_id  000000018001ebc0 f   sfc_mex:sfc_sf.obj
 0001:0001dc00       sf_get_enum_data_type_id   000000018001ec00 f   sfc_mex:sfc_sf.obj
 0001:0001dc40       sf_get_param_data_type_id  000000018001ec40 f   sfc_mex:sfc_sf.obj
 0001:0001dc70       sf_mex_listen_for_ctrl_c_force 000000018001ec70 f   sfc_mex:sfc_sf.obj
 0001:0001dd80       sf_mex_draw_now            000000018001ed80 f   sfc_mex:sfc_sf.obj
 0001:0001ddc0       sf_mex_set_debugger_sim_status_listener_fcn 000000018001edc0 f   sfc_mex:sfc_sf.obj
 0001:0001ddd0       sf_mex_listen_for_ctrl_c   000000018001edd0 f   sfc_mex:sfc_sf.obj
 0001:0001de60       sf_mex_get_sfun_param      000000018001ee60 f   sfc_mex:sfc_sf.obj
 0001:0001deb0       sf_get_runtime_param_data  000000018001eeb0 f   sfc_mex:sfc_sf.obj
 0001:0001def0       sf_call_output_fcn_call    000000018001eef0 f   sfc_mex:sfc_sf.obj
 0001:0001e030       sf_call_output_fcn_enable  000000018001f030 f   sfc_mex:sfc_sf.obj
 0001:0001e0c0       sf_call_output_fcn_disable 000000018001f0c0 f   sfc_mex:sfc_sf.obj
 0001:0001e150       sf_clear_rtw_identifier    000000018001f150 f   sfc_mex:sfc_sf.obj
 0001:0001e940       sf_set_encoded_dwork_info  000000018001f940 f   sfc_mex:sfc_sf.obj
 0001:0001e990       sf_get_dwork_info_from_mat_file 000000018001f990 f   sfc_mex:sfc_sf.obj
 0001:0001eb50       sf_set_rtw_dwork_info      000000018001fb50 f   sfc_mex:sfc_sf.obj
 0001:0001ecc0       mdlOutputs                 000000018001fcc0 f   sfc_mex:sfc_sf.obj
 0001:0001ee60       sf_debug_disp              000000018001fe60 f   sfc_debug:sfcdebug.obj
 0001:0001f0c0       sf_debug_data_runtime_size_mismatch_error_check 00000001800200c0 f   sfc_debug:sfcdebug.obj
 0001:0001f160       sf_debug_try_loading_machine 0000000180020160 f   sfc_debug:sfcdebug.obj
 0001:0001f260       sf_debug_reset_current_state_configuration 0000000180020260 f   sfc_debug:sfcdebug.obj
 0001:0001f2f0       sf_debug_store_current_state_configuration 00000001800202f0 f   sfc_debug:sfcdebug.obj
 0001:0001f380       sf_debug_restore_previous_state_configuration 0000000180020380 f   sfc_debug:sfcdebug.obj
 0001:0001f410       sf_debug_restore_previous_state_configuration2 0000000180020410 f   sfc_debug:sfcdebug.obj
 0001:0001f4a0       sf_debug_get_event_scope   00000001800204a0 f   sfc_debug:sfcdebug.obj
 0001:0001f610       use_debugger_step_animation 0000000180020610 f   sfc_debug:sfcdebug.obj
 0001:0001f630       sf_debug_get_script_id     0000000180020630 f   sfc_debug:sfcdebug.obj
 0001:0001f6c0       sf_debug_set_script_translation 00000001800206c0 f   sfc_debug:sfcdebug.obj
 0001:0001f840       sf_debug_extract_message_post_receive_info 0000000180020840 f   sfc_debug:sfcdebug.obj
 0001:0001f940       sf_debug_get_current_machine_id 0000000180020940 f   sfc_debug:sfcdebug.obj
 0001:0001f960       sf_debug_get_current_optional_integer 0000000180020960 f   sfc_debug:sfcdebug.obj
 0001:0001f970       sf_debug_get_current_machine_number 0000000180020970 f   sfc_debug:sfcdebug.obj
 0001:0001f990       sf_debug_get_current_machine_name 0000000180020990 f   sfc_debug:sfcdebug.obj
 0001:0001f9b0       sf_debug_get_current_chart_id 00000001800209b0 f   sfc_debug:sfcdebug.obj
 0001:0001fa00       sf_debug_get_current_chart_number 0000000180020a00 f   sfc_debug:sfcdebug.obj
 0001:0001fa10       sf_debug_get_current_instance_number 0000000180020a10 f   sfc_debug:sfcdebug.obj
 0001:0001fa20       sf_debug_get_current_is_minor_time_step 0000000180020a20 f   sfc_debug:sfcdebug.obj
 0001:0001faa0       sf_debug_get_current_object_type 0000000180020aa0 f   sfc_debug:sfcdebug.obj
 0001:0001fab0       sf_debug_get_current_instance_handle 0000000180020ab0 f   sfc_debug:sfcdebug.obj
 0001:0001fb10       sf_debug_get_current_event_type 0000000180020b10 f   sfc_debug:sfcdebug.obj
 0001:0001fb20       sf_debug_get_current_object_id 0000000180020b20 f   sfc_debug:sfcdebug.obj
 0001:0001fb60       sf_debug_get_current_active_event_type 0000000180020b60 f   sfc_debug:sfcdebug.obj
 0001:0001fb70       sf_debug_get_current_active_event_id 0000000180020b70 f   sfc_debug:sfcdebug.obj
 0001:0001fbb0       sf_debug_get_current_tag_type 0000000180020bb0 f   sfc_debug:sfcdebug.obj
 0001:0001fbc0       sf_debug_get_current_simulation_time 0000000180020bc0 f   sfc_debug:sfcdebug.obj
 0001:0001fbd0       sf_debug_get_current_coverage_percentage 0000000180020bd0 f   sfc_debug:sfcdebug.obj
 0001:0001fbe0       sf_debug_current_statement_context 0000000180020be0 f   sfc_debug:sfcdebug.obj
 0001:0001fc70       sf_debug_get_current_statement_info 0000000180020c70 f   sfc_debug:sfcdebug.obj
 0001:0001fdf0       sf_debug_terminate_instance 0000000180020df0 f   sfc_debug:sfcdebug.obj
 0001:00020130       sf_debug_assertion_failed  0000000180021130 f   sfc_debug:sfcdebug.obj
 0001:000202e0       sf_debug_set_number_of_data_with_change_event_for_machine 00000001800212e0 f   sfc_debug:sfcdebug.obj
 0001:00020320       sf_debug_set_machine_event_thresholds 0000000180021320 f   sfc_debug:sfcdebug.obj
 0001:00020340       sf_debug_set_machine_event_scope 0000000180021340 f   sfc_debug:sfcdebug.obj
 0001:00020380       sf_debug_set_machine_data_thresholds 0000000180021380 f   sfc_debug:sfcdebug.obj
 0001:000203c0       sf_debug_set_machine_data_scope 00000001800213c0 f   sfc_debug:sfcdebug.obj
 0001:00020450       sf_debug_set_machine_data_name 0000000180021450 f   sfc_debug:sfcdebug.obj
 0001:000204f0       sf_debug_set_machine_data_size 00000001800214f0 f   sfc_debug:sfcdebug.obj
 0001:00020630       sf_debug_set_machine_data_type 0000000180021630 f   sfc_debug:sfcdebug.obj
 0001:000207a0       sf_debug_get_chart_data_number 00000001800217a0 f   sfc_debug:sfcdebug.obj
 0001:000207c0       sf_debug_get_chart_event_number 00000001800217c0 f   sfc_debug:sfcdebug.obj
 0001:000207e0       sf_debug_set_chart_state_info 00000001800217e0 f   sfc_debug:sfcdebug.obj
 0001:00020860       sf_debug_set_chart_decomposition 0000000180021860 f   sfc_debug:sfcdebug.obj
 0001:000208d0       sf_debug_set_chart_substate_count 00000001800218d0 f   sfc_debug:sfcdebug.obj
 0001:000209b0       sf_debug_set_chart_substate_index 00000001800219b0 f   sfc_debug:sfcdebug.obj
 0001:00020a20       sf_debug_set_chart_state_substate_count 0000000180021a20 f   sfc_debug:sfcdebug.obj
 0001:00020b30       sf_debug_set_chart_state_substate_index 0000000180021b30 f   sfc_debug:sfcdebug.obj
 0001:00020bb0       sf_debug_set_number_of_data_with_change_event_for_chart 0000000180021bb0 f   sfc_debug:sfcdebug.obj
 0001:00020c30       sf_debug_set_number_of_states_with_entry_event_for_chart 0000000180021c30 f   sfc_debug:sfcdebug.obj
 0001:00020ca0       sf_debug_set_number_of_states_with_exit_event_for_chart 0000000180021ca0 f   sfc_debug:sfcdebug.obj
 0001:00020d10       sf_debug_set_chart_disable_implicit_casting 0000000180021d10 f   sfc_debug:sfcdebug.obj
 0001:00020d80       sf_debug_set_chart_event_thresholds 0000000180021d80 f   sfc_debug:sfcdebug.obj
 0001:00020df0       sf_debug_set_chart_data_compiled_props 0000000180021df0 f   sfc_debug:sfcdebug.obj
 0001:00021140       sf_debug_set_chart_data_props 0000000180022140 f   sfc_debug:sfcdebug.obj
 0001:00021460       sf_debug_check_fi_license  0000000180022460 f   sfc_debug:sfcdebug.obj
 0001:00021650       sf_debug_symbol_scope_push 0000000180022650 f   sfc_debug:sfcdebug.obj
 0001:00021690       sf_debug_symbol_scope_push_eml 0000000180022690 f   sfc_debug:sfcdebug.obj
 0001:000216e0       sf_debug_symbol_scope_pop  00000001800226e0 f   sfc_debug:sfcdebug.obj
 0001:00021720       sf_debug_symbol_scope_add_importable 0000000180022720 f   sfc_debug:sfcdebug.obj
 0001:000217a0       sf_debug_symbol_scope_add  00000001800227a0 f   sfc_debug:sfcdebug.obj
 0001:00021820       sf_debug_symbol_scope_add_dyn_importable 0000000180022820 f   sfc_debug:sfcdebug.obj
 0001:000218e0       sf_debug_symbol_scope_add_dyn 00000001800228e0 f   sfc_debug:sfcdebug.obj
 0001:00021910       sf_debug_symbol_scope_add_eml_importable 0000000180022910 f   sfc_debug:sfcdebug.obj
 0001:00021950       sf_debug_symbol_scope_add_eml 0000000180022950 f   sfc_debug:sfcdebug.obj
 0001:00021990       sf_debug_symbol_scope_add_eml_dyn_importable 0000000180022990 f   sfc_debug:sfcdebug.obj
 0001:00021a00       sf_debug_symbol_scope_add_eml_dyn 0000000180022a00 f   sfc_debug:sfcdebug.obj
 0001:00021a60       sf_debug_symbol_switch     0000000180022a60 f   sfc_debug:sfcdebug.obj
 0001:00021a80       sf_debug_symbol_scope_add_verbose 0000000180022a80 f   sfc_debug:sfcdebug.obj
 0001:00021b50       sf_debug_set_machine_data_value_ptr 0000000180022b50 f   sfc_debug:sfcdebug.obj
 0001:00021b90       sf_debug_set_instance_data_value_ptr 0000000180022b90 f   sfc_debug:sfcdebug.obj
 0001:00021c50       sf_debug_unset_instance_data_value_ptr 0000000180022c50 f   sfc_debug:sfcdebug.obj
 0001:00021d00       sf_debug_set_chart_event_scope 0000000180022d00 f   sfc_debug:sfcdebug.obj
 0001:00021d80       sf_debug_set_chart_transition_coverage_maps 0000000180022d80 f   sfc_debug:sfcdebug.obj
 0001:00021e90       sf_debug_set_chart_state_coverage_maps 0000000180022e90 f   sfc_debug:sfcdebug.obj
 0001:00021f70       sf_debug_set_instance_transition_coverage_weights 0000000180022f70 f   sfc_debug:sfcdebug.obj
 0001:00022010       sf_debug_set_instance_state_coverage_weights 0000000180023010 f   sfc_debug:sfcdebug.obj
 0001:00022260       sf_debug_unload_machine    0000000180023260 f   sfc_debug:sfcdebug.obj
 0001:000222b0       sf_debug_load_machine      00000001800232b0 f   sfc_debug:sfcdebug.obj
 0001:000223b0       sf_debug_set_active_instance_in_data_dictionary 00000001800233b0 f   sfc_debug:sfcdebug.obj
 0001:00022590       sf_debug_set_active_instance 0000000180023590 f   sfc_debug:sfcdebug.obj
 0001:000226d0       sf_debug_chart_visiblity_change 00000001800236d0 f   sfc_debug:sfcdebug.obj
 0001:000227b0       sf_debug_select_chart      00000001800237b0 f   sfc_debug:sfcdebug.obj
 0001:00022880       sf_debug_set_instance_cv_ids 0000000180023880 f   sfc_debug:sfcdebug.obj
 0001:00022b90       sf_debug_select_charts     0000000180023b90 f   sfc_debug:sfcdebug.obj
 0001:00022cd0       sf_debug_initialized       0000000180023cd0 f   sfc_debug:sfcdebug.obj
 0001:00022ce0       sf_debug_is_uninterruptible 0000000180023ce0 f   sfc_debug:sfcdebug.obj
 0001:00022d10       sf_debug_initialize_debugger_gui 0000000180023d10 f   sfc_debug:sfcdebug.obj
 0001:00023100       sf_debug_resume            0000000180024100 f   sfc_debug:sfcdebug.obj
 0001:00023120       sf_debug_go                0000000180024120 f   sfc_debug:sfcdebug.obj
 0001:00023130       sf_debug_break             0000000180024130 f   sfc_debug:sfcdebug.obj
 0001:00023140       sf_debug_step_over         0000000180024140 f   sfc_debug:sfcdebug.obj
 0001:00023150       sf_debug_step_out          0000000180024150 f   sfc_debug:sfcdebug.obj
 0001:00023160       sf_debug_set_disable_all_breakpoints 0000000180024160 f   sfc_debug:sfcdebug.obj
 0001:00023170       sf_debug_disable_all_breakpoints_and_go 0000000180024170 f   sfc_debug:sfcdebug.obj
 0001:00023180       sf_debug_break_on_chart_entry 0000000180024180 f   sfc_debug:sfcdebug.obj
 0001:00023190       sf_debug_break_on_event_broadcast 0000000180024190 f   sfc_debug:sfcdebug.obj
 0001:000231a0       sf_debug_break_on_state_entry 00000001800241a0 f   sfc_debug:sfcdebug.obj
 0001:000231b0       sf_debug_break_between_times 00000001800241b0 f   sfc_debug:sfcdebug.obj
 0001:000231d0       sf_debug_browse_data       00000001800241d0 f   sfc_debug:sfcdebug.obj
 0001:000231f0       sf_debug_watch_data        00000001800241f0 f   sfc_debug:sfcdebug.obj
 0001:00023210       sf_debug_assign_data       0000000180024210 f   sfc_debug:sfcdebug.obj
 0001:00023230       sf_debug_whos              0000000180024230 f   sfc_debug:sfcdebug.obj
 0001:00023250       sf_debug_get_consistency_info 0000000180024250 f   sfc_debug:sfcdebug.obj
 0001:00023260       sf_debug_browse_trace      0000000180024260 f   sfc_debug:sfcdebug.obj
 0001:00023270       sf_debug_set_breakpoints   0000000180024270 f   sfc_debug:sfcdebug.obj
 0001:000233d0       sf_debug_set_eml_breakpoints 00000001800243d0 f   sfc_debug:sfcdebug.obj
 0001:00023530       sf_debug_set_script_breakpoints 0000000180024530 f   sfc_debug:sfcdebug.obj
 0001:000235b0       sf_debug_add_script_breakpoints 00000001800245b0 f   sfc_debug:sfcdebug.obj
 0001:00023620       sf_debug_clear_script_breakpoints 0000000180024620 f   sfc_debug:sfcdebug.obj
 0001:00023690       sf_debug_query_script_breakpoints 0000000180024690 f   sfc_debug:sfcdebug.obj
 0001:00023750       sf_debug_get_eml_script_id 0000000180024750 f   sfc_debug:sfcdebug.obj
 0001:000237a0       sf_debug_set_watch         00000001800247a0 f   sfc_debug:sfcdebug.obj
 0001:000239d0       sf_debug_get_instance_handle 00000001800249d0 f   sfc_debug:sfcdebug.obj
 0001:00023a60       sf_debug_get_active_states 0000000180024a60 f   sfc_debug:sfcdebug.obj
 0001:00023a70       sf_debug_get_animation     0000000180024a70 f   sfc_debug:sfcdebug.obj
 0001:00023a80       sf_debug_set_animation     0000000180024a80 f   sfc_debug:sfcdebug.obj
 0001:00023a90       sf_debug_animate           0000000180024a90 f   sfc_debug:sfcdebug.obj
 0001:00023ac0       sf_debug_cycle_detection_check 0000000180024ac0 f   sfc_debug:sfcdebug.obj
 0001:00023ad0       sf_debug_data_range_check  0000000180024ad0 f   sfc_debug:sfcdebug.obj
 0001:00023ae0       sf_debug_transition_conflict_check 0000000180024ae0 f   sfc_debug:sfcdebug.obj
 0001:00023af0       sf_debug_state_consistency_check 0000000180024af0 f   sfc_debug:sfcdebug.obj
 0001:00023b00       sf_debug_data_range_check_enabled 0000000180024b00 f   sfc_debug:sfcdebug.obj
 0001:00023b20       sf_debug_transition_conflict_check_enabled 0000000180024b20 f   sfc_debug:sfcdebug.obj
 0001:00023b40       sf_debug_transition_conflict_check_begin 0000000180024b40 f   sfc_debug:sfcdebug.obj
 0001:00023b60       sf_debug_transition_conflict_check_end 0000000180024b60 f   sfc_debug:sfcdebug.obj
 0001:00023b80       sf_debug_stop_debugging    0000000180024b80 f   sfc_debug:sfcdebug.obj
 0001:00023bb0       sf_debug_is_cycle_detected 0000000180024bb0 f   sfc_debug:sfcdebug.obj
 0001:00023bc0       sf_debug_is_array_bounds_detected 0000000180024bc0 f   sfc_debug:sfcdebug.obj
 0001:00023bd0       sf_debug_get_state_vectors_data_size 0000000180024bd0 f   sfc_debug:sfcdebug.obj
 0001:00023c10       sf_debug_get_state_vectors_data 0000000180024c10 f   sfc_debug:sfcdebug.obj
 0001:00023d10       sf_debug_set_state_vectors_data 0000000180024d10 f   sfc_debug:sfcdebug.obj
 0001:00023fd0       sf_debug_get_script_index  0000000180024fd0 f   sfc_debug:sfcdebug.obj
 0001:00024160       sf_debug_add_script        0000000180025160 f   sfc_debug:sfcdebug.obj
 0001:000242f0       cv_eval_point              00000001800252f0 f   sfc_debug:sfcdebug.obj
 0001:00024460       cv_eval_testobjective      0000000180025460 f   sfc_debug:sfcdebug.obj
 0001:00024580       sf_debug_cv_init_state     0000000180025580 f   sfc_debug:sfcdebug.obj
 0001:000246a0       sf_debug_cv_init_chart     00000001800256a0 f   sfc_debug:sfcdebug.obj
 0001:00024780       sf_debug_cv_init_trans     0000000180025780 f   sfc_debug:sfcdebug.obj
 0001:00024880       sf_debug_cv_init_testobjectives 0000000180025880 f   sfc_debug:sfcdebug.obj
 0001:00024a60       cv_eml_init_script         0000000180025a60 f   sfc_debug:sfcdebug.obj
 0001:00024b60       cv_eml_init_fcn            0000000180025b60 f   sfc_debug:sfcdebug.obj
 0001:00024c10       cv_eml_init_testobjective  0000000180025c10 f   sfc_debug:sfcdebug.obj
 0001:00024ce0       cv_eml_init_if             0000000180025ce0 f   sfc_debug:sfcdebug.obj
 0001:00024db0       cv_eml_init_for            0000000180025db0 f   sfc_debug:sfcdebug.obj
 0001:00024e70       cv_eml_init_while          0000000180025e70 f   sfc_debug:sfcdebug.obj
 0001:00024f30       cv_eml_init_mcdc           0000000180025f30 f   sfc_debug:sfcdebug.obj
 0001:00025040       cv_eml_init_switch         0000000180026040 f   sfc_debug:sfcdebug.obj
 0001:00025130       cv_eml_eval                0000000180026130 f   sfc_debug:sfcdebug.obj
 0001:00025210       sf_debug_bm_is_a_eml_breakpoint 0000000180026210 f   sfc_debug:sfcdebug.obj
 0001:00025360       sf_debug_temporal_threshold 0000000180026360 f   sfc_debug:sfcdebug.obj
 0001:000256c0       sf_debug_transition_conflict_error 00000001800266c0 f   sfc_debug:sfcdebug.obj
 0001:00025a40       sf_debug_state_inconsistency_error 0000000180026a40 f   sfc_debug:sfcdebug.obj
 0001:00025b60       sf_debug_check_for_state_inconsistency 0000000180026b60 f   sfc_debug:sfcdebug.obj
 0001:00025b90       sf_debug_cycle_detecton_error 0000000180026b90 f   sfc_debug:sfcdebug.obj
 0001:00026380       sf_debug_size_eq_check_1d  0000000180027380 f   sfc_debug:sfcdebug.obj
 0001:000263a0       sf_debug_size_eq_check_nd  00000001800273a0 f   sfc_debug:sfcdebug.obj
 0001:00026580       sf_debug_dim_size_eq_check 0000000180027580 f   sfc_debug:sfcdebug.obj
 0001:000265b0       sf_debug_dim_size_geq_check 00000001800275b0 f   sfc_debug:sfcdebug.obj
 0001:000265e0       sf_debug_sub_assign_size_check_nd 00000001800275e0 f   sfc_debug:sfcdebug.obj
 0001:00026820       sf_debug_matrix_matrix_index_check 0000000180027820 f   sfc_debug:sfcdebug.obj
 0001:00026850       sf_debug_vector_vector_index_check 0000000180027850 f   sfc_debug:sfcdebug.obj
 0001:00026880       sf_debug_for_loop_vector_check 0000000180027880 f   sfc_debug:sfcdebug.obj
 0001:00026900       sf_debug_runtime_error_msgid 0000000180027900 f   sfc_debug:sfcdebug.obj
 0001:00026990       sf_debug_data_array_bounds_error_check 0000000180027990 f   sfc_debug:sfcdebug.obj
 0001:00026aa0       sf_debug_eml_data_array_bounds_error_check 0000000180027aa0 f   sfc_debug:sfcdebug.obj
 0001:00026f80       sf_debug_integer_check     0000000180027f80 f   sfc_debug:sfcdebug.obj
 0001:00027060       sf_debug_not_nan_check     0000000180028060 f   sfc_debug:sfcdebug.obj
 0001:00027120       sf_debug_non_negative_check 0000000180028120 f   sfc_debug:sfcdebug.obj
 0001:000271e0       sf_debug_overflow_detection 00000001800281e0 f   sfc_debug:sfcdebug.obj
 0001:000278d0       sf_debug_cast_to_real32_T  00000001800288d0 f   sfc_debug:sfcdebug.obj
 0001:00027990       sf_debug_cast_to_int8_T    0000000180028990 f   sfc_debug:sfcdebug.obj
 0001:00027a50       sf_debug_cast_to_uint8_T   0000000180028a50 f   sfc_debug:sfcdebug.obj
 0001:00027b10       sf_debug_cast_to_int16_T   0000000180028b10 f   sfc_debug:sfcdebug.obj
 0001:00027bd0       sf_debug_cast_to_uint16_T  0000000180028bd0 f   sfc_debug:sfcdebug.obj
 0001:00027c90       sf_debug_cast_to_int32_T   0000000180028c90 f   sfc_debug:sfcdebug.obj
 0001:00027d50       sf_debug_cast_to_uint32_T  0000000180028d50 f   sfc_debug:sfcdebug.obj
 0001:00027e10       sf_debug_data_range_error  0000000180028e10 f   sfc_debug:sfcdebug.obj
 0001:00028160       sf_debug_read_before_write_check 0000000180029160 f   sfc_debug:sfcdebug.obj
 0001:00028550       sf_debug_data_range_error_wrapper_min_max 0000000180029550 f   sfc_debug:sfcdebug.obj
 0001:00028640       sf_debug_data_range_error_wrapper_min 0000000180029640 f   sfc_debug:sfcdebug.obj
 0001:00028720       sf_debug_data_range_error_wrapper_max 0000000180029720 f   sfc_debug:sfcdebug.obj
 0001:00028800       sf_debug_data_range_wrapper 0000000180029800 f   sfc_debug:sfcdebug.obj
 0001:000288b0       sf_debug_set_current_status_info 00000001800298b0 f   sfc_debug:sfcdebug.obj
 0001:00028c60       sf_debug_register_message_post_receive_info 0000000180029c60 f   sfc_debug:sfcdebug.obj
 0001:00028ed0       sf_debug_call              0000000180029ed0 f   sfc_debug:sfcdebug.obj
 0001:00029d90       sf_debug_initialize_machine 000000018002ad90 f   sfc_debug:sfcdebug.obj
 0001:0002a0a0       sf_debug_initialize_chart  000000018002b0a0 f   sfc_debug:sfcdebug.obj
 0001:0002a580       sf_debug_ensure_script     000000018002b580 f   sfc_debug:sfcdebug.obj
 0001:0002a640       cv_script_init_script      000000018002b640 f   sfc_debug:sfcdebug.obj
 0001:0002a720       cv_script_init_fcn         000000018002b720 f   sfc_debug:sfcdebug.obj
 0001:0002a7d0       cv_script_init_testobjective 000000018002b7d0 f   sfc_debug:sfcdebug.obj
 0001:0002a880       cv_script_init_if          000000018002b880 f   sfc_debug:sfcdebug.obj
 0001:0002a930       cv_script_init_for         000000018002b930 f   sfc_debug:sfcdebug.obj
 0001:0002a9e0       cv_script_init_while       000000018002b9e0 f   sfc_debug:sfcdebug.obj
 0001:0002aa90       cv_script_init_mcdc        000000018002ba90 f   sfc_debug:sfcdebug.obj
 0001:0002ab90       cv_script_init_switch      000000018002bb90 f   sfc_debug:sfcdebug.obj
 0001:0002ac70       cv_script_eval             000000018002bc70 f   sfc_debug:sfcdebug.obj
 0001:0002ad50       eml_debug_line_call        000000018002bd50 f   sfc_debug:sfcdebug.obj
 0001:0002af00       sf_debug_terminate         000000018002bf00 f   sfc_debug:sfcdebug.obj
 0001:0002b070       sf_debug_set_script_cv_ids 000000018002c070 f   sfc_debug:sfcdebug.obj
 0001:0002b1a0       sf_debug_api               000000018002c1a0 f   sfc_debug:sfc_api.obj
 0001:0002c980       sf_debug_sm_terminate      000000018002d980 f   sfc_debug:sfdb_animation.obj
 0001:0002cb40       sf_debug_reset_path_objects 000000018002db40 f   sfc_debug:sfdb_animation.obj
 0001:0002cbc0       sf_debug_sm_reset_object_selection_status 000000018002dbc0 f   sfc_debug:sfdb_animation.obj
 0001:0002cc60       sf_debug_sm_reset_state_buffer 000000018002dc60 f   sfc_debug:sfdb_animation.obj
 0001:0002cd30       sf_debug_sm_store_state_buffer 000000018002dd30 f   sfc_debug:sfdb_animation.obj
 0001:0002cdb0       sf_debug_sm_restore_state_buffer1 000000018002ddb0 f   sfc_debug:sfdb_animation.obj
 0001:0002ce20       sf_debug_sm_restore_state_buffer2 000000018002de20 f   sfc_debug:sfdb_animation.obj
 0001:0002ce90       sf_debug_sm_chart_active   000000018002de90 f   sfc_debug:sfdb_animation.obj
 0001:0002cee0       sf_debug_sm_select_active_objects 000000018002dee0 f   sfc_debug:sfdb_animation.obj
 0001:0002d390       sf_debug_sm_is_chart_active 000000018002e390 f   sfc_debug:sfdb_animation.obj
 0001:0002d3d0       sf_debug_sm_is_state_active 000000018002e3d0 f   sfc_debug:sfdb_animation.obj
 0001:0002d610       sf_debug_sm_get_active_states 000000018002e610 f   sfc_debug:sfdb_animation.obj
 0001:0002dbd0       sf_debug_sm_initialize_instance 000000018002ebd0 f   sfc_debug:sfdb_animation.obj
 0001:0002de20       sf_debug_sm_change_object_selection_status 000000018002ee20 f   sfc_debug:sfdb_animation.obj
 0001:0002e110       cv_create_interface        000000018002f110 f   sfc_debug:cv_sfinterface.obj
 0001:0002e470       cv_init_trans              000000018002f470 f   sfc_debug:cv_sfinterface.obj
 0001:0002e4c0       cv_init_testobjective      000000018002f4c0 f   sfc_debug:cv_sfinterface.obj
 0001:0002e500       cv_init_state              000000018002f500 f   sfc_debug:cv_sfinterface.obj
 0001:0002e570       cv_init_chart              000000018002f570 f   sfc_debug:cv_sfinterface.obj
 0001:0002e5c0       cv_dec_update_call         000000018002f5c0 f   sfc_debug:cv_sfinterface.obj
 0001:0002e600       cv_cond_update_call        000000018002f600 f   sfc_debug:cv_sfinterface.obj
 0001:0002e640       cv_testobjective_update_call 000000018002f640 f   sfc_debug:cv_sfinterface.obj
 0001:0002e680       cv_sigrange_update         000000018002f680 f   sfc_debug:cv_sfinterface.obj
 0001:0002e6c0       cvsf_eml_eval              000000018002f6c0 f   sfc_debug:cv_sfinterface.obj
 0001:0002e7a0       cvsf_eml_init_script       000000018002f7a0 f   sfc_debug:cv_sfinterface.obj
 0001:0002e820       cvsf_eml_init_fcn          000000018002f820 f   sfc_debug:cv_sfinterface.obj
 0001:0002e880       cvsf_eml_init_testobjective 000000018002f880 f   sfc_debug:cv_sfinterface.obj
 0001:0002e8e0       cvsf_eml_init_if           000000018002f8e0 f   sfc_debug:cv_sfinterface.obj
 0001:0002e940       cvsf_eml_init_for          000000018002f940 f   sfc_debug:cv_sfinterface.obj
 0001:0002e990       cvsf_eml_init_while        000000018002f990 f   sfc_debug:cv_sfinterface.obj
 0001:0002e9e0       cvsf_eml_init_mcdc         000000018002f9e0 f   sfc_debug:cv_sfinterface.obj
 0001:0002ea70       cvsf_eml_init_switch       000000018002fa70 f   sfc_debug:cv_sfinterface.obj
 0001:0002eae0       cvsf_script_eval           000000018002fae0 f   sfc_debug:cv_sfinterface.obj
 0001:0002ebc0       cvsf_script_init_script    000000018002fbc0 f   sfc_debug:cv_sfinterface.obj
 0001:0002ec40       cvsf_script_init_fcn       000000018002fc40 f   sfc_debug:cv_sfinterface.obj
 0001:0002eca0       cvsf_script_init_testobjective 000000018002fca0 f   sfc_debug:cv_sfinterface.obj
 0001:0002ed00       cvsf_script_init_if        000000018002fd00 f   sfc_debug:cv_sfinterface.obj
 0001:0002ed60       cvsf_script_init_for       000000018002fd60 f   sfc_debug:cv_sfinterface.obj
 0001:0002edb0       cvsf_script_init_while     000000018002fdb0 f   sfc_debug:cv_sfinterface.obj
 0001:0002ee00       cvsf_script_init_mcdc      000000018002fe00 f   sfc_debug:cv_sfinterface.obj
 0001:0002ee90       cvsf_script_init_switch    000000018002fe90 f   sfc_debug:cv_sfinterface.obj
 0001:0002ef00       cv_destroy_interface       000000018002ff00 f   sfc_debug:cv_sfinterface.obj
 0001:0002ef20       cv_create_instance_objects 000000018002ff20 f   sfc_debug:cv_sfinterface.obj
 0001:0002f3d0       cv_is_enabled              00000001800303d0 f   sfc_debug:cv_sfinterface.obj
 0001:0002f3e0       sf_debug_cv_initialize_script 00000001800303e0 f   sfc_debug:cv_sfinterface.obj
 0001:0002f590       sf_debug_cv_initialize_instance 0000000180030590 f   sfc_debug:cv_sfinterface.obj
 0001:0002f930       sf_debug_cv_terminate_chart 0000000180030930 f   sfc_debug:cv_sfinterface.obj
 0001:0002fa70       cv_call_trans_test         0000000180030a70 f   sfc_debug:cv_sfinterface.obj
 0001:0002fa80       cv_call_sub_cond_test      0000000180030a80 f   sfc_debug:cv_sfinterface.obj
 0001:0002fac0       sf_debug_st_initialize_machine 0000000180030ac0 f   sfc_debug:sfdb_data_browse.obj
 0001:0002fb80       sf_debug_st_initialize_instance 0000000180030b80 f   sfc_debug:sfdb_data_browse.obj
 0001:0002fdb0       sf_debug_st_terminate      0000000180030db0 f   sfc_debug:sfdb_data_browse.obj
 0001:00030150       sf_debug_st_set_data_value_ptr_in_machine 0000000180031150 f   sfc_debug:sfdb_data_browse.obj
 0001:000301e0       sf_debug_st_set_data_value_ptr_in_instance 00000001800311e0 f   sfc_debug:sfdb_data_browse.obj
 0001:000302c0       sf_debug_st_unset_data_value_ptr_in_machine 00000001800312c0 f   sfc_debug:sfdb_data_browse.obj
 0001:00030330       sf_debug_st_unset_data_value_ptr_in_instance 0000000180031330 f   sfc_debug:sfdb_data_browse.obj
 0001:00030640       sf_debug_mx_value          0000000180031640 f   sfc_debug:sfdb_data_browse.obj
 0001:000306a0       sf_debug_mx_packed_vector  00000001800316a0 f   sfc_debug:sfdb_data_browse.obj
 0001:00030780       sf_debug_mx_uint_vector    0000000180031780 f   sfc_debug:sfdb_data_browse.obj
 0001:00030840       sf_debug_st_get_double_value_from_void_ptr_vector 0000000180031840 f   sfc_debug:sfdb_data_browse.obj
 0001:00031330       sf_debug_st_browse_data    0000000180032330 f   sfc_debug:sfdb_data_browse.obj
 0001:00031bc0       sf_debug_hm_initialize_instance 0000000180032bc0 f   sfc_debug:sfdb_handle_management.obj
 0001:00032140       sf_debug_hm_get_object_id  0000000180033140 f   sfc_debug:sfdb_handle_management.obj
 0001:000340b0       sf_debug_object_is_eml_function 00000001800350b0 f   sfc_debug:sfdb_handle_management.obj
 0001:00034120       sf_debug_hm_initialize_ids_in_machine 0000000180035120 f   sfc_debug:sfdb_handle_management.obj
 0001:00034290       sf_debug_hm_initialize_ids_in_chart 0000000180035290 f   sfc_debug:sfdb_handle_management.obj
 0001:000343d0       sf_debug_hm_initialize_chart 00000001800353d0 f   sfc_debug:sfdb_handle_management.obj
 0001:00034b80       sf_debug_hm_terminate      0000000180035b80 f   sfc_debug:sfdb_handle_management.obj
 0001:00034be0       sf_debug_hm_initialize_machine 0000000180035be0 f   sfc_debug:sfdb_handle_management.obj
 0001:00035390       sf_debug_ss_initialize     0000000180036390 f   sfc_debug:sfdb_symbol_scope.obj
 0001:000353b0       sf_debug_ss_terminate      00000001800363b0 f   sfc_debug:sfdb_symbol_scope.obj
 0001:00035440       sf_debug_ss_push_symbol_scope 0000000180036440 f   sfc_debug:sfdb_symbol_scope.obj
 0001:00035540       sf_debug_ss_push_symbol_scope_eml 0000000180036540 f   sfc_debug:sfdb_symbol_scope.obj
 0001:000355a0       sf_debug_ss_pop_symbol_scope 00000001800365a0 f   sfc_debug:sfdb_symbol_scope.obj
 0001:00035650       sf_debug_ss_add_symbol     0000000180036650 f   sfc_debug:sfdb_symbol_scope.obj
 0001:000357b0       sf_debug_ss_add_symbol_eml 00000001800367b0 f   sfc_debug:sfdb_symbol_scope.obj
 0001:00036490       sf_debug_ss_set_data_value 0000000180037490 f   sfc_debug:sfdb_symbol_scope.obj
 0001:00036930       sf_debug_ss_watch_data     0000000180037930 f   sfc_debug:sfdb_symbol_scope.obj
 0001:000369d0       sf_debug_ss_assign_data    00000001800379d0 f   sfc_debug:sfdb_symbol_scope.obj
 0001:000373d0       get_data_entry_name        00000001800383d0 f   sfc_debug:sfdb_symbol_scope.obj
 0001:00037420       sf_debug_ss_whos           0000000180038420 f   sfc_debug:sfdb_symbol_scope.obj
 0001:00037b30       sf_debug_cc_initialize_chart 0000000180038b30 f   sfc_debug:sfdb_coverage.obj
 0001:00038520       sf_debug_cc_initialize_instance 0000000180039520 f   sfc_debug:sfdb_coverage.obj
 0001:00039320       sf_debug_cc_terminate      000000018003a320 f   sfc_debug:sfdb_coverage.obj
 0001:00039410       sf_debug_cc_set_transition_maps 000000018003a410 f   sfc_debug:sfdb_coverage.obj
 0001:00039540       sf_debug_cc_set_state_maps 000000018003a540 f   sfc_debug:sfdb_coverage.obj
 0001:00039620       sf_debug_cc_set_transition_weights 000000018003a620 f   sfc_debug:sfdb_coverage.obj
 0001:000398f0       sf_debug_cc_set_state_weights 000000018003a8f0 f   sfc_debug:sfdb_coverage.obj
 0001:00039bc0       sf_debug_cc_mark_transition_guard 000000018003abc0 f   sfc_debug:sfdb_coverage.obj
 0001:00039c50       sf_debug_cc_mark_transition_trigger 000000018003ac50 f   sfc_debug:sfdb_coverage.obj
 0001:00039ce0       sf_debug_cc_mark_transition_decision 000000018003ace0 f   sfc_debug:sfdb_coverage.obj
 0001:00039d50       sf_debug_cc_mark_transition_condition_action 000000018003ad50 f   sfc_debug:sfdb_coverage.obj
 0001:00039da0       sf_debug_cc_mark_transition_transition_action 000000018003ada0 f   sfc_debug:sfdb_coverage.obj
 0001:00039df0       sf_debug_cc_mark_state_entry 000000018003adf0 f   sfc_debug:sfdb_coverage.obj
 0001:00039e40       sf_debug_cc_mark_state_during 000000018003ae40 f   sfc_debug:sfdb_coverage.obj
 0001:00039e90       sf_debug_cc_mark_state_exit 000000018003ae90 f   sfc_debug:sfdb_coverage.obj
 0001:00039ee0       sf_debug_bm_clear_script_breakpoints 000000018003aee0 f   sfc_debug:sfdb_breakpoints.obj
 0001:00039f10       sf_debug_bm_set_script_breakpoint 000000018003af10 f   sfc_debug:sfdb_breakpoints.obj
 0001:00039f90       sf_debug_bm_clear_single_script_breakpoint 000000018003af90 f   sfc_debug:sfdb_breakpoints.obj
 0001:0003a010       sf_debug_bm_query_script_breakpoint 000000018003b010 f   sfc_debug:sfdb_breakpoints.obj
 0001:0003a060       sf_debug_bm_initialize_scripts 000000018003b060 f   sfc_debug:sfdb_breakpoints.obj
 0001:0003a780       sf_debug_bm_terminate      000000018003b780 f   sfc_debug:sfdb_breakpoints.obj
 0001:0003aa70       sf_debug_bm_remove_all_breakpoints_in_machine 000000018003ba70 f   sfc_debug:sfdb_breakpoints.obj
 0001:0003aae0       sf_debug_bm_remove_all_breakpoints_in_chart 000000018003bae0 f   sfc_debug:sfdb_breakpoints.obj
 0001:0003ac30       sf_debug_bm_initialize_global_breakpoints 000000018003bc30 f   sfc_debug:sfdb_breakpoints.obj
 0001:0003adb0       sf_debug_bm_set_breakpoint 000000018003bdb0 f   sfc_debug:sfdb_breakpoints.obj
 0001:0003b3e0       sf_debug_bm_set_eml_breakpoint 000000018003c3e0 f   sfc_debug:sfdb_breakpoints.obj
 0001:0003b480       sf_debug_bm_initialize_machine_breakpoint_map 000000018003c480 f   sfc_debug:sfdb_breakpoints.obj
 0001:0003b8a0       sf_debug_bm_is_a_breakpoint 000000018003c8a0 f   sfc_debug:sfdb_breakpoints.obj
 0001:0003bdc0       sf_debug_bm_get_all_breakpoints_in_machine 000000018003cdc0 f   sfc_debug:sfdb_breakpoints.obj
 0001:0003c0c0       sf_debug_bm_get_all_breakpoints_in_chart 000000018003d0c0 f   sfc_debug:sfdb_breakpoints.obj
 0001:0003cd80       sf_debug_bm_initialize_machine 000000018003dd80 f   sfc_debug:sfdb_breakpoints.obj
 0001:0003ce50       sf_debug_bm_initialize_chart 000000018003de50 f   sfc_debug:sfdb_breakpoints.obj
 0001:0003d270       sf_debug_sc_terminate      000000018003e270 f   sfc_debug:sfdb_state_consistency.obj
 0001:0003d5a0       sf_debug_sc_is_chart_consistent 000000018003e5a0 f   sfc_debug:sfdb_state_consistency.obj
 0001:0003d850       sf_debug_sc_get_consistency_error_info 000000018003e850 f   sfc_debug:sfdb_state_consistency.obj
 0001:0003dca0       sf_debug_tm_terminate      000000018003eca0 f   sfc_debug:sfdb_call_stack.obj
 0001:0003dd60       sf_debug_tm_push_chart_instance 000000018003ed60 f   sfc_debug:sfdb_call_stack.obj
 0001:0003deb0       sf_debug_tm_pop_chart_instance 000000018003eeb0 f   sfc_debug:sfdb_call_stack.obj
 0001:0003df10       sf_debug_tm_push_trace_node 000000018003ef10 f   sfc_debug:sfdb_call_stack.obj
 0001:0003e0a0       sf_debug_tm_pop_trace_node 000000018003f0a0 f   sfc_debug:sfdb_call_stack.obj
 0001:0003e120       sf_debug_tm_get_current_global_trace_index 000000018003f120 f   sfc_debug:sfdb_call_stack.obj
 0001:0003e130       sf_debug_tm_get_current_local_trace_index 000000018003f130 f   sfc_debug:sfdb_call_stack.obj
 0001:0003e160       sf_debug_tm_set_cycle_detected_flag 000000018003f160 f   sfc_debug:sfdb_call_stack.obj
 0001:0003e1a0       sf_debug_tm_set_cycle_started_flag 000000018003f1a0 f   sfc_debug:sfdb_call_stack.obj
 0001:0003e1e0       sf_debug_tm_get_chart_number_from_stack 000000018003f1e0 f   sfc_debug:sfdb_call_stack.obj
 0001:0003e3e0       sf_debug_tm_browse_trace   000000018003f3e0 f   sfc_debug:sfdb_call_stack.obj
 0001:0003e720       sf_debug_cd_initialize_instance 000000018003f720 f   sfc_debug:sfdb_cycle_detection.obj
 0001:0003e9d0       sf_debug_cd_mark_processed_transition_in_instance 000000018003f9d0 f   sfc_debug:sfdb_cycle_detection.obj
 0001:0003ea70       sf_debug_cd_checksum_push  000000018003fa70 f   sfc_debug:sfdb_cycle_detection.obj
 0001:0003ed30       sf_debug_cd_checksum_pop   000000018003fd30 f   sfc_debug:sfdb_cycle_detection.obj
 0001:0003eda0       sf_debug_cd_turn_off_cycle_detection 000000018003fda0 f   sfc_debug:sfdb_cycle_detection.obj
 0001:0003edf0       sf_debug_cd_terminate      000000018003fdf0 f   sfc_debug:sfdb_cycle_detection.obj
 0001:0003f030       md5_initialize_state       0000000180040030 f   sfc_debug:ckmd5.obj
 0001:0003faa0       md5_update_state           0000000180040aa0 f   sfc_debug:ckmd5.obj
 0001:0003fac0       md5_get_hash               0000000180040ac0 f   sfc_debug:ckmd5.obj
 0001:0003faf0       md5_get_hash_for_a_single_string 0000000180040af0 f   sfc_debug:ckmd5.obj
 0001:0003fb54       mxGetPr                    0000000180040b54 f   libmx:libmx.dll
 0001:0003fb5a       mxCreateDoubleScalar       0000000180040b5a f   libmx:libmx.dll
 0001:0003fb60       mxCreateDoubleMatrix_730   0000000180040b60 f   libmx:libmx.dll
 0001:0003fb66       mxSetField_730             0000000180040b66 f   libmx:libmx.dll
 0001:0003fb6c       mxCreateString             0000000180040b6c f   libmx:libmx.dll
 0001:0003fb72       mxCreateStructMatrix_730   0000000180040b72 f   libmx:libmx.dll
 0001:0003fb78       mxDestroyArray             0000000180040b78 f   libmx:libmx.dll
 0001:0003fb7e       mxDuplicateArray           0000000180040b7e f   libmx:libmx.dll
 0001:0003fb84       mxGetString_730            0000000180040b84 f   libmx:libmx.dll
 0001:0003fb8a       mxIsChar                   0000000180040b8a f   libmx:libmx.dll
 0001:0003fb90       mxGetClassID               0000000180040b90 f   libmx:libmx.dll
 0001:0003fb96       mxIsNumeric                0000000180040b96 f   libmx:libmx.dll
 0001:0003fb9c       mxIsComplex                0000000180040b9c f   libmx:libmx.dll
 0001:0003fba2       mxGetN                     0000000180040ba2 f   libmx:libmx.dll
 0001:0003fba8       mxGetM                     0000000180040ba8 f   libmx:libmx.dll
 0001:0003fbae       mxCalloc                   0000000180040bae f   libmx:libmx.dll
 0001:0003fbb4       mxGetScalar                0000000180040bb4 f   libmx:libmx.dll
 0001:0003fbba       mxIsLogical                0000000180040bba f   libmx:libmx.dll
 0001:0003fbc0       mxCreateDoubleMatrix_700   0000000180040bc0 f   libmx:libmx.dll
 0001:0003fbc6       mxFree                     0000000180040bc6 f   libmx:libmx.dll
 0001:0003fbcc       mxArrayToString            0000000180040bcc f   libmx:libmx.dll
 0001:0003fbd2       mxCreateCellMatrix_700     0000000180040bd2 f   libmx:libmx.dll
 0001:0003fbd8       mxSetCell_700              0000000180040bd8 f   libmx:libmx.dll
 0001:0003fbde       mxGetCell_700              0000000180040bde f   libmx:libmx.dll
 0001:0003fbe4       mxGetClassName             0000000180040be4 f   libmx:libmx.dll
 0001:0003fbea       mxSetField_700             0000000180040bea f   libmx:libmx.dll
 0001:0003fbf0       mxAddField                 0000000180040bf0 f   libmx:libmx.dll
 0001:0003fbf6       mxGetField_700             0000000180040bf6 f   libmx:libmx.dll
 0001:0003fbfc       mxGetNumberOfElements      0000000180040bfc f   libmx:libmx.dll
 0001:0003fc02       mxIsStruct                 0000000180040c02 f   libmx:libmx.dll
 0001:0003fc08       mxIsA                      0000000180040c08 f   libmx:libmx.dll
 0001:0003fc0e       mxIsClass                  0000000180040c0e f   libmx:libmx.dll
 0001:0003fc14       mxGetLogicals              0000000180040c14 f   libmx:libmx.dll
 0001:0003fc1a       mxIsSparse                 0000000180040c1a f   libmx:libmx.dll
 0001:0003fc20       mxSetFieldByNumber_700     0000000180040c20 f   libmx:libmx.dll
 0001:0003fc26       mxGetFieldByNumber_700     0000000180040c26 f   libmx:libmx.dll
 0001:0003fc2c       mxGetFieldNameByNumber     0000000180040c2c f   libmx:libmx.dll
 0001:0003fc32       mxGetNumberOfFields        0000000180040c32 f   libmx:libmx.dll
 0001:0003fc38       mxCreateStructMatrix_700   0000000180040c38 f   libmx:libmx.dll
 0001:0003fc3e       mxGetFieldNumber           0000000180040c3e f   libmx:libmx.dll
 0001:0003fc44       mxIsNaN                    0000000180040c44 f   libmx:libmx.dll
 0001:0003fc4a       mxIsEmpty                  0000000180040c4a f   libmx:libmx.dll
 0001:0003fc50       mxGetData                  0000000180040c50 f   libmx:libmx.dll
 0001:0003fc56       mxGetImagData              0000000180040c56 f   libmx:libmx.dll
 0001:0003fc5c       mxArrayClassIDName         0000000180040c5c f   libmx:libmx.dll
 0001:0003fc62       mxCreateNumericMatrix_700  0000000180040c62 f   libmx:libmx.dll
 0001:0003fc68       mxCreateStructArray_700    0000000180040c68 f   libmx:libmx.dll
 0001:0003fc6e       mxCalcSingleSubscript_700  0000000180040c6e f   libmx:libmx.dll
 0001:0003fc74       mxGetDimensions_700        0000000180040c74 f   libmx:libmx.dll
 0001:0003fc7a       mxGetNumberOfDimensions_700 0000000180040c7a f   libmx:libmx.dll
 0001:0003fc80       mxCreateNumericArray_700   0000000180040c80 f   libmx:libmx.dll
 0001:0003fc86       mxGetElementSize           0000000180040c86 f   libmx:libmx.dll
 0001:0003fc8c       mxCreateStringFromNChars_700 0000000180040c8c f   libmx:libmx.dll
 0001:0003fc92       mxGetString_700            0000000180040c92 f   libmx:libmx.dll
 0001:0003fc98       mxIsLogicalScalarTrue      0000000180040c98 f   libmx:libmx.dll
 0001:0003fc9e       mxCreateLogicalScalar      0000000180040c9e f   libmx:libmx.dll
 0001:0003fca4       mexUnlock                  0000000180040ca4 f   libmex:libmex.dll
 0001:0003fcaa       mexIsLocked                0000000180040caa f   libmex:libmex.dll
 0001:0003fcb0       mexWarnMsgTxt              0000000180040cb0 f   libmex:libmex.dll
 0001:0003fcb6       mexCallMATLAB              0000000180040cb6 f   libmex:libmex.dll
 0001:0003fcbc       mexErrMsgTxt               0000000180040cbc f   libmex:libmex.dll
 0001:0003fcc2       mexMakeArrayPersistent     0000000180040cc2 f   libmex:libmex.dll
 0001:0003fcc8       mexSetTrapFlag             0000000180040cc8 f   libmex:libmex.dll
 0001:0003fcce       mexPutVariable             0000000180040cce f   libmex:libmex.dll
 0001:0003fcd4       mexGetVariable             0000000180040cd4 f   libmex:libmex.dll
 0001:0003fcda       mexLock                    0000000180040cda f   libmex:libmex.dll
 0001:0003fce0       mexMakeMemoryPersistent    0000000180040ce0 f   libmex:libmex.dll
 0001:0003fce6       mexFunctionName            0000000180040ce6 f   libmex:libmex.dll
 0001:0003fcec       ssRegisterDataTypeFxpFSlopeFixExpBias 0000000180040cec f   libfixedpoint:libfixedpoint.dll
 0001:0003fcf2       utVSNprintf                0000000180040cf2 f   libut:libut.dll
 0001:0003fcf8       utCPUtime                  0000000180040cf8 f   libut:libut.dll
 0001:0003fcfe       utFree                     0000000180040cfe f   libut:libut.dll
 0001:0003fd04       utMalloc                   0000000180040d04 f   libut:libut.dll
 0001:0003fd0a       muDoubleScalarAtan2        0000000180040d0a f   libmwmathutil:libmwmathutil.dll
 0001:0003fd10       emlrtCheckBuiltInCtxR2011a 0000000180040d10 f   libemlrt:libemlrt.dll
 0001:0003fd16       emlrtCheckVsBuiltInCtxR2011a 0000000180040d16 f   libemlrt:libemlrt.dll
 0001:0003fd1c       emlrtCheckEnumR2009a       0000000180040d1c f   libemlrt:libemlrt.dll
 0001:0003fd22       emlrtCreateEnumR2010a      0000000180040d22 f   libemlrt:libemlrt.dll
 0001:0003fd28       emlrtGetEnumElementR2009a  0000000180040d28 f   libemlrt:libemlrt.dll
 0001:0003fd2e       emlrtCreateReference       0000000180040d2e f   libemlrt:libemlrt.dll
 0001:0003fd34       emlrtImportVsFiArrayR2009b 0000000180040d34 f   libemlrt:libemlrt.dll
 0001:0003fd3a       emlrtNameCapturePostProcessR2012a 0000000180040d3a f   libemlrt:libemlrt.dll
 0001:0003fd40       emlrtExtractMessageId      0000000180040d40 f   libemlrt:libemlrt.dll
 0001:0003fd46       emlrtTranslateMessageIDtoLCPstring 0000000180040d46 f   libemlrt:libemlrt.dll
 0001:0003fd4c       emlrtForLoopVectorIsValidR2011b 0000000180040d4c f   libemlrt:libemlrt.dll
 0001:0003fd52       emlrtTranslateUTF16MessagetoLCPstring 0000000180040d52 f   libemlrt:libemlrt.dll
 0001:0003fd58       emlrtGetEnumUnderlyingArrayR2009a 0000000180040d58 f   libemlrt:libemlrt.dll
 0001:0003fd5e       emlrtIsEnumR2009a          0000000180040d5e f   libemlrt:libemlrt.dll
 0001:0003fd64       __GSHandlerCheckCommon     0000000180040d64 f   MSVCRT:gshandler.obj
 0001:0003fdc8       __GSHandlerCheck           0000000180040dc8 f   MSVCRT:gshandler.obj
 0001:0003fde6       strlen                     0000000180040de6 f   MSVCRT:MSVCR100.dll
 0001:0003fe00       __security_check_cookie    0000000180040e00 f   MSVCRT:amdsecgs.obj
 0001:0003fe20       memset                     0000000180040e20 f   MSVCRT:MSVCR100.dll
 0001:0003fe26       malloc                     0000000180040e26 f   MSVCRT:MSVCR100.dll
 0001:0003fe2c       free                       0000000180040e2c f   MSVCRT:MSVCR100.dll
 0001:0003fe32       strcmp                     0000000180040e32 f   MSVCRT:MSVCR100.dll
 0001:0003fe38       sprintf                    0000000180040e38 f   MSVCRT:MSVCR100.dll
 0001:0003fe3e       strcat                     0000000180040e3e f   MSVCRT:MSVCR100.dll
 0001:0003fe44       memcpy                     0000000180040e44 f   MSVCRT:MSVCR100.dll
 0001:0003fe4c       NtCurrentTeb               0000000180040e4c f i MSVCRT:crtdll.obj
 0001:0003feb8       _CRT_INIT                  0000000180040eb8 f   MSVCRT:crtdll.obj
 0001:00040250       _DllMainCRTStartup         0000000180041250 f   MSVCRT:crtdll.obj
 0001:0004028e       strncpy                    000000018004128e f   MSVCRT:MSVCR100.dll
 0001:000402b0       __chkstk                   00000001800412b0 f   MSVCRT:chkstk.obj
 0001:000402b0       _alloca_probe              00000001800412b0     MSVCRT:chkstk.obj
 0001:000402fe       longjmp                    00000001800412fe f   MSVCRT:MSVCR100.dll
 0001:00040304       strncmp                    0000000180041304 f   MSVCRT:MSVCR100.dll
 0001:0004030a       ceil                       000000018004130a f   MSVCRT:MSVCR100.dll
 0001:00040310       strrchr                    0000000180041310 f   MSVCRT:MSVCR100.dll
 0001:00040316       _setjmp                    0000000180041316 f   MSVCRT:MSVCR100.dll
 0001:0004031c       calloc                     000000018004131c f   MSVCRT:MSVCR100.dll
 0001:00040322       realloc                    0000000180041322 f   MSVCRT:MSVCR100.dll
 0001:00040328       ldexp                      0000000180041328 f   MSVCRT:MSVCR100.dll
 0001:00040330       __report_gsfailure         0000000180041330 f   MSVCRT:gs_report.obj
 0001:0004047c       __clean_type_info_names    000000018004147c f   MSVCRT:tncleanup.obj
 0001:00040488       _onexit                    0000000180041488 f   MSVCRT:atonexit.obj
 0001:00040538       atexit                     0000000180041538 f   MSVCRT:atonexit.obj
 0001:00040550       _RTC_Initialize            0000000180041550 f   MSVCRT:_initsect_.obj
 0001:00040588       _RTC_Terminate             0000000180041588 f   MSVCRT:_initsect_.obj
 0001:000405c0       _malloc_crt                00000001800415c0 f   MSVCRT:MSVCR100.dll
 0001:000405d0       _ValidateImageBase         00000001800415d0 f   MSVCRT:pesect.obj
 0001:00040600       _FindPESection             0000000180041600 f   MSVCRT:pesect.obj
 0001:00040650       _IsNonwritableInCurrentImage 0000000180041650 f   MSVCRT:pesect.obj
 0001:00040692       _initterm                  0000000180041692 f   MSVCRT:MSVCR100.dll
 0001:00040698       _initterm_e                0000000180041698 f   MSVCRT:MSVCR100.dll
 0001:0004069e       _encoded_null              000000018004169e f   MSVCRT:MSVCR100.dll
 0001:000406a4       _amsg_exit                 00000001800416a4 f   MSVCRT:MSVCR100.dll
 0001:000406aa       __C_specific_handler       00000001800416aa f   MSVCRT:MSVCR100.dll
 0001:000406b0       __CppXcptFilter            00000001800416b0 f   MSVCRT:MSVCR100.dll
 0001:000406b8       DllMain                    00000001800416b8 f   MSVCRT:dllmain.obj
 0001:000406dc       __security_init_cookie     00000001800416dc f   MSVCRT:gs_support.obj
 0001:00040790       __crt_debugger_hook        0000000180041790 f   MSVCRT:MSVCR100.dll
 0001:00040796       __clean_type_info_names_internal 0000000180041796 f   MSVCRT:MSVCR100.dll
 0001:0004079c       _unlock                    000000018004179c f   MSVCRT:MSVCR100.dll
 0001:000407a2       __dllonexit                00000001800417a2 f   MSVCRT:MSVCR100.dll
 0001:000407a8       _lock                      00000001800417a8 f   MSVCRT:MSVCR100.dll
 0001:000407ae       EncodePointer              00000001800417ae f   kernel32:KERNEL32.dll
 0001:000407b4       DecodePointer              00000001800417b4 f   kernel32:KERNEL32.dll
 0001:000407ba       Sleep                      00000001800417ba f   kernel32:KERNEL32.dll
 0001:000407c0       TerminateProcess           00000001800417c0 f   kernel32:KERNEL32.dll
 0001:000407c6       GetCurrentProcess          00000001800417c6 f   kernel32:KERNEL32.dll
 0001:000407cc       UnhandledExceptionFilter   00000001800417cc f   kernel32:KERNEL32.dll
 0001:000407d2       SetUnhandledExceptionFilter 00000001800417d2 f   kernel32:KERNEL32.dll
 0001:000407d8       IsDebuggerPresent          00000001800417d8 f   kernel32:KERNEL32.dll
 0001:000407de       RtlVirtualUnwind           00000001800417de f   kernel32:KERNEL32.dll
 0001:000407e4       RtlLookupFunctionEntry     00000001800417e4 f   kernel32:KERNEL32.dll
 0001:000407ea       RtlCaptureContext          00000001800417ea f   kernel32:KERNEL32.dll
 0001:000407f0       DisableThreadLibraryCalls  00000001800417f0 f   kernel32:KERNEL32.dll
 0001:000407f6       QueryPerformanceCounter    00000001800417f6 f   kernel32:KERNEL32.dll
 0001:000407fc       GetTickCount               00000001800417fc f   kernel32:KERNEL32.dll
 0001:00040802       GetCurrentThreadId         0000000180041802 f   kernel32:KERNEL32.dll
 0001:00040808       GetCurrentProcessId        0000000180041808 f   kernel32:KERNEL32.dll
 0001:0004080e       GetSystemTimeAsFileTime    000000018004180e f   kernel32:KERNEL32.dll
 0002:00000000       __imp_GetSystemTimeAsFileTime 0000000180042000     kernel32:KERNEL32.dll
 0002:00000008       __imp_GetCurrentProcessId  0000000180042008     kernel32:KERNEL32.dll
 0002:00000010       __imp_GetCurrentThreadId   0000000180042010     kernel32:KERNEL32.dll
 0002:00000018       __imp_GetTickCount         0000000180042018     kernel32:KERNEL32.dll
 0002:00000020       __imp_QueryPerformanceCounter 0000000180042020     kernel32:KERNEL32.dll
 0002:00000028       __imp_DisableThreadLibraryCalls 0000000180042028     kernel32:KERNEL32.dll
 0002:00000030       __imp_RtlCaptureContext    0000000180042030     kernel32:KERNEL32.dll
 0002:00000038       __imp_RtlLookupFunctionEntry 0000000180042038     kernel32:KERNEL32.dll
 0002:00000040       __imp_RtlVirtualUnwind     0000000180042040     kernel32:KERNEL32.dll
 0002:00000048       __imp_IsDebuggerPresent    0000000180042048     kernel32:KERNEL32.dll
 0002:00000050       __imp_SetUnhandledExceptionFilter 0000000180042050     kernel32:KERNEL32.dll
 0002:00000058       __imp_UnhandledExceptionFilter 0000000180042058     kernel32:KERNEL32.dll
 0002:00000060       __imp_GetCurrentProcess    0000000180042060     kernel32:KERNEL32.dll
 0002:00000068       __imp_TerminateProcess     0000000180042068     kernel32:KERNEL32.dll
 0002:00000070       __imp_Sleep                0000000180042070     kernel32:KERNEL32.dll
 0002:00000078       __imp_DecodePointer        0000000180042078     kernel32:KERNEL32.dll
 0002:00000080       __imp_EncodePointer        0000000180042080     kernel32:KERNEL32.dll
 0002:00000088       \177KERNEL32_NULL_THUNK_DATA 0000000180042088     kernel32:KERNEL32.dll
 0002:00000090       __imp__onexit              0000000180042090     MSVCRT:MSVCR100.dll
 0002:00000098       __imp__lock                0000000180042098     MSVCRT:MSVCR100.dll
 0002:000000a0       __imp___dllonexit          00000001800420a0     MSVCRT:MSVCR100.dll
 0002:000000a8       __imp__unlock              00000001800420a8     MSVCRT:MSVCR100.dll
 0002:000000b0       __imp___clean_type_info_names_internal 00000001800420b0     MSVCRT:MSVCR100.dll
 0002:000000b8       __imp___crt_debugger_hook  00000001800420b8     MSVCRT:MSVCR100.dll
 0002:000000c0       __imp___CppXcptFilter      00000001800420c0     MSVCRT:MSVCR100.dll
 0002:000000c8       __imp___C_specific_handler 00000001800420c8     MSVCRT:MSVCR100.dll
 0002:000000d0       __imp__amsg_exit           00000001800420d0     MSVCRT:MSVCR100.dll
 0002:000000d8       __imp__encoded_null        00000001800420d8     MSVCRT:MSVCR100.dll
 0002:000000e0       __imp__initterm_e          00000001800420e0     MSVCRT:MSVCR100.dll
 0002:000000e8       __imp__initterm            00000001800420e8     MSVCRT:MSVCR100.dll
 0002:000000f0       __imp__malloc_crt          00000001800420f0     MSVCRT:MSVCR100.dll
 0002:000000f8       __imp_ldexp                00000001800420f8     MSVCRT:MSVCR100.dll
 0002:00000100       __imp_realloc              0000000180042100     MSVCRT:MSVCR100.dll
 0002:00000108       __imp_calloc               0000000180042108     MSVCRT:MSVCR100.dll
 0002:00000110       __imp__setjmp              0000000180042110     MSVCRT:MSVCR100.dll
 0002:00000118       __imp_strrchr              0000000180042118     MSVCRT:MSVCR100.dll
 0002:00000120       __imp_ceil                 0000000180042120     MSVCRT:MSVCR100.dll
 0002:00000128       __imp_strncmp              0000000180042128     MSVCRT:MSVCR100.dll
 0002:00000130       __imp_longjmp              0000000180042130     MSVCRT:MSVCR100.dll
 0002:00000138       __imp_strncpy              0000000180042138     MSVCRT:MSVCR100.dll
 0002:00000140       __imp_memcpy               0000000180042140     MSVCRT:MSVCR100.dll
 0002:00000148       __imp_strcat               0000000180042148     MSVCRT:MSVCR100.dll
 0002:00000150       __imp_sprintf              0000000180042150     MSVCRT:MSVCR100.dll
 0002:00000158       __imp_strcmp               0000000180042158     MSVCRT:MSVCR100.dll
 0002:00000160       __imp_free                 0000000180042160     MSVCRT:MSVCR100.dll
 0002:00000168       __imp_malloc               0000000180042168     MSVCRT:MSVCR100.dll
 0002:00000170       __imp_memset               0000000180042170     MSVCRT:MSVCR100.dll
 0002:00000178       __imp_strlen               0000000180042178     MSVCRT:MSVCR100.dll
 0002:00000180       \177MSVCR100_NULL_THUNK_DATA 0000000180042180     MSVCRT:MSVCR100.dll
 0002:00000188       __imp_emlrtIsEnumR2009a    0000000180042188     libemlrt:libemlrt.dll
 0002:00000190       __imp_emlrtGetEnumUnderlyingArrayR2009a 0000000180042190     libemlrt:libemlrt.dll
 0002:00000198       __imp_emlrtTranslateUTF16MessagetoLCPstring 0000000180042198     libemlrt:libemlrt.dll
 0002:000001a0       __imp_emlrtForLoopVectorIsValidR2011b 00000001800421a0     libemlrt:libemlrt.dll
 0002:000001a8       __imp_emlrtTranslateMessageIDtoLCPstring 00000001800421a8     libemlrt:libemlrt.dll
 0002:000001b0       __imp_emlrtExtractMessageId 00000001800421b0     libemlrt:libemlrt.dll
 0002:000001b8       __imp_emlrtNameCapturePostProcessR2012a 00000001800421b8     libemlrt:libemlrt.dll
 0002:000001c0       __imp_emlrtImportVsFiArrayR2009b 00000001800421c0     libemlrt:libemlrt.dll
 0002:000001c8       __imp_emlrtCreateReference 00000001800421c8     libemlrt:libemlrt.dll
 0002:000001d0       __imp_emlrtGetEnumElementR2009a 00000001800421d0     libemlrt:libemlrt.dll
 0002:000001d8       __imp_emlrtCreateEnumR2010a 00000001800421d8     libemlrt:libemlrt.dll
[...]
 0001:00017ed0       sf_numeric_value_to_double 0000000180018ed0 f   sfc_mex:sfc_mex.obj
 0001:00017f20       ml_generic_out_of_bounds_check 0000000180018f20 f   sfc_mex:sfc_mex.obj
 0001:000180f0       ml_get_element_value_from_array 00000001800190f0 f   sfc_mex:sfc_mex.obj
 0001:00018490       _ml_generic_castability_check 0000000180019490 f   sfc_mex:sfc_mex.obj
 0001:000191f0       ml_generic_castability_check 000000018001a1f0 f   sfc_mex:sfc_mex.obj
 0001:00019290       ml_check_mx_array_for_single_castability 000000018001a290 f   sfc_mex:sfc_mex.obj
 0001:00019330       ml_check_mx_array_for_logical_castability 000000018001a330 f   sfc_mex:sfc_mex.obj
 0001:000193d0       ml_check_mx_array_for_int8_castability 000000018001a3d0 f   sfc_mex:sfc_mex.obj
 0001:00019480       ml_check_mx_array_for_uint8_castability 000000018001a480 f   sfc_mex:sfc_mex.obj
 0001:000194e0       ml_check_mx_array_for_int16_castability 000000018001a4e0 f   sfc_mex:sfc_mex.obj
 0001:00019540       ml_check_mx_array_for_uint16_castability 000000018001a540 f   sfc_mex:sfc_mex.obj
 0001:000195a0       ml_check_mx_array_for_int32_castability 000000018001a5a0 f   sfc_mex:sfc_mex.obj
 0001:00019600       ml_check_mx_array_for_uint32_castability 000000018001a600 f   sfc_mex:sfc_mex.obj
 0001:00019660       ml_check_mx_array_for_castability 000000018001a660 f   sfc_mex:sfc_mex.obj
 0001:00019f90       set_data_value             000000018001af90 f   sfc_mex:sfc_mex.obj
 0001:0001a300       get_data_value             000000018001b300 f   sfc_mex:sfc_mex.obj
 0001:0001a410       get_next_element_address   000000018001b410 f   sfc_mex:sfc_mex.obj
 0001:0001a4e0       sf_normalize_index         000000018001b4e0 f   sfc_mex:sfc_mex.obj
 0001:0001a870       ml_array_index_bound_check 000000018001b870 f   sfc_mex:sfc_mex.obj
 0001:0001b390       mx_value                   000000018001c390 f   sfc_mex:sfc_mex.obj
 0001:0001b3e0       sf_create_numeric_array    000000018001c3e0 f   sfc_mex:sfc_mex.obj
 0001:0001b480       sf_mex_assign_to_mx_array  000000018001c480 f   sfc_mex:sfc_mex.obj
 0001:0001b7d0       assign_from_mx_array       000000018001c7d0 f   sfc_mex:sfc_mex.obj
 0001:0001c000       sf_mex_import_v            000000018001d000 f   sfc_mex:sfc_mex.obj
 0001:0001c700       get_machine_and_chart_file_number 000000018001d700 f   sfc_mex:sfc_sf.obj
 0001:0001c7f0       get_sfun_block_specialization 000000018001d7f0 f   sfc_mex:sfc_sf.obj
 0001:0001c8a0       call_sf_machine_global_method_dispatcher 000000018001d8a0 f   sfc_mex:sfc_sf.obj
 0001:0001caf0       mdl_zeroCrossings_processing 000000018001daf0 f   sfc_mex:sfc_sf.obj
 0001:0001cbc0       mdl_derivatives_processing 000000018001dbc0 f   sfc_mex:sfc_sf.obj
 0001:0001ce80       mdl_outputs_continuous_legacy 000000018001de80 f   sfc_mex:sfc_sf.obj
 0001:0001cf00       mdl_outputs_processing     000000018001df00 f   sfc_mex:sfc_sf.obj
 0001:0001d130       mdl_enable_processing      000000018001e130 f   sfc_mex:sfc_sf.obj
 0001:0001d200       mdl_disable_processing     000000018001e200 f   sfc_mex:sfc_sf.obj
 0001:0001df70       sf_call_output_fcn_enable_disable 000000018001ef70 f   sfc_mex:sfc_sf.obj
 0001:0001e1f0       set_dwork_information_from_mx_array 000000018001f1f0 f   sfc_mex:sfc_sf.obj
 0001:0001eab0       ptr2mxStruct               000000018001fab0 f   sfc_mex:sfc_sf.obj
 0001:0001edc0       SNPRINTF_WRAPPER           000000018001fdc0 f   sfc_debug:sfcdebug.obj
 0001:0001ede0       sf_debug_chart_instance_initialized_quick 000000018001fde0 f   sfc_debug:sfcdebug.obj
 0001:0001edf0       sf_debug_chart_instance_initialized 000000018001fdf0 f   sfc_debug:sfcdebug.obj
 0001:0001ef90       sfrtAddSize                000000018001ff90 f   sfc_debug:sfcdebug.obj
 0001:0001f050       sfrtGenSizeString          0000000180020050 f   sfc_debug:sfcdebug.obj
 0001:0001f760       fill_single_message_info   0000000180020760 f   sfc_debug:sfcdebug.obj
 0001:0001f920       sf_debug_sim_status_listener 0000000180020920 f   sfc_debug:sfcdebug.obj
 0001:0001fe90       sf_debug_form_mask_bits    0000000180020e90 f   sfc_debug:sfcdebug.obj
 0001:0001fed0       sf_debug_form_sf_data_type_offsets 0000000180020ed0 f   sfc_debug:sfcdebug.obj
 0001:0001ff90       sf_debug_free_all          0000000180020f90 f   sfc_debug:sfcdebug.obj
 0001:00020140       sf_debug_append_debugger_context 0000000180021140 f   sfc_debug:sfcdebug.obj
 0001:00020400       local_strdup               0000000180021400 f   sfc_debug:sfcdebug.obj
 0001:000212e0       sf_debug_em_terminate      00000001800222e0 f   sfc_debug:sfcdebug.obj
 0001:00021320       sf_debug_push_eml_function 0000000180022320 f   sfc_debug:sfcdebug.obj
 0001:000213c0       sf_debug_pop_eml_function  00000001800223c0 f   sfc_debug:sfcdebug.obj
 0001:000220c0       sf_debug_get_machine_number_from_id_or_name 00000001800230c0 f   sfc_debug:sfcdebug.obj
 0001:00022210       sf_debug_get_chart_number_from_id 0000000180023210 f   sfc_debug:sfcdebug.obj
 0001:00022e80       sf_debug_transfer_control_to_debugger_GUI 0000000180023e80 f   sfc_debug:sfcdebug.obj
 0001:00023e10       sf_debug_scripts_rehash    0000000180024e10 f   sfc_debug:sfcdebug.obj
 0001:00024050       sf_debug_get_script_line_count 0000000180025050 f   sfc_debug:sfcdebug.obj
 0001:00024980       cv_eml_state_cvId          0000000180025980 f   sfc_debug:sfcdebug.obj
 0001:000249f0       cv_eml_trans_cvId          00000001800259f0 f   sfc_debug:sfcdebug.obj
 0001:00025cb0       sf_debug_data_array_bounds_error 0000000180026cb0 f   sfc_debug:sfcdebug.obj
 0001:000260e0       eml_debug_runtime_error_doclink 00000001800270e0 f   sfc_debug:sfcdebug.obj
 0001:00026260       sf_debug_runtime_error     0000000180027260 f   sfc_debug:sfcdebug.obj
 0001:000262d0       sf_debug_matlab_error      00000001800272d0 f   sfc_debug:sfcdebug.obj
 0001:00026c00       sf_debug_data_value_error  0000000180027c00 f   sfc_debug:sfcdebug.obj
 0001:00027500       sf_debug_data_loss_error   0000000180028500 f   sfc_debug:sfcdebug.obj
 0001:00028420       call_cv_range_check        0000000180029420 f   sfc_debug:sfcdebug.obj
 0001:00028bf0       sf_debug_invoke_cycle_detection_code 0000000180029bf0 f   sfc_debug:sfcdebug.obj
 0001:00029cd0       sf_reset_debug_info_struct 000000018002acd0 f   sfc_debug:sfcdebug.obj
 0001:0002a5c0       cv_script_cvId             000000018002b5c0 f   sfc_debug:sfcdebug.obj
 0001:0002b310       sfc_api_chart_visible      000000018002c310 f   sfc_debug:sfc_api.obj
 0001:0002b390       sfc_api_active_instance    000000018002c390 f   sfc_debug:sfc_api.obj
 0001:0002b410       sfc_api_machine_load       000000018002c410 f   sfc_debug:sfc_api.obj
 0001:0002b4e0       sfc_api_debugger_alive     000000018002c4e0 f   sfc_debug:sfc_api.obj
 0001:0002b4f0       sfc_api_go                 000000018002c4f0 f   sfc_debug:sfc_api.obj
 0001:0002b500       sfc_api_step_over          000000018002c500 f   sfc_debug:sfc_api.obj
 0001:0002b510       sfc_api_step_out           000000018002c510 f   sfc_debug:sfc_api.obj
 0001:0002b520       sfc_api_resume             000000018002c520 f   sfc_debug:sfc_api.obj
 0001:0002b530       sfc_api_break              000000018002c530 f   sfc_debug:sfc_api.obj
 0001:0002b540       sfc_api_stop_debugging     000000018002c540 f   sfc_debug:sfc_api.obj
 0001:0002b590       sfc_api_is_cycle_detected  000000018002c590 f   sfc_debug:sfc_api.obj
 0001:0002b5e0       sfc_api_is_array_bounds_detected 000000018002c5e0 f   sfc_debug:sfc_api.obj
 0001:0002b630       sfc_api_set_disable_all_breakpoints 000000018002c630 f   sfc_debug:sfc_api.obj
 0001:0002b6a0       sfc_api_disable_all_breakpoints_and_go 000000018002c6a0 f   sfc_debug:sfc_api.obj
 0001:0002b6b0       sfc_api_close              000000018002c6b0 f   sfc_debug:sfc_api.obj
 0001:0002b6c0       sfc_api_browse_data        000000018002c6c0 f   sfc_debug:sfc_api.obj
 0001:0002b730       sfc_api_watch_data         000000018002c730 f   sfc_debug:sfc_api.obj
 0001:0002b7d0       sfc_api_extract_message_post_receive_info 000000018002c7d0 f   sfc_debug:sfc_api.obj
 0001:0002b7f0       sfc_api_assign_data        000000018002c7f0 f   sfc_debug:sfc_api.obj
 0001:0002b890       sfc_api_whos               000000018002c890 f   sfc_debug:sfc_api.obj
 0001:0002b920       sfc_api_get_consistency_info 000000018002c920 f   sfc_debug:sfc_api.obj
 0001:0002b930       sfc_api_browse_trace       000000018002c930 f   sfc_debug:sfc_api.obj
 0001:0002b940       sfc_api_break_on_chart_entry 000000018002c940 f   sfc_debug:sfc_api.obj
 0001:0002b960       sfc_api_break_on_event_broadcast 000000018002c960 f   sfc_debug:sfc_api.obj
 0001:0002b980       sfc_api_break_on_state_entry 000000018002c980 f   sfc_debug:sfc_api.obj
 0001:0002b9a0       sfc_api_set_watch          000000018002c9a0 f   sfc_debug:sfc_api.obj
 0001:0002ba40       sfc_api_set_breakpoints    000000018002ca40 f   sfc_debug:sfc_api.obj
 0001:0002bae0       sfc_api_set_eml_breakpoints 000000018002cae0 f   sfc_debug:sfc_api.obj
 0001:0002bb60       sfc_api_set_script_breakpoints 000000018002cb60 f   sfc_debug:sfc_api.obj
 0001:0002bbb0       sfc_api_add_script_breakpoints 000000018002cbb0 f   sfc_debug:sfc_api.obj
 0001:0002bc00       sfc_api_clear_script_breakpoints 000000018002cc00 f   sfc_debug:sfc_api.obj
 0001:0002bc50       sfc_api_query_script_breakpoints 000000018002cc50 f   sfc_debug:sfc_api.obj
 0001:0002bcb0       sfc_api_get_script_id      000000018002ccb0 f   sfc_debug:sfc_api.obj
 0001:0002bd70       sfc_api_get_active_states  000000018002cd70 f   sfc_debug:sfc_api.obj
 0001:0002bdf0       sfc_api_break_between_times 000000018002cdf0 f   sfc_debug:sfc_api.obj
 0001:0002be50       sfc_api_get_instance_handle 000000018002ce50 f   sfc_debug:sfc_api.obj
 0001:0002bf00       sfc_api_set_animation      000000018002cf00 f   sfc_debug:sfc_api.obj
 0001:0002bf50       sfc_api_select_chart       000000018002cf50 f   sfc_debug:sfc_api.obj
 0001:0002bfb0       sfc_api_select_charts      000000018002cfb0 f   sfc_debug:sfc_api.obj
 0001:0002bfe0       sfc_api_cycle_detection_check 000000018002cfe0 f   sfc_debug:sfc_api.obj
 0001:0002c030       sfc_api_data_range_check   000000018002d030 f   sfc_debug:sfc_api.obj
 0001:0002c080       sfc_api_transition_conflict_check 000000018002d080 f   sfc_debug:sfc_api.obj
 0001:0002c0d0       sfc_api_state_consistency_check 000000018002d0d0 f   sfc_debug:sfc_api.obj
 0001:0002c120       sfc_api_set_instance_cv_ids 000000018002d120 f   sfc_debug:sfc_api.obj
 0001:0002c230       sfc_api_set_script_cv_ids  000000018002d230 f   sfc_debug:sfc_api.obj
 0001:0002c2e0       sfc_api_get_current_machine_id 000000018002d2e0 f   sfc_debug:sfc_api.obj
 0001:0002c310       sfc_api_get_current_machine_number 000000018002d310 f   sfc_debug:sfc_api.obj
 0001:0002c340       sfc_api_get_current_chart_number 000000018002d340 f   sfc_debug:sfc_api.obj
 0001:0002c370       sfc_api_get_current_instance_number 000000018002d370 f   sfc_debug:sfc_api.obj
 0001:0002c3a0       sfc_api_get_current_instance_handle 000000018002d3a0 f   sfc_debug:sfc_api.obj
 0001:0002c3c0       sfc_api_get_current_is_minor_time_step 000000018002d3c0 f   sfc_debug:sfc_api.obj
 0001:0002c3f0       sfc_api_get_current_machine_name 000000018002d3f0 f   sfc_debug:sfc_api.obj
 0001:0002c410       sfc_api_get_current_chart_id 000000018002d410 f   sfc_debug:sfc_api.obj
 0001:0002c440       sfc_api_get_current_object_type 000000018002d440 f   sfc_debug:sfc_api.obj
 0001:0002c470       sfc_api_get_current_event_type 000000018002d470 f   sfc_debug:sfc_api.obj
 0001:0002c4a0       sfc_api_get_current_object_id 000000018002d4a0 f   sfc_debug:sfc_api.obj
 0001:0002c4d0       sfc_get_current_active_event_type 000000018002d4d0 f   sfc_debug:sfc_api.obj
 0001:0002c500       sfc_api_get_current_active_event_id 000000018002d500 f   sfc_debug:sfc_api.obj
 0001:0002c530       sfc_api_get_current_simulation_time 000000018002d530 f   sfc_debug:sfc_api.obj
 0001:0002c550       sfc_get_current_tag_type   000000018002d550 f   sfc_debug:sfc_api.obj
 0001:0002c580       sfc_get_current_coverage_percentage 000000018002d580 f   sfc_debug:sfc_api.obj
 0001:0002c5a0       sfc_get_current_statement_context 000000018002d5a0 f   sfc_debug:sfc_api.obj
 0001:0002c5c0       sfc_get_current_optional_integer 000000018002d5c0 f   sfc_debug:sfc_api.obj
 0001:0002c5f0       sfc_get_current_statement_info 000000018002d5f0 f   sfc_debug:sfc_api.obj
 0001:0002c690       sfc_api_get                000000018002d690 f   sfc_debug:sfc_api.obj
 0001:0002c7f0       sf_debug_sm_is_using_unified_editors 000000018002d7f0 f   sfc_debug:sfdb_animation.obj
 0001:0002c890       sf_debug_sm_is_chart_visible_in_unified_editors 000000018002d890 f   sfc_debug:sfdb_animation.obj
 0001:0002c950       sf_debug_sm_check_if_chart_is_visible 000000018002d950 f   sfc_debug:sfdb_animation.obj
 0001:0002d450       sf_debug_sm_fill_state_activity_data 000000018002e450 f   sfc_debug:sfdb_animation.obj
 0001:0002fc80       void_ptr_stack_vector_free_total 0000000180030c80 f   sfc_debug:sfdb_data_browse.obj
 0001:0002fd10       sf_debug_st_terminate_machine 0000000180030d10 f   sfc_debug:sfdb_data_browse.obj
 0001:0002fd50       sf_debug_st_terminate_instance 0000000180030d50 f   sfc_debug:sfdb_data_browse.obj
 0001:00030100       push_on_to_void_ptr_stack  0000000180031100 f   sfc_debug:sfdb_data_browse.obj
 0001:00030290       pop_from_void_ptr_stack    0000000180031290 f   sfc_debug:sfdb_data_browse.obj
 0001:000303c0       sf_debug_st_get_data_value 00000001800313c0 f   sfc_debug:sfdb_data_browse.obj
 0001:00030950       mx_value                   0000000180031950 f   sfc_debug:sfdb_data_browse.obj
 0001:00030990       sf_debug_st_fill_data_struct 0000000180031990 f   sfc_debug:sfdb_data_browse.obj
 0001:00030cd0       data_type_format_strings   0000000180031cd0 f   sfc_debug:sfdb_data_browse.obj
 0001:00030d80       sf_debug_st_fill_data      0000000180031d80 f   sfc_debug:sfdb_data_browse.obj
 0001:00031ad0       sf_debug_hm_get_simulink_handle 0000000180032ad0 f   sfc_debug:sfdb_handle_management.obj
 0001:00032620       sf_debug_hm_initialize_globals 0000000180033620 f   sfc_debug:sfdb_handle_management.obj
 0001:00032720       sf_debug_hm_get_machine_debug_flag 0000000180033720 f   sfc_debug:sfdb_handle_management.obj
 0001:00032890       sf_debug_hm_get_machine_id 0000000180033890 f   sfc_debug:sfdb_handle_management.obj
 0001:000329b0       sf_debug_hm_get_chart_id   00000001800339b0 f   sfc_debug:sfdb_handle_management.obj
 0001:00032b50       sf_debug_hm_register_executing_SFunction 0000000180033b50 f   sfc_debug:sfdb_handle_management.obj
 0001:00032cf0       sf_debug_hm_get_chart_active_instance 0000000180033cf0 f   sfc_debug:sfdb_handle_management.obj
 0001:00032e60       sf_debug_hm_get_chart_visibility 0000000180033e60 f   sfc_debug:sfdb_handle_management.obj
 0001:00032fb0       sf_debug_hm_form_object_boolean_properties 0000000180033fb0 f   sfc_debug:sfdb_handle_management.obj
 0001:00033280       sf_debug_hm_form_object_properties 0000000180034280 f   sfc_debug:sfdb_handle_management.obj
 0001:000334c0       sf_debug_hm_terminate_charts 00000001800344c0 f   sfc_debug:sfdb_handle_management.obj
 0001:00033c30       sf_debug_hm_terminate_machines 0000000180034c30 f   sfc_debug:sfdb_handle_management.obj
 0001:00035880       sf_debug_ss_copy_dimension 0000000180036880 f   sfc_debug:sfdb_symbol_scope.obj
 0001:00035940       sf_debug_ss_get_number_elements 0000000180036940 f   sfc_debug:sfdb_symbol_scope.obj
 0001:00035960       sf_debug_ss_fill_data_struct 0000000180036960 f   sfc_debug:sfdb_symbol_scope.obj
 0001:00035cb0       sf_debug_ss_reset_data_info 0000000180036cb0 f   sfc_debug:sfdb_symbol_scope.obj
 0001:00035d10       sf_debug_fill_data_info_by_symbol_scope_entry 0000000180036d10 f   sfc_debug:sfdb_symbol_scope.obj
 0001:00035dd0       sf_debug_fill_data_info_by_data_vector 0000000180036dd0 f   sfc_debug:sfdb_symbol_scope.obj
 0001:00036020       sf_debug_ss_get_data_info  0000000180037020 f   sfc_debug:sfdb_symbol_scope.obj
 0001:00036310       sf_debug_select_mex_function 0000000180037310 f   sfc_debug:sfdb_symbol_scope.obj
 0001:00036340       sf_debug_is_dyn_matrix_initialized 0000000180037340 f   sfc_debug:sfdb_symbol_scope.obj
 0001:00036360       sf_debug_ss_set_data_value_try 0000000180037360 f   sfc_debug:sfdb_symbol_scope.obj
 0001:00036530       sf_debug_ss_get_data_value 0000000180037530 f   sfc_debug:sfdb_symbol_scope.obj
 0001:00036a80       sf_debug_ss_data_bytes_string 0000000180037a80 f   sfc_debug:sfdb_symbol_scope.obj
 0001:00036b30       sf_debug_ss_data_class_string 0000000180037b30 f   sfc_debug:sfdb_symbol_scope.obj
 0001:00036ec0       sf_debug_ss_data_size_string 0000000180037ec0 f   sfc_debug:sfdb_symbol_scope.obj
 0001:00036fa0       sf_debug_ss_data_create_data_info_struct 0000000180037fa0 f   sfc_debug:sfdb_symbol_scope.obj
 0001:00037270       sf_debug_ss_data_create_name_value_pair 0000000180038270 f   sfc_debug:sfdb_symbol_scope.obj
 0001:00037310       sf_debug_ss_data_get_whos_info 0000000180038310 f   sfc_debug:sfdb_symbol_scope.obj
 0001:00037320       same_named_data_in_data_array 0000000180038320 f   sfc_debug:sfdb_symbol_scope.obj
 0001:00038b90       sf_debug_cc_terminate_chart 0000000180039b90 f   sfc_debug:sfdb_coverage.obj
 0001:00038f30       sf_debug_cc_terminate_instance 0000000180039f30 f   sfc_debug:sfdb_coverage.obj
 0001:00039b20       sf_debug_cc_mark_object_if_needed 000000018003ab20 f   sfc_debug:sfdb_coverage.obj
 0001:0003a420       sf_debug_bm_initialize_eml 000000018003b420 f   sfc_debug:sfdb_breakpoints.obj
 0001:0003b590       sf_debug_bm_map_debug_tag_to_breakpoint_tag 000000018003c590 f   sfc_debug:sfdb_breakpoints.obj
 0001:0003b670       sf_debug_bm_is_a_eml_breakpoint_impl 000000018003c670 f   sfc_debug:sfdb_breakpoints.obj
 0001:0003d0f0       sf_debug_sc_push_on_error_stack 000000018003e0f0 f   sfc_debug:sfdb_state_consistency.obj
 0001:0003d220       sf_debug_sc_reset_error_stack 000000018003e220 f   sfc_debug:sfdb_state_consistency.obj
 0001:0003d3b0       sf_debug_sc_is_state_inconsistent 000000018003e3b0 f   sfc_debug:sfdb_state_consistency.obj
 0001:0003d6b0       sf_debug_sc_fill_consistency_info 000000018003e6b0 f   sfc_debug:sfdb_state_consistency.obj
 0001:0003dc90       void_assertion_fcn         000000018003ec90 f   sfc_debug:sfdb_call_stack.obj
 0001:0003e210       sf_debug_tm_fill_local_trace 000000018003f210 f   sfc_debug:sfdb_call_stack.obj
 0001:0003e7e0       sf_debug_cd_terminate_instance 000000018003f7e0 f   sfc_debug:sfdb_cycle_detection.obj
 0001:0003e840       sf_debug_cd_free_checksum_stack 000000018003f840 f   sfc_debug:sfdb_cycle_detection.obj
 0001:0003e890       sf_debug_cd_reset_pack_strings 000000018003f890 f   sfc_debug:sfdb_cycle_detection.obj
 0001:0003ef50       md5file_clear              000000018003ff50 f   sfc_debug:ckmd5.obj
 0001:0003ef80       Encode                     000000018003ff80 f   sfc_debug:ckmd5.obj
 0001:0003efd0       Decode                     000000018003ffd0 f   sfc_debug:ckmd5.obj
 0001:0003f070       MD5Transform               0000000180040070 f   sfc_debug:ckmd5.obj
 0001:0003f8c0       md5file_addn               00000001800408c0 f   sfc_debug:ckmd5.obj
 0001:0003f990       md5file_hash               0000000180040990 f   sfc_debug:ckmd5.obj
 0001:0003fe58       pre_c_init                 0000000180040e58 f   MSVCRT:crtdll.obj
 0001:00040114       __DllMainCRTStartup        0000000180041114 f   MSVCRT:crtdll.obj
 0001:00040820       __DllMainCRTStartup$filt$0 0000000180041820 f   MSVCRT:crtdll.obj
 0001:00040850       __DllMainCRTStartup$fin$1  0000000180041850 f   MSVCRT:crtdll.obj
 0001:0004086a       _onexit$fin$0              000000018004186a f   MSVCRT:atonexit.obj
 0001:00040890       _IsNonwritableInCurrentImage$filt$0 0000000180041890 f   MSVCRT:pesect.obj
