 VectorCtrl_Asynchronous_VF_sfun

 Timestamp is 5fc21f67 (Sat Nov 28 17:59:03 2020)

 Preferred load address is 0000000180000000

 Start         Length     Name                   Class
 0001:00000000 0003a8b4H .text                   CODE
 0001:0003a8c0 00000092H .text$x                 CODE
 0002:00000000 00000468H .idata$5                DATA
 0002:00000468 00000008H .CRT$XCA                DATA
 0002:00000470 00000008H .CRT$XCZ                DATA
 0002:00000478 00000008H .CRT$XIA                DATA
 0002:00000480 00000008H .CRT$XIAA               DATA
 0002:00000488 00000008H .CRT$XIZ                DATA
 0002:00000490 00004b0cH .rdata                  DATA
 0002:00004fa0 00000008H .rtc$IAA                DATA
 0002:00004fa8 00000008H .rtc$IZZ                DATA
 0002:00004fb0 00000008H .rtc$TAA                DATA
 0002:00004fb8 00000008H .rtc$TZZ                DATA
 0002:00004fc0 00003f6cH .xdata                  DATA
 0002:00008f2c 0000008cH .idata$2                DATA
 0002:00008fb8 00000014H .idata$3                DATA
 0002:00008fd0 00000468H .idata$4                DATA
 0002:00009438 00000a38H .idata$6                DATA
 0002:00009e70 00000065H .edata                  DATA
 0003:00000000 000025d8H .data                   DATA
 0003:000025e0 000026b8H .bss                    DATA
 0004:00000000 00003138H .pdata                  DATA

  Address         Publics by Value              Rva+Base               Lib:Object

 0000:00000000       ___safe_se_handler_count   0000000000000000     <absolute>
 0000:00000000       ___safe_se_handler_table   0000000000000000     <absolute>
 0000:00000000       __ImageBase                0000000180000000     <linker-defined>
 0001:00000000       sf_c1_VectorCtrl_Asynchronous_VF_get_eml_resolved_functions_info 0000000180001000 f   c1_VectorCtrl_Asynchronous_VF.obj
 0001:00000620       sf_c1_VectorCtrl_Asynchronous_VF_get_check_sum 0000000180001620 f   c1_VectorCtrl_Asynchronous_VF.obj
 0001:000006a0       sf_c1_VectorCtrl_Asynchronous_VF_get_autoinheritance_info 00000001800016a0 f   c1_VectorCtrl_Asynchronous_VF.obj
 0001:00001120       sf_internal_get_sim_state_c1_VectorCtrl_Asynchronous_VF 0000000180002120 f   c1_VectorCtrl_Asynchronous_VF.obj
 0001:00001480       sf_internal_set_sim_state_c1_VectorCtrl_Asynchronous_VF 0000000180002480 f   c1_VectorCtrl_Asynchronous_VF.obj
 0001:00001870       c1_VectorCtrl_Asynchronous_VF_method_dispatcher 0000000180002870 f   c1_VectorCtrl_Asynchronous_VF.obj
 0001:00004340       sf_c2_VectorCtrl_Asynchronous_VF_get_eml_resolved_functions_info 0000000180005340 f   c2_VectorCtrl_Asynchronous_VF.obj
 0001:000049d0       sf_c2_VectorCtrl_Asynchronous_VF_get_check_sum 00000001800059d0 f   c2_VectorCtrl_Asynchronous_VF.obj
 0001:00004a50       sf_c2_VectorCtrl_Asynchronous_VF_get_autoinheritance_info 0000000180005a50 f   c2_VectorCtrl_Asynchronous_VF.obj
 0001:000054d0       sf_internal_get_sim_state_c2_VectorCtrl_Asynchronous_VF 00000001800064d0 f   c2_VectorCtrl_Asynchronous_VF.obj
 0001:00005820       sf_internal_set_sim_state_c2_VectorCtrl_Asynchronous_VF 0000000180006820 f   c2_VectorCtrl_Asynchronous_VF.obj
 0001:00005c10       c2_VectorCtrl_Asynchronous_VF_method_dispatcher 0000000180006c10 f   c2_VectorCtrl_Asynchronous_VF.obj
 0001:000086d0       sf_process_check_sum_call  00000001800096d0 f   VectorCtrl_Asynchronous_VF_sfun_registry.obj
 0001:00008720       sf_process_autoinheritance_call 0000000180009720 f   VectorCtrl_Asynchronous_VF_sfun_registry.obj
 0001:000088c0       sf_process_get_eml_resolved_functions_info_call 00000001800098c0 f   VectorCtrl_Asynchronous_VF_sfun_registry.obj
 0001:00008a40       sf_mex_unlock_call         0000000180009a40 f   VectorCtrl_Asynchronous_VF_sfun_registry.obj
 0001:00008af0       sf_machine_global_initializer_called 0000000180009af0 f   VectorCtrl_Asynchronous_VF_sfun_registry.obj
 0001:00008b20       sf_machine_global_method_dispatcher 0000000180009b20 f   VectorCtrl_Asynchronous_VF_sfun_registry.obj
 0001:00008b80       sf_machine_global_terminator 0000000180009b80 f   VectorCtrl_Asynchronous_VF_sfun_registry.obj
 0001:00008bc0       sf_register_machine_exported_symbols 0000000180009bc0 f   VectorCtrl_Asynchronous_VF_sfun_registry.obj
 0001:00008be0       callCustomFcn              0000000180009be0 f   VectorCtrl_Asynchronous_VF_sfun_registry.obj
 0001:00008bf0       sf_machine_global_initializer 0000000180009bf0 f   VectorCtrl_Asynchronous_VF_sfun_registry.obj
 0001:00008c60       _ssSetStateAbsTol          0000000180009c60 f   VectorCtrl_Asynchronous_VF_sfun_registry.obj
 0001:00008d40       _ssGetAbsTol               0000000180009d40 f   VectorCtrl_Asynchronous_VF_sfun_registry.obj
 0001:00008db0       _ssSetInputPortMatrixDimensions 0000000180009db0 f   VectorCtrl_Asynchronous_VF_sfun_registry.obj
 0001:00008ec0       _ssSetOutputPortMatrixDimensions 0000000180009ec0 f   VectorCtrl_Asynchronous_VF_sfun_registry.obj
 0001:00008fd0       _ssSetInputPortVectorDimension 0000000180009fd0 f   VectorCtrl_Asynchronous_VF_sfun_registry.obj
 0001:000090a0       _ssSetOutputPortVectorDimension 000000018000a0a0 f   VectorCtrl_Asynchronous_VF_sfun_registry.obj
 0001:00009170       ssIsRunTimeParamTunable    000000018000a170 f   VectorCtrl_Asynchronous_VF_sfun_registry.obj
 0001:000091e0       ssGetSFuncBlockHandle      000000018000a1e0 f   VectorCtrl_Asynchronous_VF_sfun_registry.obj
 0001:00009250       _ssGetCurrentInputPortWidth 000000018000a250 f   VectorCtrl_Asynchronous_VF_sfun_registry.obj
 0001:00009370       _ssGetCurrentOutputPortWidth 000000018000a370 f   VectorCtrl_Asynchronous_VF_sfun_registry.obj
 0001:00009490       _ssGetCallSystemNumFcnCallDestinations 000000018000a490 f   VectorCtrl_Asynchronous_VF_sfun_registry.obj
 0001:00009500       ssWarning                  000000018000a500 f   VectorCtrl_Asynchronous_VF_sfun_registry.obj
 0001:00009610       ssGetIsZeroCrossControlDisabled 000000018000a610 f   VectorCtrl_Asynchronous_VF_sfun_registry.obj
 0001:00009680       ssSetIsInputPortUsedForContZcSignal 000000018000a680 f   VectorCtrl_Asynchronous_VF_sfun_registry.obj
 0001:000096f0       ssSetZcSignalIsZcElementDisc 000000018000a6f0 f   VectorCtrl_Asynchronous_VF_sfun_registry.obj
 0001:000097a0       ssSetZcSignalName          000000018000a7a0 f   VectorCtrl_Asynchronous_VF_sfun_registry.obj
 0001:00009810       ssSetZcSignalWidth         000000018000a810 f   VectorCtrl_Asynchronous_VF_sfun_registry.obj
 0001:00009880       ssSetZcSignalZcEventType   000000018000a880 f   VectorCtrl_Asynchronous_VF_sfun_registry.obj
 0001:000098f0       ssSetZcSignalType          000000018000a8f0 f   VectorCtrl_Asynchronous_VF_sfun_registry.obj
 0001:00009960       ssSetZcSignalZcTol         000000018000a960 f   VectorCtrl_Asynchronous_VF_sfun_registry.obj
 0001:000099d0       ssSetZcSignalNeedsEventNotification 000000018000a9d0 f   VectorCtrl_Asynchronous_VF_sfun_registry.obj
 0001:00009a40       ssCreateAndAddZcSignalInfo 000000018000aa40 f   VectorCtrl_Asynchronous_VF_sfun_registry.obj
 0001:00009ab0       ssCloneAndAddZcSignalInfo  000000018000aab0 f   VectorCtrl_Asynchronous_VF_sfun_registry.obj
 0001:00009b20       ssGetNumZcSignals          000000018000ab20 f   VectorCtrl_Asynchronous_VF_sfun_registry.obj
 0001:00009b90       ssGetZcSignalVector        000000018000ab90 f   VectorCtrl_Asynchronous_VF_sfun_registry.obj
 0001:00009c00       ssGetZcSignalZcEvents      000000018000ac00 f   VectorCtrl_Asynchronous_VF_sfun_registry.obj
 0001:00009c70       ssGetZcSignalName          000000018000ac70 f   VectorCtrl_Asynchronous_VF_sfun_registry.obj
 0001:00009ce0       ssGetZcSignalWidth         000000018000ace0 f   VectorCtrl_Asynchronous_VF_sfun_registry.obj
 0001:00009d50       ssGetZcSignalZcEventType   000000018000ad50 f   VectorCtrl_Asynchronous_VF_sfun_registry.obj
 0001:00009dc0       ssGetZcSignalType          000000018000adc0 f   VectorCtrl_Asynchronous_VF_sfun_registry.obj
 0001:00009e30       ssGetZcSignalZcTol         000000018000ae30 f   VectorCtrl_Asynchronous_VF_sfun_registry.obj
 0001:00009eb0       ssGetZcSignalNeedsEventNotification 000000018000aeb0 f   VectorCtrl_Asynchronous_VF_sfun_registry.obj
 0001:00009f20       ssGetZcSignalIsZcElementDisc 000000018000af20 f   VectorCtrl_Asynchronous_VF_sfun_registry.obj
 0001:00009fc0       ssGetIsInputPortElementContinuous 000000018000afc0 f   VectorCtrl_Asynchronous_VF_sfun_registry.obj
 0001:0000a060       _ssGetInputPortSignalPtrsFcn 000000018000b060 f   VectorCtrl_Asynchronous_VF_sfun_registry.obj
 0001:0000a320       _ssGetInputPortSignalFcn   000000018000b320 f   VectorCtrl_Asynchronous_VF_sfun_registry.obj
 0001:0000a540       _ssSetInputPortDirectFeedThroughFcn 000000018000b540 f   VectorCtrl_Asynchronous_VF_sfun_registry.obj
 0001:0000a6a0       _ssSetInputPortReusableFcn 000000018000b6a0 f   VectorCtrl_Asynchronous_VF_sfun_registry.obj
 0001:0000a790       _ssSetOutputPortReusableFcn 000000018000b790 f   VectorCtrl_Asynchronous_VF_sfun_registry.obj
 0001:0000a870       ssGetDTypeIdFromMxArray    000000018000b870 f   VectorCtrl_Asynchronous_VF_sfun_registry.obj
 0001:0000a990       ssWriteRTWStr              000000018000b990 f   VectorCtrl_Asynchronous_VF_sfun_registry.obj
 0001:0000a9f0       ssWriteRTWMxVectParam      000000018000b9f0 f   VectorCtrl_Asynchronous_VF_sfun_registry.obj
 0001:0000aa50       ssWriteRTWMx2dMatParam     000000018000ba50 f   VectorCtrl_Asynchronous_VF_sfun_registry.obj
 0001:0000aad0       ssWriteRTWNameValuePair    000000018000bad0 f   VectorCtrl_Asynchronous_VF_sfun_registry.obj
 0001:0000afc0       ssWriteRTWParameters       000000018000bfc0 f   VectorCtrl_Asynchronous_VF_sfun_registry.obj
 0001:0000b5c0       ssWriteRTWParamSettings    000000018000c5c0 f   VectorCtrl_Asynchronous_VF_sfun_registry.obj
 0001:0000bc90       ssWriteRTWWorkVect         000000018000cc90 f   VectorCtrl_Asynchronous_VF_sfun_registry.obj
 0001:0000c190       mexFunction                000000018000d190 f   VectorCtrl_Asynchronous_VF_sfun_registry.obj
 0001:0000ddd0       ProcessMexSfunctionEveryCall 000000018000edd0 f   VectorCtrl_Asynchronous_VF_sfun_registry.obj
 0001:0000df40       VectorCtrl_Asynchronous_VF_initializer 000000018000ef40 f   VectorCtrl_Asynchronous_VF_sfun.obj
 0001:0000df50       VectorCtrl_Asynchronous_VF_terminator 000000018000ef50 f   VectorCtrl_Asynchronous_VF_sfun.obj
 0001:0000df60       sf_VectorCtrl_Asynchronous_VF_method_dispatcher 000000018000ef60 f   VectorCtrl_Asynchronous_VF_sfun.obj
 0001:0000dfd0       sf_VectorCtrl_Asynchronous_VF_process_check_sum_call 000000018000efd0 f   VectorCtrl_Asynchronous_VF_sfun.obj
 0001:0000e3f0       sf_VectorCtrl_Asynchronous_VF_autoinheritance_info 000000018000f3f0 f   VectorCtrl_Asynchronous_VF_sfun.obj
 0001:0000e5b0       sf_VectorCtrl_Asynchronous_VF_get_eml_resolved_functions_info 000000018000f5b0 f   VectorCtrl_Asynchronous_VF_sfun.obj
 0001:0000e720       VectorCtrl_Asynchronous_VF_debug_initialize 000000018000f720 f   VectorCtrl_Asynchronous_VF_sfun.obj
 0001:0000e790       VectorCtrl_Asynchronous_VF_register_exported_symbols 000000018000f790 f   VectorCtrl_Asynchronous_VF_sfun.obj
 0001:0000e7a0       load_VectorCtrl_Asynchronous_VF_optimization_info 000000018000f7a0 f   VectorCtrl_Asynchronous_VF_sfun.obj
 0001:0000e7f0       unload_VectorCtrl_Asynchronous_VF_optimization_info 000000018000f7f0 f   VectorCtrl_Asynchronous_VF_sfun.obj
 0001:0000e8c0       sf_mex_mx_is_numeric       000000018000f8c0 f   sfc_mex:sfc_mex.obj
 0001:0000e900       strcmp_ignore_ws           000000018000f900 f   sfc_mex:sfc_mex.obj
 0001:0000ea40       sf_mex_duplicatearraysafe  000000018000fa40 f   sfc_mex:sfc_mex.obj
 0001:0000eba0       sf_set_error_debugger_context_message_fcn 000000018000fba0 f   sfc_mex:sfc_mex.obj
 0001:0000ebb0       sf_set_debugger_matlab_error_fcn 000000018000fbb0 f   sfc_mex:sfc_mex.obj
 0001:0000ebe0       sf_set_error_prefix_string 000000018000fbe0 f   sfc_mex:sfc_mex.obj
 0001:0000ec10       sf_get_error_prefix_string 000000018000fc10 f   sfc_mex:sfc_mex.obj
 0001:0000ec20       sf_mex_enter_parallel_region 000000018000fc20 f   sfc_mex:sfc_mex.obj
 0001:0000ec30       sf_mex_exit_parallel_region 000000018000fc30 f   sfc_mex:sfc_mex.obj
 0001:0000ec40       sf_get_current_jmp_buf_ptr 000000018000fc40 f   sfc_mex:sfc_mex.obj
 0001:0000ec50       sf_set_current_jmp_buf_ptr 000000018000fc50 f   sfc_mex:sfc_mex.obj
 0001:0000ec60       sf_mex_set_halt_simulation 000000018000fc60 f   sfc_mex:sfc_mex.obj
 0001:0000ec70       sf_mex_get_halt_simulation 000000018000fc70 f   sfc_mex:sfc_mex.obj
 0001:0000ec80       sf_mex_clear_error_message 000000018000fc80 f   sfc_mex:sfc_mex.obj
 0001:0000eca0       sf_mex_get_error_message_for_read 000000018000fca0 f   sfc_mex:sfc_mex.obj
 0001:0000ecb0       sf_mex_get_error_message_buffer_length 000000018000fcb0 f   sfc_mex:sfc_mex.obj
 0001:0000ed90       sf_mex_warning_message     000000018000fd90 f   sfc_mex:sfc_mex.obj
 0001:0000ee00       sf_mex_v_errbuf_createf    000000018000fe00 f   sfc_mex:sfc_mex.obj
 0001:0000ee10       sf_mex_errbuf_createf      000000018000fe10 f   sfc_mex:sfc_mex.obj
 0001:0000ee40       sf_mex_v_errbuf_catf       000000018000fe40 f   sfc_mex:sfc_mex.obj
 0001:0000ee80       sf_mex_errbuf_catf         000000018000fe80 f   sfc_mex:sfc_mex.obj
 0001:0000eed0       sf_mex_errbuf_copy         000000018000fed0 f   sfc_mex:sfc_mex.obj
 0001:0000eee0       sf_mex_errbuf_clear        000000018000fee0 f   sfc_mex:sfc_mex.obj
 0001:0000eef0       sf_mex_errbuf_isempty      000000018000fef0 f   sfc_mex:sfc_mex.obj
 0001:0000f000       sf_mex_set_error_status    0000000180010000 f   sfc_mex:sfc_mex.obj
 0001:0000f050       sf_mex_error_direct_call   0000000180010050 f   sfc_mex:sfc_mex.obj
 0001:0000f070       sf_mex_error_message_no_long_jump 0000000180010070 f   sfc_mex:sfc_mex.obj
 0001:0000f090       sf_mex_long_jump_on_error  0000000180010090 f   sfc_mex:sfc_mex.obj
 0001:0000f0c0       sf_mex_call_matlab         00000001800100c0 f   sfc_mex:sfc_mex.obj
 0001:0000f1e0       sf_mex_check_builtin       00000001800101e0 f   sfc_mex:sfc_mex.obj
 0001:0000f220       sf_mex_check_builtin_vs    0000000180010220 f   sfc_mex:sfc_mex.obj
 0001:0000f280       sf_mex_check_enum          0000000180010280 f   sfc_mex:sfc_mex.obj
 0001:0000f2b0       sf_mex_create_enum         00000001800102b0 f   sfc_mex:sfc_mex.obj
 0001:0000f2d0       sf_mex_get_enum_element    00000001800102d0 f   sfc_mex:sfc_mex.obj
 0001:0000f2e0       sf_mex_createcellarray     00000001800102e0 f   sfc_mex:sfc_mex.obj
 0001:0000f2f0       sf_mex_setcell             00000001800102f0 f   sfc_mex:sfc_mex.obj
 0001:0000f300       sf_mex_getcell             0000000180010300 f   sfc_mex:sfc_mex.obj
 0001:0000f310       sf_mex_dup                 0000000180010310 f   sfc_mex:sfc_mex.obj
 0001:0000f330       sf_mex_assign              0000000180010330 f   sfc_mex:sfc_mex.obj
 0001:0000f3b0       sf_mex_destroy             00000001800103b0 f   sfc_mex:sfc_mex.obj
 0001:0000f3e0       mx_array_has_fi_type       00000001800103e0 f   sfc_mex:sfc_mex.obj
 0001:0000f410       sf_mex_convert_from_fi     0000000180010410 f   sfc_mex:sfc_mex.obj
 0001:0000f4c0       sf_mex_convert_to_double   00000001800104c0 f   sfc_mex:sfc_mex.obj
 0001:0000f5e0       sf_mex_import_fi_vs        00000001800105e0 f   sfc_mex:sfc_mex.obj
 0001:0000f7a0       sf_matrix_matrix_index_ok  00000001800107a0 f   sfc_mex:sfc_mex.obj
 0001:0000f830       sf_vector_vector_index_ok  0000000180010830 f   sfc_mex:sfc_mex.obj
 0001:0000f860       ssGetCurrentInputPortDimensions_wrapper 0000000180010860 f   sfc_mex:sfc_mex.obj
 0001:0000f880       ssGetCurrentOutputPortDimensions_wrapper 0000000180010880 f   sfc_mex:sfc_mex.obj
 0001:0000f8a0       sf_mex_emlrt_context_is_debug_mode 00000001800108a0 f   sfc_mex:sfc_mex.obj
 0001:0000f8b0       sf_mex_emlrt_context_set_debug_mode 00000001800108b0 f   sfc_mex:sfc_mex.obj
 0001:0000f8c0       sf_mex_emlrtNameCapturePostProcessR2012a 00000001800108c0 f   sfc_mex:sfc_mex.obj
 0001:0000f930       sf_clear_error_manager_info 0000000180010930 f   sfc_mex:sfc_mex.obj
 0001:0000f990       sf_mex_stop_simulation_abruptly_wo_error 0000000180010990 f   sfc_mex:sfc_mex.obj
 0001:0000f9d0       sf_mex_error_message       00000001800109d0 f   sfc_mex:sfc_mex.obj
 0001:0000fa30       sf_react_to_error_in_matlab_call 0000000180010a30 f   sfc_mex:sfc_mex.obj
 0001:0000fa60       sf_mex_addfield            0000000180010a60 f   sfc_mex:sfc_mex.obj
 0001:0000fb00       sf_mex_getfield            0000000180010b00 f   sfc_mex:sfc_mex.obj
 0001:0000fe00       sf_mex_check_class         0000000180010e00 f   sfc_mex:sfc_mex.obj
 0001:0000fea0       sf_mex_is_real             0000000180010ea0 f   sfc_mex:sfc_mex.obj
 0001:00010310       sf_mex_decode_encoded_mx_struct_array 0000000180011310 f   sfc_mex:sfc_mex.obj
 0001:000105f0       sf_mex_lw_bounds_check     00000001800115f0 f   sfc_mex:sfc_mex.obj
 0001:00010620       sf_mex_lw_size_eq_check_1d 0000000180011620 f   sfc_mex:sfc_mex.obj
 0001:00010640       sf_mex_lw_size_eq_check_nd 0000000180011640 f   sfc_mex:sfc_mex.obj
 0001:00010820       sf_mex_lw_dim_size_eq_check 0000000180011820 f   sfc_mex:sfc_mex.obj
 0001:00010850       sf_mex_lw_dim_size_geq_check 0000000180011850 f   sfc_mex:sfc_mex.obj
 0001:00010880       sf_mex_lw_sub_assign_size_check_nd 0000000180011880 f   sfc_mex:sfc_mex.obj
 0001:00010ab0       sf_mex_lw_runtime_error_msgid 0000000180011ab0 f   sfc_mex:sfc_mex.obj
 0001:00010ba0       sf_mex_lw_matrix_matrix_index_check 0000000180011ba0 f   sfc_mex:sfc_mex.obj
 0001:00010bc0       sf_mex_lw_vector_vector_index_check 0000000180011bc0 f   sfc_mex:sfc_mex.obj
 0001:00010c00       sf_mex_lw_for_loop_vector_check 0000000180011c00 f   sfc_mex:sfc_mex.obj
 0001:00010c80       sf_mex_lw_non_negative_check 0000000180011c80 f   sfc_mex:sfc_mex.obj
 0001:00010cc0       sf_mex_overflow_error      0000000180011cc0 f   sfc_mex:sfc_mex.obj
 0001:00010cd0       sf_mex_dividebyzero_error  0000000180011cd0 f   sfc_mex:sfc_mex.obj
 0001:00010ce0       sf_mex_unsafe_enum_error   0000000180011ce0 f   sfc_mex:sfc_mex.obj
 0001:00010cf0       sf_emlrtErrHandler         0000000180011cf0 f   sfc_mex:sfc_mex.obj
 0001:00010dd0       sf_mex_size_one_check      0000000180011dd0 f   sfc_mex:sfc_mex.obj
 0001:00010df0       sf_mex_printf              0000000180011df0 f   sfc_mex:sfc_mex.obj
 0001:00010fc0       sf_mex_check_size          0000000180011fc0 f   sfc_mex:sfc_mex.obj
 0001:00011290       sf_mex_check_struct        0000000180012290 f   sfc_mex:sfc_mex.obj
 0001:000114f0       sf_mex_check_struct_vs     00000001800124f0 f   sfc_mex:sfc_mex.obj
 0001:00011580       sf_mex_check_fi            0000000180012580 f   sfc_mex:sfc_mex.obj
 0001:00011680       sf_mex_check_fi_vs         0000000180012680 f   sfc_mex:sfc_mex.obj
 0001:00011720       sf_echo_expression         0000000180012720 f   sfc_mex:sfc_mex.obj
 0001:00011780       sf_assertion_failed        0000000180012780 f   sfc_mex:sfc_mex.obj
 0001:00011a60       sf_mex_evalin              0000000180012a60 f   sfc_mex:sfc_mex.obj
 0001:00011cd0       sf_mex_export              0000000180012cd0 f   sfc_mex:sfc_mex.obj
 0001:00011d90       sf_mex_get_ml_var_no_error 0000000180012d90 f   sfc_mex:sfc_mex.obj
 0001:00011f30       sf_mex_get_ml_var          0000000180012f30 f   sfc_mex:sfc_mex.obj
 0001:000123d0       ml_set_element_value_in_array 00000001800133d0 f   sfc_mex:sfc_mex.obj
 0001:00013aa0       sf_mex_call_impl           0000000180014aa0 f   sfc_mex:sfc_mex.obj
 0001:00013fd0       sf_mex_call_debug          0000000180014fd0 f   sfc_mex:sfc_mex.obj
 0001:00014000       sf_mex_call                0000000180015000 f   sfc_mex:sfc_mex.obj
 0001:00014650       sf_mex_createstruct        0000000180015650 f   sfc_mex:sfc_mex.obj
 0001:00014740       sf_mex_createstructarray   0000000180015740 f   sfc_mex:sfc_mex.obj
 0001:000147c0       sf_mex_get_mx_datatype_from_sf_datatype 00000001800157c0 f   sfc_mex:sfc_mex.obj
 0001:00014ad0       sf_mex_ml_var_sub          0000000180015ad0 f   sfc_mex:sfc_mex.obj
 0001:00014ca0       sf_mex_ml_var_subsasgn     0000000180015ca0 f   sfc_mex:sfc_mex.obj
 0001:00015090       sf_mex_sub                 0000000180016090 f   sfc_mex:sfc_mex.obj
 0001:00015290       sf_mex_subsasgn            0000000180016290 f   sfc_mex:sfc_mex.obj
 0001:00015770       sf_mex_create              0000000180016770 f   sfc_mex:sfc_mex.obj
 0001:000161c0       sf_mex_import_named        00000001800171c0 f   sfc_mex:sfc_mex.obj
 0001:00016220       sf_mex_import              0000000180017220 f   sfc_mex:sfc_mex.obj
 0001:00016270       sf_mex_import_vs           0000000180017270 f   sfc_mex:sfc_mex.obj
 0001:00016380       sf_mex_lower_fixpt_mx_array 0000000180017380 f   sfc_mex:sfc_mex.obj
 0001:00016670       sf_send_message_wrapper    0000000180017670 f   sfc_mex:sfc_sf.obj
 0001:000166a0       sf_receive_message_wrapper 00000001800176a0 f   sfc_mex:sfc_sf.obj
 0001:000166e0       sf_check_out_message_wrapper 00000001800176e0 f   sfc_mex:sfc_sf.obj
 0001:00016720       sf_check_in_message_wrapper 0000000180017720 f   sfc_mex:sfc_sf.obj
 0001:00016760       sf_no_message_wrapper      0000000180017760 f   sfc_mex:sfc_sf.obj
 0001:00016af0       sim_mode_is_rtw_gen        0000000180017af0 f   sfc_mex:sfc_sf.obj
 0001:00016b20       sim_mode_is_external       0000000180017b20 f   sfc_mex:sfc_sf.obj
 0001:00016b30       sim_mode_is_modelref_sim   0000000180017b30 f   sfc_mex:sfc_sf.obj
 0001:00016b50       mdlInitializeSizes         0000000180017b50 f   sfc_mex:sfc_sf.obj
 0001:00016b70       mdlInitializeSampleTimes   0000000180017b70 f   sfc_mex:sfc_sf.obj
 0001:00016bb0       mdlZeroCrossings           0000000180017bb0 f   sfc_mex:sfc_sf.obj
 0001:00016c90       mdlDerivatives             0000000180017c90 f   sfc_mex:sfc_sf.obj
 0001:00016d40       mdl_initialize_conditions_processing 0000000180017d40 f   sfc_mex:sfc_sf.obj
 0001:00016d70       mdlInitializeConditions    0000000180017d70 f   sfc_mex:sfc_sf.obj
 0001:00016e30       mdlGetSimState             0000000180017e30 f   sfc_mex:sfc_sf.obj
 0001:00016e40       mdlSetSimState             0000000180017e40 f   sfc_mex:sfc_sf.obj
 0001:00016e50       mdl_ext_mode_exec_processing 0000000180017e50 f   sfc_mex:sfc_sf.obj
 0001:00016e70       mdlExtModeExec             0000000180017e70 f   sfc_mex:sfc_sf.obj
 0001:00017000       mdlTerminate               0000000180018000 f   sfc_mex:sfc_sf.obj
 0001:00017070       mdlRTW                     0000000180018070 f   sfc_mex:sfc_sf.obj
 0001:000170a0       mdlSetWorkWidths           00000001800180a0 f   sfc_mex:sfc_sf.obj
 0001:000170b0       mdlProcessParameters       00000001800180b0 f   sfc_mex:sfc_sf.obj
 0001:000170c0       mdl_start_processing       00000001800180c0 f   sfc_mex:sfc_sf.obj
 0001:00017100       mdlStart                   0000000180018100 f   sfc_mex:sfc_sf.obj
 0001:000171f0       mdlEnable                  00000001800181f0 f   sfc_mex:sfc_sf.obj
 0001:000172c0       mdlDisable                 00000001800182c0 f   sfc_mex:sfc_sf.obj
 0001:00017370       sf_get_chart_instance_ptr  0000000180018370 f   sfc_mex:sfc_sf.obj
 0001:00017390       sf_load_rtw_optimization_info 0000000180018390 f   sfc_mex:sfc_sf.obj
 0001:00017460       sf_rtw_info_uint_prop      0000000180018460 f   sfc_mex:sfc_sf.obj
 0001:000175a0       sf_is_chart_inlinable      00000001800185a0 f   sfc_mex:sfc_sf.obj
 0001:000175c0       sf_mark_output_events_with_multiple_callers 00000001800185c0 f   sfc_mex:sfc_sf.obj
 0001:00017750       sf_mark_chart_reusable_outputs 0000000180018750 f   sfc_mex:sfc_sf.obj
 0001:000179b0       sf_mark_chart_expressionable_inputs 00000001800189b0 f   sfc_mex:sfc_sf.obj
 0001:00017c10       sf_get_subchart_simstruct  0000000180018c10 f   sfc_mex:sfc_sf.obj
 0001:00017c60       sf_get_fixpt_data_type_id  0000000180018c60 f   sfc_mex:sfc_sf.obj
 0001:00017ca0       sf_get_enum_data_type_id   0000000180018ca0 f   sfc_mex:sfc_sf.obj
 0001:00017ce0       sf_get_param_data_type_id  0000000180018ce0 f   sfc_mex:sfc_sf.obj
 0001:00017d10       sf_mex_listen_for_ctrl_c_force 0000000180018d10 f   sfc_mex:sfc_sf.obj
 0001:00017e20       sf_mex_draw_now            0000000180018e20 f   sfc_mex:sfc_sf.obj
 0001:00017e60       sf_mex_set_debugger_sim_status_listener_fcn 0000000180018e60 f   sfc_mex:sfc_sf.obj
 0001:00017e70       sf_mex_listen_for_ctrl_c   0000000180018e70 f   sfc_mex:sfc_sf.obj
 0001:00017f00       sf_mex_get_sfun_param      0000000180018f00 f   sfc_mex:sfc_sf.obj
 0001:00017f50       sf_get_runtime_param_data  0000000180018f50 f   sfc_mex:sfc_sf.obj
 0001:00017f90       sf_call_output_fcn_call    0000000180018f90 f   sfc_mex:sfc_sf.obj
 0001:000180d0       sf_call_output_fcn_enable  00000001800190d0 f   sfc_mex:sfc_sf.obj
 0001:00018160       sf_call_output_fcn_disable 0000000180019160 f   sfc_mex:sfc_sf.obj
 0001:000181f0       sf_clear_rtw_identifier    00000001800191f0 f   sfc_mex:sfc_sf.obj
 0001:000189e0       sf_set_encoded_dwork_info  00000001800199e0 f   sfc_mex:sfc_sf.obj
 0001:00018a30       sf_get_dwork_info_from_mat_file 0000000180019a30 f   sfc_mex:sfc_sf.obj
 0001:00018bf0       sf_set_rtw_dwork_info      0000000180019bf0 f   sfc_mex:sfc_sf.obj
 0001:00018d60       mdlOutputs                 0000000180019d60 f   sfc_mex:sfc_sf.obj
 0001:00018f00       sf_debug_disp              0000000180019f00 f   sfc_debug:sfcdebug.obj
 0001:00019160       sf_debug_data_runtime_size_mismatch_error_check 000000018001a160 f   sfc_debug:sfcdebug.obj
 0001:00019200       sf_debug_try_loading_machine 000000018001a200 f   sfc_debug:sfcdebug.obj
 0001:00019300       sf_debug_reset_current_state_configuration 000000018001a300 f   sfc_debug:sfcdebug.obj
 0001:00019390       sf_debug_store_current_state_configuration 000000018001a390 f   sfc_debug:sfcdebug.obj
 0001:00019420       sf_debug_restore_previous_state_configuration 000000018001a420 f   sfc_debug:sfcdebug.obj
 0001:000194b0       sf_debug_restore_previous_state_configuration2 000000018001a4b0 f   sfc_debug:sfcdebug.obj
 0001:00019540       sf_debug_get_event_scope   000000018001a540 f   sfc_debug:sfcdebug.obj
 0001:000196b0       use_debugger_step_animation 000000018001a6b0 f   sfc_debug:sfcdebug.obj
 0001:000196d0       sf_debug_get_script_id     000000018001a6d0 f   sfc_debug:sfcdebug.obj
 0001:00019760       sf_debug_set_script_translation 000000018001a760 f   sfc_debug:sfcdebug.obj
 0001:000198e0       sf_debug_extract_message_post_receive_info 000000018001a8e0 f   sfc_debug:sfcdebug.obj
 0001:000199e0       sf_debug_get_current_machine_id 000000018001a9e0 f   sfc_debug:sfcdebug.obj
 0001:00019a00       sf_debug_get_current_optional_integer 000000018001aa00 f   sfc_debug:sfcdebug.obj
 0001:00019a10       sf_debug_get_current_machine_number 000000018001aa10 f   sfc_debug:sfcdebug.obj
 0001:00019a30       sf_debug_get_current_machine_name 000000018001aa30 f   sfc_debug:sfcdebug.obj
 0001:00019a50       sf_debug_get_current_chart_id 000000018001aa50 f   sfc_debug:sfcdebug.obj
 0001:00019aa0       sf_debug_get_current_chart_number 000000018001aaa0 f   sfc_debug:sfcdebug.obj
 0001:00019ab0       sf_debug_get_current_instance_number 000000018001aab0 f   sfc_debug:sfcdebug.obj
 0001:00019ac0       sf_debug_get_current_is_minor_time_step 000000018001aac0 f   sfc_debug:sfcdebug.obj
 0001:00019b40       sf_debug_get_current_object_type 000000018001ab40 f   sfc_debug:sfcdebug.obj
 0001:00019b50       sf_debug_get_current_instance_handle 000000018001ab50 f   sfc_debug:sfcdebug.obj
 0001:00019bb0       sf_debug_get_current_event_type 000000018001abb0 f   sfc_debug:sfcdebug.obj
 0001:00019bc0       sf_debug_get_current_object_id 000000018001abc0 f   sfc_debug:sfcdebug.obj
 0001:00019c00       sf_debug_get_current_active_event_type 000000018001ac00 f   sfc_debug:sfcdebug.obj
 0001:00019c10       sf_debug_get_current_active_event_id 000000018001ac10 f   sfc_debug:sfcdebug.obj
 0001:00019c50       sf_debug_get_current_tag_type 000000018001ac50 f   sfc_debug:sfcdebug.obj
 0001:00019c60       sf_debug_get_current_simulation_time 000000018001ac60 f   sfc_debug:sfcdebug.obj
 0001:00019c70       sf_debug_get_current_coverage_percentage 000000018001ac70 f   sfc_debug:sfcdebug.obj
 0001:00019c80       sf_debug_current_statement_context 000000018001ac80 f   sfc_debug:sfcdebug.obj
 0001:00019d10       sf_debug_get_current_statement_info 000000018001ad10 f   sfc_debug:sfcdebug.obj
 0001:00019e90       sf_debug_terminate_instance 000000018001ae90 f   sfc_debug:sfcdebug.obj
 0001:0001a1d0       sf_debug_assertion_failed  000000018001b1d0 f   sfc_debug:sfcdebug.obj
 0001:0001a380       sf_debug_set_number_of_data_with_change_event_for_machine 000000018001b380 f   sfc_debug:sfcdebug.obj
 0001:0001a3c0       sf_debug_set_machine_event_thresholds 000000018001b3c0 f   sfc_debug:sfcdebug.obj
 0001:0001a3e0       sf_debug_set_machine_event_scope 000000018001b3e0 f   sfc_debug:sfcdebug.obj
 0001:0001a420       sf_debug_set_machine_data_thresholds 000000018001b420 f   sfc_debug:sfcdebug.obj
 0001:0001a460       sf_debug_set_machine_data_scope 000000018001b460 f   sfc_debug:sfcdebug.obj
 0001:0001a4f0       sf_debug_set_machine_data_name 000000018001b4f0 f   sfc_debug:sfcdebug.obj
 0001:0001a590       sf_debug_set_machine_data_size 000000018001b590 f   sfc_debug:sfcdebug.obj
 0001:0001a6d0       sf_debug_set_machine_data_type 000000018001b6d0 f   sfc_debug:sfcdebug.obj
 0001:0001a840       sf_debug_get_chart_data_number 000000018001b840 f   sfc_debug:sfcdebug.obj
 0001:0001a860       sf_debug_get_chart_event_number 000000018001b860 f   sfc_debug:sfcdebug.obj
 0001:0001a880       sf_debug_set_chart_state_info 000000018001b880 f   sfc_debug:sfcdebug.obj
 0001:0001a900       sf_debug_set_chart_decomposition 000000018001b900 f   sfc_debug:sfcdebug.obj
 0001:0001a970       sf_debug_set_chart_substate_count 000000018001b970 f   sfc_debug:sfcdebug.obj
 0001:0001aa50       sf_debug_set_chart_substate_index 000000018001ba50 f   sfc_debug:sfcdebug.obj
 0001:0001aac0       sf_debug_set_chart_state_substate_count 000000018001bac0 f   sfc_debug:sfcdebug.obj
 0001:0001abd0       sf_debug_set_chart_state_substate_index 000000018001bbd0 f   sfc_debug:sfcdebug.obj
 0001:0001ac50       sf_debug_set_number_of_data_with_change_event_for_chart 000000018001bc50 f   sfc_debug:sfcdebug.obj
 0001:0001acd0       sf_debug_set_number_of_states_with_entry_event_for_chart 000000018001bcd0 f   sfc_debug:sfcdebug.obj
 0001:0001ad40       sf_debug_set_number_of_states_with_exit_event_for_chart 000000018001bd40 f   sfc_debug:sfcdebug.obj
 0001:0001adb0       sf_debug_set_chart_disable_implicit_casting 000000018001bdb0 f   sfc_debug:sfcdebug.obj
 0001:0001ae20       sf_debug_set_chart_event_thresholds 000000018001be20 f   sfc_debug:sfcdebug.obj
 0001:0001ae90       sf_debug_set_chart_data_compiled_props 000000018001be90 f   sfc_debug:sfcdebug.obj
 0001:0001b1e0       sf_debug_set_chart_data_props 000000018001c1e0 f   sfc_debug:sfcdebug.obj
 0001:0001b500       sf_debug_check_fi_license  000000018001c500 f   sfc_debug:sfcdebug.obj
 0001:0001b6f0       sf_debug_symbol_scope_push 000000018001c6f0 f   sfc_debug:sfcdebug.obj
 0001:0001b730       sf_debug_symbol_scope_push_eml 000000018001c730 f   sfc_debug:sfcdebug.obj
 0001:0001b780       sf_debug_symbol_scope_pop  000000018001c780 f   sfc_debug:sfcdebug.obj
 0001:0001b7c0       sf_debug_symbol_scope_add_importable 000000018001c7c0 f   sfc_debug:sfcdebug.obj
 0001:0001b840       sf_debug_symbol_scope_add  000000018001c840 f   sfc_debug:sfcdebug.obj
 0001:0001b8c0       sf_debug_symbol_scope_add_dyn_importable 000000018001c8c0 f   sfc_debug:sfcdebug.obj
 0001:0001b980       sf_debug_symbol_scope_add_dyn 000000018001c980 f   sfc_debug:sfcdebug.obj
 0001:0001b9b0       sf_debug_symbol_scope_add_eml_importable 000000018001c9b0 f   sfc_debug:sfcdebug.obj
 0001:0001b9f0       sf_debug_symbol_scope_add_eml 000000018001c9f0 f   sfc_debug:sfcdebug.obj
 0001:0001ba30       sf_debug_symbol_scope_add_eml_dyn_importable 000000018001ca30 f   sfc_debug:sfcdebug.obj
 0001:0001baa0       sf_debug_symbol_scope_add_eml_dyn 000000018001caa0 f   sfc_debug:sfcdebug.obj
 0001:0001bb00       sf_debug_symbol_switch     000000018001cb00 f   sfc_debug:sfcdebug.obj
 0001:0001bb20       sf_debug_symbol_scope_add_verbose 000000018001cb20 f   sfc_debug:sfcdebug.obj
 0001:0001bbf0       sf_debug_set_machine_data_value_ptr 000000018001cbf0 f   sfc_debug:sfcdebug.obj
 0001:0001bc30       sf_debug_set_instance_data_value_ptr 000000018001cc30 f   sfc_debug:sfcdebug.obj
 0001:0001bcf0       sf_debug_unset_instance_data_value_ptr 000000018001ccf0 f   sfc_debug:sfcdebug.obj
 0001:0001bda0       sf_debug_set_chart_event_scope 000000018001cda0 f   sfc_debug:sfcdebug.obj
 0001:0001be20       sf_debug_set_chart_transition_coverage_maps 000000018001ce20 f   sfc_debug:sfcdebug.obj
 0001:0001bf30       sf_debug_set_chart_state_coverage_maps 000000018001cf30 f   sfc_debug:sfcdebug.obj
 0001:0001c010       sf_debug_set_instance_transition_coverage_weights 000000018001d010 f   sfc_debug:sfcdebug.obj
 0001:0001c0b0       sf_debug_set_instance_state_coverage_weights 000000018001d0b0 f   sfc_debug:sfcdebug.obj
 0001:0001c300       sf_debug_unload_machine    000000018001d300 f   sfc_debug:sfcdebug.obj
 0001:0001c350       sf_debug_load_machine      000000018001d350 f   sfc_debug:sfcdebug.obj
 0001:0001c450       sf_debug_set_active_instance_in_data_dictionary 000000018001d450 f   sfc_debug:sfcdebug.obj
 0001:0001c630       sf_debug_set_active_instance 000000018001d630 f   sfc_debug:sfcdebug.obj
 0001:0001c770       sf_debug_chart_visiblity_change 000000018001d770 f   sfc_debug:sfcdebug.obj
 0001:0001c850       sf_debug_select_chart      000000018001d850 f   sfc_debug:sfcdebug.obj
 0001:0001c920       sf_debug_set_instance_cv_ids 000000018001d920 f   sfc_debug:sfcdebug.obj
 0001:0001cc30       sf_debug_select_charts     000000018001dc30 f   sfc_debug:sfcdebug.obj
 0001:0001cd70       sf_debug_initialized       000000018001dd70 f   sfc_debug:sfcdebug.obj
 0001:0001cd80       sf_debug_is_uninterruptible 000000018001dd80 f   sfc_debug:sfcdebug.obj
 0001:0001cdb0       sf_debug_initialize_debugger_gui 000000018001ddb0 f   sfc_debug:sfcdebug.obj
 0001:0001d1a0       sf_debug_resume            000000018001e1a0 f   sfc_debug:sfcdebug.obj
 0001:0001d1c0       sf_debug_go                000000018001e1c0 f   sfc_debug:sfcdebug.obj
 0001:0001d1d0       sf_debug_break             000000018001e1d0 f   sfc_debug:sfcdebug.obj
 0001:0001d1e0       sf_debug_step_over         000000018001e1e0 f   sfc_debug:sfcdebug.obj
 0001:0001d1f0       sf_debug_step_out          000000018001e1f0 f   sfc_debug:sfcdebug.obj
 0001:0001d200       sf_debug_set_disable_all_breakpoints 000000018001e200 f   sfc_debug:sfcdebug.obj
 0001:0001d210       sf_debug_disable_all_breakpoints_and_go 000000018001e210 f   sfc_debug:sfcdebug.obj
 0001:0001d220       sf_debug_break_on_chart_entry 000000018001e220 f   sfc_debug:sfcdebug.obj
 0001:0001d230       sf_debug_break_on_event_broadcast 000000018001e230 f   sfc_debug:sfcdebug.obj
 0001:0001d240       sf_debug_break_on_state_entry 000000018001e240 f   sfc_debug:sfcdebug.obj
 0001:0001d250       sf_debug_break_between_times 000000018001e250 f   sfc_debug:sfcdebug.obj
 0001:0001d270       sf_debug_browse_data       000000018001e270 f   sfc_debug:sfcdebug.obj
 0001:0001d290       sf_debug_watch_data        000000018001e290 f   sfc_debug:sfcdebug.obj
 0001:0001d2b0       sf_debug_assign_data       000000018001e2b0 f   sfc_debug:sfcdebug.obj
 0001:0001d2d0       sf_debug_whos              000000018001e2d0 f   sfc_debug:sfcdebug.obj
 0001:0001d2f0       sf_debug_get_consistency_info 000000018001e2f0 f   sfc_debug:sfcdebug.obj
 0001:0001d300       sf_debug_browse_trace      000000018001e300 f   sfc_debug:sfcdebug.obj
 0001:0001d310       sf_debug_set_breakpoints   000000018001e310 f   sfc_debug:sfcdebug.obj
 0001:0001d470       sf_debug_set_eml_breakpoints 000000018001e470 f   sfc_debug:sfcdebug.obj
 0001:0001d5d0       sf_debug_set_script_breakpoints 000000018001e5d0 f   sfc_debug:sfcdebug.obj
 0001:0001d650       sf_debug_add_script_breakpoints 000000018001e650 f   sfc_debug:sfcdebug.obj
 0001:0001d6c0       sf_debug_clear_script_breakpoints 000000018001e6c0 f   sfc_debug:sfcdebug.obj
 0001:0001d730       sf_debug_query_script_breakpoints 000000018001e730 f   sfc_debug:sfcdebug.obj
 0001:0001d7f0       sf_debug_get_eml_script_id 000000018001e7f0 f   sfc_debug:sfcdebug.obj
 0001:0001d840       sf_debug_set_watch         000000018001e840 f   sfc_debug:sfcdebug.obj
 0001:0001da70       sf_debug_get_instance_handle 000000018001ea70 f   sfc_debug:sfcdebug.obj
 0001:0001db00       sf_debug_get_active_states 000000018001eb00 f   sfc_debug:sfcdebug.obj
 0001:0001db10       sf_debug_get_animation     000000018001eb10 f   sfc_debug:sfcdebug.obj
 0001:0001db20       sf_debug_set_animation     000000018001eb20 f   sfc_debug:sfcdebug.obj
 0001:0001db30       sf_debug_animate           000000018001eb30 f   sfc_debug:sfcdebug.obj
 0001:0001db60       sf_debug_cycle_detection_check 000000018001eb60 f   sfc_debug:sfcdebug.obj
 0001:0001db70       sf_debug_data_range_check  000000018001eb70 f   sfc_debug:sfcdebug.obj
 0001:0001db80       sf_debug_transition_conflict_check 000000018001eb80 f   sfc_debug:sfcdebug.obj
 0001:0001db90       sf_debug_state_consistency_check 000000018001eb90 f   sfc_debug:sfcdebug.obj
 0001:0001dba0       sf_debug_data_range_check_enabled 000000018001eba0 f   sfc_debug:sfcdebug.obj
 0001:0001dbc0       sf_debug_transition_conflict_check_enabled 000000018001ebc0 f   sfc_debug:sfcdebug.obj
 0001:0001dbe0       sf_debug_transition_conflict_check_begin 000000018001ebe0 f   sfc_debug:sfcdebug.obj
 0001:0001dc00       sf_debug_transition_conflict_check_end 000000018001ec00 f   sfc_debug:sfcdebug.obj
 0001:0001dc20       sf_debug_stop_debugging    000000018001ec20 f   sfc_debug:sfcdebug.obj
 0001:0001dc50       sf_debug_is_cycle_detected 000000018001ec50 f   sfc_debug:sfcdebug.obj
 0001:0001dc60       sf_debug_is_array_bounds_detected 000000018001ec60 f   sfc_debug:sfcdebug.obj
 0001:0001dc70       sf_debug_get_state_vectors_data_size 000000018001ec70 f   sfc_debug:sfcdebug.obj
 0001:0001dcb0       sf_debug_get_state_vectors_data 000000018001ecb0 f   sfc_debug:sfcdebug.obj
 0001:0001ddb0       sf_debug_set_state_vectors_data 000000018001edb0 f   sfc_debug:sfcdebug.obj
 0001:0001e070       sf_debug_get_script_index  000000018001f070 f   sfc_debug:sfcdebug.obj
 0001:0001e200       sf_debug_add_script        000000018001f200 f   sfc_debug:sfcdebug.obj
 0001:0001e390       cv_eval_point              000000018001f390 f   sfc_debug:sfcdebug.obj
 0001:0001e500       cv_eval_testobjective      000000018001f500 f   sfc_debug:sfcdebug.obj
 0001:0001e620       sf_debug_cv_init_state     000000018001f620 f   sfc_debug:sfcdebug.obj
 0001:0001e740       sf_debug_cv_init_chart     000000018001f740 f   sfc_debug:sfcdebug.obj
 0001:0001e820       sf_debug_cv_init_trans     000000018001f820 f   sfc_debug:sfcdebug.obj
 0001:0001e920       sf_debug_cv_init_testobjectives 000000018001f920 f   sfc_debug:sfcdebug.obj
 0001:0001eb00       cv_eml_init_script         000000018001fb00 f   sfc_debug:sfcdebug.obj
 0001:0001ec00       cv_eml_init_fcn            000000018001fc00 f   sfc_debug:sfcdebug.obj
 0001:0001ecb0       cv_eml_init_testobjective  000000018001fcb0 f   sfc_debug:sfcdebug.obj
 0001:0001ed80       cv_eml_init_if             000000018001fd80 f   sfc_debug:sfcdebug.obj
 0001:0001ee50       cv_eml_init_for            000000018001fe50 f   sfc_debug:sfcdebug.obj
 0001:0001ef10       cv_eml_init_while          000000018001ff10 f   sfc_debug:sfcdebug.obj
 0001:0001efd0       cv_eml_init_mcdc           000000018001ffd0 f   sfc_debug:sfcdebug.obj
 0001:0001f0e0       cv_eml_init_switch         00000001800200e0 f   sfc_debug:sfcdebug.obj
 0001:0001f1d0       cv_eml_eval                00000001800201d0 f   sfc_debug:sfcdebug.obj
 0001:0001f2b0       sf_debug_bm_is_a_eml_breakpoint 00000001800202b0 f   sfc_debug:sfcdebug.obj
 0001:0001f400       sf_debug_temporal_threshold 0000000180020400 f   sfc_debug:sfcdebug.obj
 0001:0001f760       sf_debug_transition_conflict_error 0000000180020760 f   sfc_debug:sfcdebug.obj
 0001:0001fae0       sf_debug_state_inconsistency_error 0000000180020ae0 f   sfc_debug:sfcdebug.obj
 0001:0001fc00       sf_debug_check_for_state_inconsistency 0000000180020c00 f   sfc_debug:sfcdebug.obj
 0001:0001fc30       sf_debug_cycle_detecton_error 0000000180020c30 f   sfc_debug:sfcdebug.obj
 0001:00020420       sf_debug_size_eq_check_1d  0000000180021420 f   sfc_debug:sfcdebug.obj
 0001:00020440       sf_debug_size_eq_check_nd  0000000180021440 f   sfc_debug:sfcdebug.obj
 0001:00020620       sf_debug_dim_size_eq_check 0000000180021620 f   sfc_debug:sfcdebug.obj
 0001:00020650       sf_debug_dim_size_geq_check 0000000180021650 f   sfc_debug:sfcdebug.obj
 0001:00020680       sf_debug_sub_assign_size_check_nd 0000000180021680 f   sfc_debug:sfcdebug.obj
 0001:000208c0       sf_debug_matrix_matrix_index_check 00000001800218c0 f   sfc_debug:sfcdebug.obj
 0001:000208f0       sf_debug_vector_vector_index_check 00000001800218f0 f   sfc_debug:sfcdebug.obj
 0001:00020920       sf_debug_for_loop_vector_check 0000000180021920 f   sfc_debug:sfcdebug.obj
 0001:000209a0       sf_debug_runtime_error_msgid 00000001800219a0 f   sfc_debug:sfcdebug.obj
 0001:00020a30       sf_debug_data_array_bounds_error_check 0000000180021a30 f   sfc_debug:sfcdebug.obj
 0001:00020b40       sf_debug_eml_data_array_bounds_error_check 0000000180021b40 f   sfc_debug:sfcdebug.obj
 0001:00021020       sf_debug_integer_check     0000000180022020 f   sfc_debug:sfcdebug.obj
 0001:00021100       sf_debug_not_nan_check     0000000180022100 f   sfc_debug:sfcdebug.obj
 0001:000211c0       sf_debug_non_negative_check 00000001800221c0 f   sfc_debug:sfcdebug.obj
 0001:00021280       sf_debug_overflow_detection 0000000180022280 f   sfc_debug:sfcdebug.obj
 0001:00021970       sf_debug_cast_to_real32_T  0000000180022970 f   sfc_debug:sfcdebug.obj
 0001:00021a30       sf_debug_cast_to_int8_T    0000000180022a30 f   sfc_debug:sfcdebug.obj
 0001:00021af0       sf_debug_cast_to_uint8_T   0000000180022af0 f   sfc_debug:sfcdebug.obj
 0001:00021bb0       sf_debug_cast_to_int16_T   0000000180022bb0 f   sfc_debug:sfcdebug.obj
 0001:00021c70       sf_debug_cast_to_uint16_T  0000000180022c70 f   sfc_debug:sfcdebug.obj
 0001:00021d30       sf_debug_cast_to_int32_T   0000000180022d30 f   sfc_debug:sfcdebug.obj
 0001:00021df0       sf_debug_cast_to_uint32_T  0000000180022df0 f   sfc_debug:sfcdebug.obj
 0001:00021eb0       sf_debug_data_range_error  0000000180022eb0 f   sfc_debug:sfcdebug.obj
 0001:00022200       sf_debug_read_before_write_check 0000000180023200 f   sfc_debug:sfcdebug.obj
 0001:000225f0       sf_debug_data_range_error_wrapper_min_max 00000001800235f0 f   sfc_debug:sfcdebug.obj
 0001:000226e0       sf_debug_data_range_error_wrapper_min 00000001800236e0 f   sfc_debug:sfcdebug.obj
 0001:000227c0       sf_debug_data_range_error_wrapper_max 00000001800237c0 f   sfc_debug:sfcdebug.obj
 0001:000228a0       sf_debug_data_range_wrapper 00000001800238a0 f   sfc_debug:sfcdebug.obj
 0001:00022950       sf_debug_set_current_status_info 0000000180023950 f   sfc_debug:sfcdebug.obj
 0001:00022d00       sf_debug_register_message_post_receive_info 0000000180023d00 f   sfc_debug:sfcdebug.obj
 0001:00022f70       sf_debug_call              0000000180023f70 f   sfc_debug:sfcdebug.obj
 0001:00023e30       sf_debug_initialize_machine 0000000180024e30 f   sfc_debug:sfcdebug.obj
 0001:00024140       sf_debug_initialize_chart  0000000180025140 f   sfc_debug:sfcdebug.obj
 0001:00024620       sf_debug_ensure_script     0000000180025620 f   sfc_debug:sfcdebug.obj
 0001:000246e0       cv_script_init_script      00000001800256e0 f   sfc_debug:sfcdebug.obj
 0001:000247c0       cv_script_init_fcn         00000001800257c0 f   sfc_debug:sfcdebug.obj
 0001:00024870       cv_script_init_testobjective 0000000180025870 f   sfc_debug:sfcdebug.obj
 0001:00024920       cv_script_init_if          0000000180025920 f   sfc_debug:sfcdebug.obj
 0001:000249d0       cv_script_init_for         00000001800259d0 f   sfc_debug:sfcdebug.obj
 0001:00024a80       cv_script_init_while       0000000180025a80 f   sfc_debug:sfcdebug.obj
 0001:00024b30       cv_script_init_mcdc        0000000180025b30 f   sfc_debug:sfcdebug.obj
 0001:00024c30       cv_script_init_switch      0000000180025c30 f   sfc_debug:sfcdebug.obj
 0001:00024d10       cv_script_eval             0000000180025d10 f   sfc_debug:sfcdebug.obj
 0001:00024df0       eml_debug_line_call        0000000180025df0 f   sfc_debug:sfcdebug.obj
 0001:00024fa0       sf_debug_terminate         0000000180025fa0 f   sfc_debug:sfcdebug.obj
 0001:00025110       sf_debug_set_script_cv_ids 0000000180026110 f   sfc_debug:sfcdebug.obj
 0001:00025240       sf_debug_api               0000000180026240 f   sfc_debug:sfc_api.obj
 0001:00026a20       sf_debug_sm_terminate      0000000180027a20 f   sfc_debug:sfdb_animation.obj
 0001:00026be0       sf_debug_reset_path_objects 0000000180027be0 f   sfc_debug:sfdb_animation.obj
 0001:00026c60       sf_debug_sm_reset_object_selection_status 0000000180027c60 f   sfc_debug:sfdb_animation.obj
 0001:00026d00       sf_debug_sm_reset_state_buffer 0000000180027d00 f   sfc_debug:sfdb_animation.obj
 0001:00026dd0       sf_debug_sm_store_state_buffer 0000000180027dd0 f   sfc_debug:sfdb_animation.obj
 0001:00026e50       sf_debug_sm_restore_state_buffer1 0000000180027e50 f   sfc_debug:sfdb_animation.obj
 0001:00026ec0       sf_debug_sm_restore_state_buffer2 0000000180027ec0 f   sfc_debug:sfdb_animation.obj
 0001:00026f30       sf_debug_sm_chart_active   0000000180027f30 f   sfc_debug:sfdb_animation.obj
 0001:00026f80       sf_debug_sm_select_active_objects 0000000180027f80 f   sfc_debug:sfdb_animation.obj
 0001:00027430       sf_debug_sm_is_chart_active 0000000180028430 f   sfc_debug:sfdb_animation.obj
 0001:00027470       sf_debug_sm_is_state_active 0000000180028470 f   sfc_debug:sfdb_animation.obj
 0001:000276b0       sf_debug_sm_get_active_states 00000001800286b0 f   sfc_debug:sfdb_animation.obj
 0001:00027c70       sf_debug_sm_initialize_instance 0000000180028c70 f   sfc_debug:sfdb_animation.obj
 0001:00027ec0       sf_debug_sm_change_object_selection_status 0000000180028ec0 f   sfc_debug:sfdb_animation.obj
 0001:000281b0       cv_create_interface        00000001800291b0 f   sfc_debug:cv_sfinterface.obj
 0001:00028510       cv_init_trans              0000000180029510 f   sfc_debug:cv_sfinterface.obj
 0001:00028560       cv_init_testobjective      0000000180029560 f   sfc_debug:cv_sfinterface.obj
 0001:000285a0       cv_init_state              00000001800295a0 f   sfc_debug:cv_sfinterface.obj
 0001:00028610       cv_init_chart              0000000180029610 f   sfc_debug:cv_sfinterface.obj
 0001:00028660       cv_dec_update_call         0000000180029660 f   sfc_debug:cv_sfinterface.obj
 0001:000286a0       cv_cond_update_call        00000001800296a0 f   sfc_debug:cv_sfinterface.obj
 0001:000286e0       cv_testobjective_update_call 00000001800296e0 f   sfc_debug:cv_sfinterface.obj
 0001:00028720       cv_sigrange_update         0000000180029720 f   sfc_debug:cv_sfinterface.obj
 0001:00028760       cvsf_eml_eval              0000000180029760 f   sfc_debug:cv_sfinterface.obj
 0001:00028840       cvsf_eml_init_script       0000000180029840 f   sfc_debug:cv_sfinterface.obj
 0001:000288c0       cvsf_eml_init_fcn          00000001800298c0 f   sfc_debug:cv_sfinterface.obj
 0001:00028920       cvsf_eml_init_testobjective 0000000180029920 f   sfc_debug:cv_sfinterface.obj
 0001:00028980       cvsf_eml_init_if           0000000180029980 f   sfc_debug:cv_sfinterface.obj
 0001:000289e0       cvsf_eml_init_for          00000001800299e0 f   sfc_debug:cv_sfinterface.obj
 0001:00028a30       cvsf_eml_init_while        0000000180029a30 f   sfc_debug:cv_sfinterface.obj
 0001:00028a80       cvsf_eml_init_mcdc         0000000180029a80 f   sfc_debug:cv_sfinterface.obj
 0001:00028b10       cvsf_eml_init_switch       0000000180029b10 f   sfc_debug:cv_sfinterface.obj
 0001:00028b80       cvsf_script_eval           0000000180029b80 f   sfc_debug:cv_sfinterface.obj
 0001:00028c60       cvsf_script_init_script    0000000180029c60 f   sfc_debug:cv_sfinterface.obj
 0001:00028ce0       cvsf_script_init_fcn       0000000180029ce0 f   sfc_debug:cv_sfinterface.obj
 0001:00028d40       cvsf_script_init_testobjective 0000000180029d40 f   sfc_debug:cv_sfinterface.obj
 0001:00028da0       cvsf_script_init_if        0000000180029da0 f   sfc_debug:cv_sfinterface.obj
 0001:00028e00       cvsf_script_init_for       0000000180029e00 f   sfc_debug:cv_sfinterface.obj
 0001:00028e50       cvsf_script_init_while     0000000180029e50 f   sfc_debug:cv_sfinterface.obj
 0001:00028ea0       cvsf_script_init_mcdc      0000000180029ea0 f   sfc_debug:cv_sfinterface.obj
 0001:00028f30       cvsf_script_init_switch    0000000180029f30 f   sfc_debug:cv_sfinterface.obj
 0001:00028fa0       cv_destroy_interface       0000000180029fa0 f   sfc_debug:cv_sfinterface.obj
 0001:00028fc0       cv_create_instance_objects 0000000180029fc0 f   sfc_debug:cv_sfinterface.obj
 0001:00029470       cv_is_enabled              000000018002a470 f   sfc_debug:cv_sfinterface.obj
 0001:00029480       sf_debug_cv_initialize_script 000000018002a480 f   sfc_debug:cv_sfinterface.obj
 0001:00029630       sf_debug_cv_initialize_instance 000000018002a630 f   sfc_debug:cv_sfinterface.obj
 0001:000299d0       sf_debug_cv_terminate_chart 000000018002a9d0 f   sfc_debug:cv_sfinterface.obj
 0001:00029b10       cv_call_trans_test         000000018002ab10 f   sfc_debug:cv_sfinterface.obj
 0001:00029b20       cv_call_sub_cond_test      000000018002ab20 f   sfc_debug:cv_sfinterface.obj
 0001:00029b60       sf_debug_st_initialize_machine 000000018002ab60 f   sfc_debug:sfdb_data_browse.obj
 0001:00029c20       sf_debug_st_initialize_instance 000000018002ac20 f   sfc_debug:sfdb_data_browse.obj
 0001:00029e50       sf_debug_st_terminate      000000018002ae50 f   sfc_debug:sfdb_data_browse.obj
 0001:0002a1f0       sf_debug_st_set_data_value_ptr_in_machine 000000018002b1f0 f   sfc_debug:sfdb_data_browse.obj
 0001:0002a280       sf_debug_st_set_data_value_ptr_in_instance 000000018002b280 f   sfc_debug:sfdb_data_browse.obj
 0001:0002a360       sf_debug_st_unset_data_value_ptr_in_machine 000000018002b360 f   sfc_debug:sfdb_data_browse.obj
 0001:0002a3d0       sf_debug_st_unset_data_value_ptr_in_instance 000000018002b3d0 f   sfc_debug:sfdb_data_browse.obj
 0001:0002a6e0       sf_debug_mx_value          000000018002b6e0 f   sfc_debug:sfdb_data_browse.obj
 0001:0002a740       sf_debug_mx_packed_vector  000000018002b740 f   sfc_debug:sfdb_data_browse.obj
 0001:0002a820       sf_debug_mx_uint_vector    000000018002b820 f   sfc_debug:sfdb_data_browse.obj
 0001:0002a8e0       sf_debug_st_get_double_value_from_void_ptr_vector 000000018002b8e0 f   sfc_debug:sfdb_data_browse.obj
 0001:0002b3d0       sf_debug_st_browse_data    000000018002c3d0 f   sfc_debug:sfdb_data_browse.obj
 0001:0002bc60       sf_debug_hm_initialize_instance 000000018002cc60 f   sfc_debug:sfdb_handle_management.obj
 0001:0002c1e0       sf_debug_hm_get_object_id  000000018002d1e0 f   sfc_debug:sfdb_handle_management.obj
 0001:0002e150       sf_debug_object_is_eml_function 000000018002f150 f   sfc_debug:sfdb_handle_management.obj
 0001:0002e1c0       sf_debug_hm_initialize_ids_in_machine 000000018002f1c0 f   sfc_debug:sfdb_handle_management.obj
 0001:0002e330       sf_debug_hm_initialize_ids_in_chart 000000018002f330 f   sfc_debug:sfdb_handle_management.obj
 0001:0002e470       sf_debug_hm_initialize_chart 000000018002f470 f   sfc_debug:sfdb_handle_management.obj
 0001:0002ec20       sf_debug_hm_terminate      000000018002fc20 f   sfc_debug:sfdb_handle_management.obj
 0001:0002ec80       sf_debug_hm_initialize_machine 000000018002fc80 f   sfc_debug:sfdb_handle_management.obj
 0001:0002f430       sf_debug_ss_initialize     0000000180030430 f   sfc_debug:sfdb_symbol_scope.obj
 0001:0002f450       sf_debug_ss_terminate      0000000180030450 f   sfc_debug:sfdb_symbol_scope.obj
 0001:0002f4e0       sf_debug_ss_push_symbol_scope 00000001800304e0 f   sfc_debug:sfdb_symbol_scope.obj
 0001:0002f5e0       sf_debug_ss_push_symbol_scope_eml 00000001800305e0 f   sfc_debug:sfdb_symbol_scope.obj
 0001:0002f640       sf_debug_ss_pop_symbol_scope 0000000180030640 f   sfc_debug:sfdb_symbol_scope.obj
 0001:0002f6f0       sf_debug_ss_add_symbol     00000001800306f0 f   sfc_debug:sfdb_symbol_scope.obj
 0001:0002f850       sf_debug_ss_add_symbol_eml 0000000180030850 f   sfc_debug:sfdb_symbol_scope.obj
 0001:00030530       sf_debug_ss_set_data_value 0000000180031530 f   sfc_debug:sfdb_symbol_scope.obj
 0001:000309d0       sf_debug_ss_watch_data     00000001800319d0 f   sfc_debug:sfdb_symbol_scope.obj
 0001:00030a70       sf_debug_ss_assign_data    0000000180031a70 f   sfc_debug:sfdb_symbol_scope.obj
 0001:00031470       get_data_entry_name        0000000180032470 f   sfc_debug:sfdb_symbol_scope.obj
 0001:000314c0       sf_debug_ss_whos           00000001800324c0 f   sfc_debug:sfdb_symbol_scope.obj
 0001:00031bd0       sf_debug_cc_initialize_chart 0000000180032bd0 f   sfc_debug:sfdb_coverage.obj
 0001:000325c0       sf_debug_cc_initialize_instance 00000001800335c0 f   sfc_debug:sfdb_coverage.obj
 0001:000333c0       sf_debug_cc_terminate      00000001800343c0 f   sfc_debug:sfdb_coverage.obj
 0001:000334b0       sf_debug_cc_set_transition_maps 00000001800344b0 f   sfc_debug:sfdb_coverage.obj
 0001:000335e0       sf_debug_cc_set_state_maps 00000001800345e0 f   sfc_debug:sfdb_coverage.obj
 0001:000336c0       sf_debug_cc_set_transition_weights 00000001800346c0 f   sfc_debug:sfdb_coverage.obj
 0001:00033990       sf_debug_cc_set_state_weights 0000000180034990 f   sfc_debug:sfdb_coverage.obj
 0001:00033c60       sf_debug_cc_mark_transition_guard 0000000180034c60 f   sfc_debug:sfdb_coverage.obj
 0001:00033cf0       sf_debug_cc_mark_transition_trigger 0000000180034cf0 f   sfc_debug:sfdb_coverage.obj
 0001:00033d80       sf_debug_cc_mark_transition_decision 0000000180034d80 f   sfc_debug:sfdb_coverage.obj
 0001:00033df0       sf_debug_cc_mark_transition_condition_action 0000000180034df0 f   sfc_debug:sfdb_coverage.obj
 0001:00033e40       sf_debug_cc_mark_transition_transition_action 0000000180034e40 f   sfc_debug:sfdb_coverage.obj
 0001:00033e90       sf_debug_cc_mark_state_entry 0000000180034e90 f   sfc_debug:sfdb_coverage.obj
 0001:00033ee0       sf_debug_cc_mark_state_during 0000000180034ee0 f   sfc_debug:sfdb_coverage.obj
 0001:00033f30       sf_debug_cc_mark_state_exit 0000000180034f30 f   sfc_debug:sfdb_coverage.obj
 0001:00033f80       sf_debug_bm_clear_script_breakpoints 0000000180034f80 f   sfc_debug:sfdb_breakpoints.obj
 0001:00033fb0       sf_debug_bm_set_script_breakpoint 0000000180034fb0 f   sfc_debug:sfdb_breakpoints.obj
 0001:00034030       sf_debug_bm_clear_single_script_breakpoint 0000000180035030 f   sfc_debug:sfdb_breakpoints.obj
 0001:000340b0       sf_debug_bm_query_script_breakpoint 00000001800350b0 f   sfc_debug:sfdb_breakpoints.obj
 0001:00034100       sf_debug_bm_initialize_scripts 0000000180035100 f   sfc_debug:sfdb_breakpoints.obj
 0001:00034820       sf_debug_bm_terminate      0000000180035820 f   sfc_debug:sfdb_breakpoints.obj
 0001:00034b10       sf_debug_bm_remove_all_breakpoints_in_machine 0000000180035b10 f   sfc_debug:sfdb_breakpoints.obj
 0001:00034b80       sf_debug_bm_remove_all_breakpoints_in_chart 0000000180035b80 f   sfc_debug:sfdb_breakpoints.obj
 0001:00034cd0       sf_debug_bm_initialize_global_breakpoints 0000000180035cd0 f   sfc_debug:sfdb_breakpoints.obj
 0001:00034e50       sf_debug_bm_set_breakpoint 0000000180035e50 f   sfc_debug:sfdb_breakpoints.obj
 0001:00035480       sf_debug_bm_set_eml_breakpoint 0000000180036480 f   sfc_debug:sfdb_breakpoints.obj
 0001:00035520       sf_debug_bm_initialize_machine_breakpoint_map 0000000180036520 f   sfc_debug:sfdb_breakpoints.obj
 0001:00035940       sf_debug_bm_is_a_breakpoint 0000000180036940 f   sfc_debug:sfdb_breakpoints.obj
 0001:00035e60       sf_debug_bm_get_all_breakpoints_in_machine 0000000180036e60 f   sfc_debug:sfdb_breakpoints.obj
 0001:00036160       sf_debug_bm_get_all_breakpoints_in_chart 0000000180037160 f   sfc_debug:sfdb_breakpoints.obj
 0001:00036e20       sf_debug_bm_initialize_machine 0000000180037e20 f   sfc_debug:sfdb_breakpoints.obj
 0001:00036ef0       sf_debug_bm_initialize_chart 0000000180037ef0 f   sfc_debug:sfdb_breakpoints.obj
 0001:00037310       sf_debug_sc_terminate      0000000180038310 f   sfc_debug:sfdb_state_consistency.obj
 0001:00037640       sf_debug_sc_is_chart_consistent 0000000180038640 f   sfc_debug:sfdb_state_consistency.obj
 0001:000378f0       sf_debug_sc_get_consistency_error_info 00000001800388f0 f   sfc_debug:sfdb_state_consistency.obj
 0001:00037d40       sf_debug_tm_terminate      0000000180038d40 f   sfc_debug:sfdb_call_stack.obj
 0001:00037e00       sf_debug_tm_push_chart_instance 0000000180038e00 f   sfc_debug:sfdb_call_stack.obj
 0001:00037f50       sf_debug_tm_pop_chart_instance 0000000180038f50 f   sfc_debug:sfdb_call_stack.obj
 0001:00037fb0       sf_debug_tm_push_trace_node 0000000180038fb0 f   sfc_debug:sfdb_call_stack.obj
 0001:00038140       sf_debug_tm_pop_trace_node 0000000180039140 f   sfc_debug:sfdb_call_stack.obj
 0001:000381c0       sf_debug_tm_get_current_global_trace_index 00000001800391c0 f   sfc_debug:sfdb_call_stack.obj
 0001:000381d0       sf_debug_tm_get_current_local_trace_index 00000001800391d0 f   sfc_debug:sfdb_call_stack.obj
 0001:00038200       sf_debug_tm_set_cycle_detected_flag 0000000180039200 f   sfc_debug:sfdb_call_stack.obj
 0001:00038240       sf_debug_tm_set_cycle_started_flag 0000000180039240 f   sfc_debug:sfdb_call_stack.obj
 0001:00038280       sf_debug_tm_get_chart_number_from_stack 0000000180039280 f   sfc_debug:sfdb_call_stack.obj
 0001:00038480       sf_debug_tm_browse_trace   0000000180039480 f   sfc_debug:sfdb_call_stack.obj
 0001:000387c0       sf_debug_cd_initialize_instance 00000001800397c0 f   sfc_debug:sfdb_cycle_detection.obj
 0001:00038a70       sf_debug_cd_mark_processed_transition_in_instance 0000000180039a70 f   sfc_debug:sfdb_cycle_detection.obj
 0001:00038b10       sf_debug_cd_checksum_push  0000000180039b10 f   sfc_debug:sfdb_cycle_detection.obj
 0001:00038dd0       sf_debug_cd_checksum_pop   0000000180039dd0 f   sfc_debug:sfdb_cycle_detection.obj
 0001:00038e40       sf_debug_cd_turn_off_cycle_detection 0000000180039e40 f   sfc_debug:sfdb_cycle_detection.obj
 0001:00038e90       sf_debug_cd_terminate      0000000180039e90 f   sfc_debug:sfdb_cycle_detection.obj
 0001:000390d0       md5_initialize_state       000000018003a0d0 f   sfc_debug:ckmd5.obj
 0001:00039b40       md5_update_state           000000018003ab40 f   sfc_debug:ckmd5.obj
 0001:00039b60       md5_get_hash               000000018003ab60 f   sfc_debug:ckmd5.obj
 0001:00039b90       md5_get_hash_for_a_single_string 000000018003ab90 f   sfc_debug:ckmd5.obj
 0001:00039bf4       mxGetPr                    000000018003abf4 f   libmx:libmx.dll
 0001:00039bfa       mxCreateDoubleScalar       000000018003abfa f   libmx:libmx.dll
 0001:00039c00       mxCreateDoubleMatrix_730   000000018003ac00 f   libmx:libmx.dll
 0001:00039c06       mxSetField_730             000000018003ac06 f   libmx:libmx.dll
 0001:00039c0c       mxCreateString             000000018003ac0c f   libmx:libmx.dll
 0001:00039c12       mxCreateStructMatrix_730   000000018003ac12 f   libmx:libmx.dll
 0001:00039c18       mxDestroyArray             000000018003ac18 f   libmx:libmx.dll
 0001:00039c1e       mxDuplicateArray           000000018003ac1e f   libmx:libmx.dll
 0001:00039c24       mxGetString_730            000000018003ac24 f   libmx:libmx.dll
 0001:00039c2a       mxIsChar                   000000018003ac2a f   libmx:libmx.dll
 0001:00039c30       mxGetClassID               000000018003ac30 f   libmx:libmx.dll
 0001:00039c36       mxIsNumeric                000000018003ac36 f   libmx:libmx.dll
 0001:00039c3c       mxIsComplex                000000018003ac3c f   libmx:libmx.dll
 0001:00039c42       mxGetN                     000000018003ac42 f   libmx:libmx.dll
 0001:00039c48       mxGetM                     000000018003ac48 f   libmx:libmx.dll
 0001:00039c4e       mxCalloc                   000000018003ac4e f   libmx:libmx.dll
 0001:00039c54       mxGetScalar                000000018003ac54 f   libmx:libmx.dll
 0001:00039c5a       mxIsLogical                000000018003ac5a f   libmx:libmx.dll
 0001:00039c60       mxCreateDoubleMatrix_700   000000018003ac60 f   libmx:libmx.dll
 0001:00039c66       mxFree                     000000018003ac66 f   libmx:libmx.dll
 0001:00039c6c       mxArrayToString            000000018003ac6c f   libmx:libmx.dll
 0001:00039c72       mxCreateCellMatrix_700     000000018003ac72 f   libmx:libmx.dll
 0001:00039c78       mxSetCell_700              000000018003ac78 f   libmx:libmx.dll
 0001:00039c7e       mxGetCell_700              000000018003ac7e f   libmx:libmx.dll
 0001:00039c84       mxGetClassName             000000018003ac84 f   libmx:libmx.dll
 0001:00039c8a       mxSetField_700             000000018003ac8a f   libmx:libmx.dll
 0001:00039c90       mxAddField                 000000018003ac90 f   libmx:libmx.dll
 0001:00039c96       mxGetField_700             000000018003ac96 f   libmx:libmx.dll
 0001:00039c9c       mxGetNumberOfElements      000000018003ac9c f   libmx:libmx.dll
 0001:00039ca2       mxIsStruct                 000000018003aca2 f   libmx:libmx.dll
 0001:00039ca8       mxIsA                      000000018003aca8 f   libmx:libmx.dll
 0001:00039cae       mxIsClass                  000000018003acae f   libmx:libmx.dll
 0001:00039cb4       mxGetLogicals              000000018003acb4 f   libmx:libmx.dll
 0001:00039cba       mxIsSparse                 000000018003acba f   libmx:libmx.dll
 0001:00039cc0       mxSetFieldByNumber_700     000000018003acc0 f   libmx:libmx.dll
 0001:00039cc6       mxGetFieldByNumber_700     000000018003acc6 f   libmx:libmx.dll
 0001:00039ccc       mxGetFieldNameByNumber     000000018003accc f   libmx:libmx.dll
 0001:00039cd2       mxGetNumberOfFields        000000018003acd2 f   libmx:libmx.dll
 0001:00039cd8       mxCreateStructMatrix_700   000000018003acd8 f   libmx:libmx.dll
 0001:00039cde       mxGetFieldNumber           000000018003acde f   libmx:libmx.dll
 0001:00039ce4       mxIsNaN                    000000018003ace4 f   libmx:libmx.dll
 0001:00039cea       mxIsEmpty                  000000018003acea f   libmx:libmx.dll
 0001:00039cf0       mxGetData                  000000018003acf0 f   libmx:libmx.dll
 0001:00039cf6       mxGetImagData              000000018003acf6 f   libmx:libmx.dll
 0001:00039cfc       mxArrayClassIDName         000000018003acfc f   libmx:libmx.dll
 0001:00039d02       mxCreateNumericMatrix_700  000000018003ad02 f   libmx:libmx.dll
 0001:00039d08       mxCreateStructArray_700    000000018003ad08 f   libmx:libmx.dll
 0001:00039d0e       mxCalcSingleSubscript_700  000000018003ad0e f   libmx:libmx.dll
 0001:00039d14       mxGetDimensions_700        000000018003ad14 f   libmx:libmx.dll
 0001:00039d1a       mxGetNumberOfDimensions_700 000000018003ad1a f   libmx:libmx.dll
 0001:00039d20       mxCreateNumericArray_700   000000018003ad20 f   libmx:libmx.dll
 0001:00039d26       mxGetElementSize           000000018003ad26 f   libmx:libmx.dll
 0001:00039d2c       mxCreateStringFromNChars_700 000000018003ad2c f   libmx:libmx.dll
 0001:00039d32       mxGetString_700            000000018003ad32 f   libmx:libmx.dll
 0001:00039d38       mxIsLogicalScalarTrue      000000018003ad38 f   libmx:libmx.dll
 0001:00039d3e       mxCreateLogicalScalar      000000018003ad3e f   libmx:libmx.dll
 0001:00039d44       mexUnlock                  000000018003ad44 f   libmex:libmex.dll
 0001:00039d4a       mexIsLocked                000000018003ad4a f   libmex:libmex.dll
 0001:00039d50       mexWarnMsgTxt              000000018003ad50 f   libmex:libmex.dll
 0001:00039d56       mexCallMATLAB              000000018003ad56 f   libmex:libmex.dll
 0001:00039d5c       mexErrMsgTxt               000000018003ad5c f   libmex:libmex.dll
 0001:00039d62       mexMakeArrayPersistent     000000018003ad62 f   libmex:libmex.dll
 0001:00039d68       mexSetTrapFlag             000000018003ad68 f   libmex:libmex.dll
 0001:00039d6e       mexPutVariable             000000018003ad6e f   libmex:libmex.dll
 0001:00039d74       mexGetVariable             000000018003ad74 f   libmex:libmex.dll
 0001:00039d7a       mexLock                    000000018003ad7a f   libmex:libmex.dll
 0001:00039d80       mexMakeMemoryPersistent    000000018003ad80 f   libmex:libmex.dll
 0001:00039d86       mexFunctionName            000000018003ad86 f   libmex:libmex.dll
 0001:00039d8c       ssRegisterDataTypeFxpFSlopeFixExpBias 000000018003ad8c f   libfixedpoint:libfixedpoint.dll
 0001:00039d92       utVSNprintf                000000018003ad92 f   libut:libut.dll
 0001:00039d98       utCPUtime                  000000018003ad98 f   libut:libut.dll
 0001:00039d9e       utFree                     000000018003ad9e f   libut:libut.dll
 0001:00039da4       utMalloc                   000000018003ada4 f   libut:libut.dll
 0001:00039daa       emlrtCheckBuiltInCtxR2011a 000000018003adaa f   libemlrt:libemlrt.dll
 0001:00039db0       emlrtCheckVsBuiltInCtxR2011a 000000018003adb0 f   libemlrt:libemlrt.dll
 0001:00039db6       emlrtCheckEnumR2009a       000000018003adb6 f   libemlrt:libemlrt.dll
 0001:00039dbc       emlrtCreateEnumR2010a      000000018003adbc f   libemlrt:libemlrt.dll
 0001:00039dc2       emlrtGetEnumElementR2009a  000000018003adc2 f   libemlrt:libemlrt.dll
 0001:00039dc8       emlrtCreateReference       000000018003adc8 f   libemlrt:libemlrt.dll
 0001:00039dce       emlrtImportVsFiArrayR2009b 000000018003adce f   libemlrt:libemlrt.dll
 0001:00039dd4       emlrtNameCapturePostProcessR2012a 000000018003add4 f   libemlrt:libemlrt.dll
 0001:00039dda       emlrtExtractMessageId      000000018003adda f   libemlrt:libemlrt.dll
 0001:00039de0       emlrtTranslateMessageIDtoLCPstring 000000018003ade0 f   libemlrt:libemlrt.dll
 0001:00039de6       emlrtForLoopVectorIsValidR2011b 000000018003ade6 f   libemlrt:libemlrt.dll
 0001:00039dec       emlrtTranslateUTF16MessagetoLCPstring 000000018003adec f   libemlrt:libemlrt.dll
 0001:00039df2       emlrtGetEnumUnderlyingArrayR2009a 000000018003adf2 f   libemlrt:libemlrt.dll
 0001:00039df8       emlrtIsEnumR2009a          000000018003adf8 f   libemlrt:libemlrt.dll
 0001:00039e00       __GSHandlerCheckCommon     000000018003ae00 f   MSVCRT:gshandler.obj
 0001:00039e64       __GSHandlerCheck           000000018003ae64 f   MSVCRT:gshandler.obj
 0001:00039e82       strlen                     000000018003ae82 f   MSVCRT:MSVCR100.dll
 0001:00039ea0       __security_check_cookie    000000018003aea0 f   MSVCRT:amdsecgs.obj
 0001:00039ec0       memset                     000000018003aec0 f   MSVCRT:MSVCR100.dll
 0001:00039ec6       malloc                     000000018003aec6 f   MSVCRT:MSVCR100.dll
 0001:00039ecc       free                       000000018003aecc f   MSVCRT:MSVCR100.dll
 0001:00039ed2       strcmp                     000000018003aed2 f   MSVCRT:MSVCR100.dll
 0001:00039ed8       sprintf                    000000018003aed8 f   MSVCRT:MSVCR100.dll
 0001:00039ede       strcat                     000000018003aede f   MSVCRT:MSVCR100.dll
 0001:00039ee4       memcpy                     000000018003aee4 f   MSVCRT:MSVCR100.dll
 0001:00039eec       NtCurrentTeb               000000018003aeec f i MSVCRT:crtdll.obj
 0001:00039f58       _CRT_INIT                  000000018003af58 f   MSVCRT:crtdll.obj
 0001:0003a2f0       _DllMainCRTStartup         000000018003b2f0 f   MSVCRT:crtdll.obj
 0001:0003a32e       strncpy                    000000018003b32e f   MSVCRT:MSVCR100.dll
 0001:0003a350       __chkstk                   000000018003b350 f   MSVCRT:chkstk.obj
 0001:0003a350       _alloca_probe              000000018003b350     MSVCRT:chkstk.obj
 0001:0003a39e       longjmp                    000000018003b39e f   MSVCRT:MSVCR100.dll
 0001:0003a3a4       strncmp                    000000018003b3a4 f   MSVCRT:MSVCR100.dll
 0001:0003a3aa       ceil                       000000018003b3aa f   MSVCRT:MSVCR100.dll
 0001:0003a3b0       strrchr                    000000018003b3b0 f   MSVCRT:MSVCR100.dll
 0001:0003a3b6       _setjmp                    000000018003b3b6 f   MSVCRT:MSVCR100.dll
 0001:0003a3bc       calloc                     000000018003b3bc f   MSVCRT:MSVCR100.dll
 0001:0003a3c2       realloc                    000000018003b3c2 f   MSVCRT:MSVCR100.dll
 0001:0003a3c8       ldexp                      000000018003b3c8 f   MSVCRT:MSVCR100.dll
 0001:0003a3d0       __report_gsfailure         000000018003b3d0 f   MSVCRT:gs_report.obj
 0001:0003a51c       __clean_type_info_names    000000018003b51c f   MSVCRT:tncleanup.obj
 0001:0003a528       _onexit                    000000018003b528 f   MSVCRT:atonexit.obj
 0001:0003a5d8       atexit                     000000018003b5d8 f   MSVCRT:atonexit.obj
 0001:0003a5f0       _RTC_Initialize            000000018003b5f0 f   MSVCRT:_initsect_.obj
 0001:0003a628       _RTC_Terminate             000000018003b628 f   MSVCRT:_initsect_.obj
 0001:0003a660       _malloc_crt                000000018003b660 f   MSVCRT:MSVCR100.dll
 0001:0003a670       _ValidateImageBase         000000018003b670 f   MSVCRT:pesect.obj
 0001:0003a6a0       _FindPESection             000000018003b6a0 f   MSVCRT:pesect.obj
 0001:0003a6f0       _IsNonwritableInCurrentImage 000000018003b6f0 f   MSVCRT:pesect.obj
 0001:0003a732       _initterm                  000000018003b732 f   MSVCRT:MSVCR100.dll
 0001:0003a738       _initterm_e                000000018003b738 f   MSVCRT:MSVCR100.dll
 0001:0003a73e       _encoded_null              000000018003b73e f   MSVCRT:MSVCR100.dll
 0001:0003a744       _amsg_exit                 000000018003b744 f   MSVCRT:MSVCR100.dll
 0001:0003a74a       __C_specific_handler       000000018003b74a f   MSVCRT:MSVCR100.dll
 0001:0003a750       __CppXcptFilter            000000018003b750 f   MSVCRT:MSVCR100.dll
 0001:0003a758       DllMain                    000000018003b758 f   MSVCRT:dllmain.obj
 0001:0003a77c       __security_init_cookie     000000018003b77c f   MSVCRT:gs_support.obj
 0001:0003a830       __crt_debugger_hook        000000018003b830 f   MSVCRT:MSVCR100.dll
 0001:0003a836       __clean_type_info_names_internal 000000018003b836 f   MSVCRT:MSVCR100.dll
 0001:0003a83c       _unlock                    000000018003b83c f   MSVCRT:MSVCR100.dll
 0001:0003a842       __dllonexit                000000018003b842 f   MSVCRT:MSVCR100.dll
 0001:0003a848       _lock                      000000018003b848 f   MSVCRT:MSVCR100.dll
 0001:0003a84e       EncodePointer              000000018003b84e f   kernel32:KERNEL32.dll
 0001:0003a854       DecodePointer              000000018003b854 f   kernel32:KERNEL32.dll
 0001:0003a85a       Sleep                      000000018003b85a f   kernel32:KERNEL32.dll
 0001:0003a860       TerminateProcess           000000018003b860 f   kernel32:KERNEL32.dll
 0001:0003a866       GetCurrentProcess          000000018003b866 f   kernel32:KERNEL32.dll
 0001:0003a86c       UnhandledExceptionFilter   000000018003b86c f   kernel32:KERNEL32.dll
 0001:0003a872       SetUnhandledExceptionFilter 000000018003b872 f   kernel32:KERNEL32.dll
 0001:0003a878       IsDebuggerPresent          000000018003b878 f   kernel32:KERNEL32.dll
 0001:0003a87e       RtlVirtualUnwind           000000018003b87e f   kernel32:KERNEL32.dll
 0001:0003a884       RtlLookupFunctionEntry     000000018003b884 f   kernel32:KERNEL32.dll
 0001:0003a88a       RtlCaptureContext          000000018003b88a f   kernel32:KERNEL32.dll
 0001:0003a890       DisableThreadLibraryCalls  000000018003b890 f   kernel32:KERNEL32.dll
 0001:0003a896       QueryPerformanceCounter    000000018003b896 f   kernel32:KERNEL32.dll
 0001:0003a89c       GetTickCount               000000018003b89c f   kernel32:KERNEL32.dll
 0001:0003a8a2       GetCurrentThreadId         000000018003b8a2 f   kernel32:KERNEL32.dll
 0001:0003a8a8       GetCurrentProcessId        000000018003b8a8 f   kernel32:KERNEL32.dll
 0001:0003a8ae       GetSystemTimeAsFileTime    000000018003b8ae f   kernel32:KERNEL32.dll
 0002:00000000       __imp_GetSystemTimeAsFileTime 000000018003c000     kernel32:KERNEL32.dll
 0002:00000008       __imp_GetCurrentProcessId  000000018003c008     kernel32:KERNEL32.dll
 0002:00000010       __imp_GetCurrentThreadId   000000018003c010     kernel32:KERNEL32.dll
 0002:00000018       __imp_GetTickCount         000000018003c018     kernel32:KERNEL32.dll
 0002:00000020       __imp_QueryPerformanceCounter 000000018003c020     kernel32:KERNEL32.dll
 0002:00000028       __imp_DisableThreadLibraryCalls 000000018003c028     kernel32:KERNEL32.dll
 0002:00000030       __imp_RtlCaptureContext    000000018003c030     kernel32:KERNEL32.dll
 0002:00000038       __imp_RtlLookupFunctionEntry 000000018003c038     kernel32:KERNEL32.dll
 0002:00000040       __imp_RtlVirtualUnwind     000000018003c040     kernel32:KERNEL32.dll
 0002:00000048       __imp_IsDebuggerPresent    000000018003c048     kernel32:KERNEL32.dll
 0002:00000050       __imp_SetUnhandledExceptionFilter 000000018003c050     kernel32:KERNEL32.dll
 0002:00000058       __imp_UnhandledExceptionFilter 000000018003c058     kernel32:KERNEL32.dll
 0002:00000060       __imp_GetCurrentProcess    000000018003c060     kernel32:KERNEL32.dll
 0002:00000068       __imp_TerminateProcess     000000018003c068     kernel32:KERNEL32.dll
 0002:00000070       __imp_Sleep                000000018003c070     kernel32:KERNEL32.dll
 0002:00000078       __imp_DecodePointer        000000018003c078     kernel32:KERNEL32.dll
 0002:00000080       __imp_EncodePointer        000000018003c080     kernel32:KERNEL32.dll
 0002:00000088       \177KERNEL32_NULL_THUNK_DATA 000000018003c088     kernel32:KERNEL32.dll
 0002:00000090       __imp__onexit              000000018003c090     MSVCRT:MSVCR100.dll
 0002:00000098       __imp__lock                000000018003c098     MSVCRT:MSVCR100.dll
 0002:000000a0       __imp___dllonexit          000000018003c0a0     MSVCRT:MSVCR100.dll
 0002:000000a8       __imp__unlock              000000018003c0a8     MSVCRT:MSVCR100.dll
 0002:000000b0       __imp___clean_type_info_names_internal 000000018003c0b0     MSVCRT:MSVCR100.dll
 0002:000000b8       __imp___crt_debugger_hook  000000018003c0b8     MSVCRT:MSVCR100.dll
 0002:000000c0       __imp___CppXcptFilter      000000018003c0c0     MSVCRT:MSVCR100.dll
 0002:000000c8       __imp___C_specific_handler 000000018003c0c8     MSVCRT:MSVCR100.dll
 0002:000000d0       __imp__amsg_exit           000000018003c0d0     MSVCRT:MSVCR100.dll
 0002:000000d8       __imp__encoded_null        000000018003c0d8     MSVCRT:MSVCR100.dll
 0002:000000e0       __imp__initterm_e          000000018003c0e0     MSVCRT:MSVCR100.dll
 0002:000000e8       __imp__initterm            000000018003c0e8     MSVCRT:MSVCR100.dll
 0002:000000f0       __imp__malloc_crt          000000018003c0f0     MSVCRT:MSVCR100.dll
 0002:000000f8       __imp_ldexp                000000018003c0f8     MSVCRT:MSVCR100.dll
 0002:00000100       __imp_realloc              000000018003c100     MSVCRT:MSVCR100.dll
 0002:00000108       __imp_calloc               000000018003c108     MSVCRT:MSVCR100.dll
 0002:00000110       __imp__setjmp              000000018003c110     MSVCRT:MSVCR100.dll
 0002:00000118       __imp_strrchr              000000018003c118     MSVCRT:MSVCR100.dll
 0002:00000120       __imp_ceil                 000000018003c120     MSVCRT:MSVCR100.dll
 0002:00000128       __imp_strncmp              000000018003c128     MSVCRT:MSVCR100.dll
 0002:00000130       __imp_longjmp              000000018003c130     MSVCRT:MSVCR100.dll
 0002:00000138       __imp_strncpy              000000018003c138     MSVCRT:MSVCR100.dll
 0002:00000140       __imp_memcpy               000000018003c140     MSVCRT:MSVCR100.dll
 0002:00000148       __imp_strcat               000000018003c148     MSVCRT:MSVCR100.dll
 0002:00000150       __imp_sprintf              000000018003c150     MSVCRT:MSVCR100.dll
 0002:00000158       __imp_strcmp               000000018003c158     MSVCRT:MSVCR100.dll
 0002:00000160       __imp_free                 000000018003c160     MSVCRT:MSVCR100.dll
 0002:00000168       __imp_malloc               000000018003c168     MSVCRT:MSVCR100.dll
 0002:00000170       __imp_memset               000000018003c170     MSVCRT:MSVCR100.dll
 0002:00000178       __imp_strlen               000000018003c178     MSVCRT:MSVCR100.dll
 0002:00000180       \177MSVCR100_NULL_THUNK_DATA 000000018003c180     MSVCRT:MSVCR100.dll
 0002:00000188       __imp_emlrtIsEnumR2009a    000000018003c188     libemlrt:libemlrt.dll
 0002:00000190       __imp_emlrtGetEnumUnderlyingArrayR2009a 000000018003c190     libemlrt:libemlrt.dll
 0002:00000198       __imp_emlrtTranslateUTF16MessagetoLCPstring 000000018003c198     libemlrt:libemlrt.dll
 0002:000001a0       __imp_emlrtForLoopVectorIsValidR2011b 000000018003c1a0     libemlrt:libemlrt.dll
 0002:000001a8       __imp_emlrtTranslateMessageIDtoLCPstring 000000018003c1a8     libemlrt:libemlrt.dll
 0002:000001b0       __imp_emlrtExtractMessageId 000000018003c1b0     libemlrt:libemlrt.dll
 0002:000001b8       __imp_emlrtNameCapturePostProcessR2012a 000000018003c1b8     libemlrt:libemlrt.dll
 0002:000001c0       __imp_emlrtImportVsFiArrayR2009b 000000018003c1c0     libemlrt:libemlrt.dll
 0002:000001c8       __imp_emlrtCreateReference 000000018003c1c8     libemlrt:libemlrt.dll
 0002:000001d0       __imp_emlrtGetEnumElementR2009a 000000018003c1d0     libemlrt:libemlrt.dll
 0002:000001d8       __imp_emlrtCreateEnumR2010a 000000018003c1d8     libemlrt:libemlrt.dll
 0002:000001e0       __imp_emlrtCheckEnumR2009a 000000018003c1e0     libemlrt:libemlrt.dll
 0002:000001e8       __imp_emlrtCheckVsBuiltInCtxR2011a 000000018003c1e8     libemlrt:libemlrt.dll
 0002:000001f0       __imp_emlrtCheckBuiltInCtxR2011a 000000018003c1f0     libemlrt:libemlrt.dll
 0002:000001f8       \177libemlrt_NULL_THUNK_DATA 000000018003c1f8     libemlrt:libemlrt.dll
 0002:00000200       __imp_ssRegisterDataTypeFxpFSlopeFixExpBias 000000018003c200     libfixedpoint:libfixedpoint.dll
 0002:00000208       \177libfixedpoint_NULL_THUNK_DATA 000000018003c208     libfixedpoint:libfixedpoint.dll
 0002:00000210       __imp_mexLock              000000018003c210     libmex:libmex.dll
 0002:00000218       __imp_mexMakeMemoryPersistent 000000018003c218     libmex:libmex.dll
 0002:00000220       __imp_mexFunctionName      000000018003c220     libmex:libmex.dll
 0002:00000228       __imp_mexGetVariable       000000018003c228     libmex:libmex.dll
 0002:00000230       __imp_mexPutVariable       000000018003c230     libmex:libmex.dll
 0002:00000238       __imp_mexIsLocked          000000018003c238     libmex:libmex.dll
 0002:00000240       __imp_mexWarnMsgTxt        000000018003c240     libmex:libmex.dll
 0002:00000248       __imp_mexCallMATLAB        000000018003c248     libmex:libmex.dll
 0002:00000250       __imp_mexUnlock            000000018003c250     libmex:libmex.dll
 0002:00000258       __imp_mexErrMsgTxt         000000018003c258     libmex:libmex.dll
 0002:00000260       __imp_mexSetTrapFlag       000000018003c260     libmex:libmex.dll
 0002:00000268       __imp_mexMakeArrayPersistent 000000018003c268     libmex:libmex.dll
[...]
 0001:00011f70       sf_numeric_value_to_double 0000000180012f70 f   sfc_mex:sfc_mex.obj
 0001:00011fc0       ml_generic_out_of_bounds_check 0000000180012fc0 f   sfc_mex:sfc_mex.obj
 0001:00012190       ml_get_element_value_from_array 0000000180013190 f   sfc_mex:sfc_mex.obj
 0001:00012530       _ml_generic_castability_check 0000000180013530 f   sfc_mex:sfc_mex.obj
 0001:00013290       ml_generic_castability_check 0000000180014290 f   sfc_mex:sfc_mex.obj
 0001:00013330       ml_check_mx_array_for_single_castability 0000000180014330 f   sfc_mex:sfc_mex.obj
 0001:000133d0       ml_check_mx_array_for_logical_castability 00000001800143d0 f   sfc_mex:sfc_mex.obj
 0001:00013470       ml_check_mx_array_for_int8_castability 0000000180014470 f   sfc_mex:sfc_mex.obj
 0001:00013520       ml_check_mx_array_for_uint8_castability 0000000180014520 f   sfc_mex:sfc_mex.obj
 0001:00013580       ml_check_mx_array_for_int16_castability 0000000180014580 f   sfc_mex:sfc_mex.obj
 0001:000135e0       ml_check_mx_array_for_uint16_castability 00000001800145e0 f   sfc_mex:sfc_mex.obj
 0001:00013640       ml_check_mx_array_for_int32_castability 0000000180014640 f   sfc_mex:sfc_mex.obj
 0001:000136a0       ml_check_mx_array_for_uint32_castability 00000001800146a0 f   sfc_mex:sfc_mex.obj
 0001:00013700       ml_check_mx_array_for_castability 0000000180014700 f   sfc_mex:sfc_mex.obj
 0001:00014030       set_data_value             0000000180015030 f   sfc_mex:sfc_mex.obj
 0001:000143a0       get_data_value             00000001800153a0 f   sfc_mex:sfc_mex.obj
 0001:000144b0       get_next_element_address   00000001800154b0 f   sfc_mex:sfc_mex.obj
 0001:00014580       sf_normalize_index         0000000180015580 f   sfc_mex:sfc_mex.obj
 0001:00014910       ml_array_index_bound_check 0000000180015910 f   sfc_mex:sfc_mex.obj
 0001:00015430       mx_value                   0000000180016430 f   sfc_mex:sfc_mex.obj
 0001:00015480       sf_create_numeric_array    0000000180016480 f   sfc_mex:sfc_mex.obj
 0001:00015520       sf_mex_assign_to_mx_array  0000000180016520 f   sfc_mex:sfc_mex.obj
 0001:00015870       assign_from_mx_array       0000000180016870 f   sfc_mex:sfc_mex.obj
 0001:000160a0       sf_mex_import_v            00000001800170a0 f   sfc_mex:sfc_mex.obj
 0001:000167a0       get_machine_and_chart_file_number 00000001800177a0 f   sfc_mex:sfc_sf.obj
 0001:00016890       get_sfun_block_specialization 0000000180017890 f   sfc_mex:sfc_sf.obj
 0001:00016940       call_sf_machine_global_method_dispatcher 0000000180017940 f   sfc_mex:sfc_sf.obj
 0001:00016b90       mdl_zeroCrossings_processing 0000000180017b90 f   sfc_mex:sfc_sf.obj
 0001:00016c60       mdl_derivatives_processing 0000000180017c60 f   sfc_mex:sfc_sf.obj
 0001:00016f20       mdl_outputs_continuous_legacy 0000000180017f20 f   sfc_mex:sfc_sf.obj
 0001:00016fa0       mdl_outputs_processing     0000000180017fa0 f   sfc_mex:sfc_sf.obj
 0001:000171d0       mdl_enable_processing      00000001800181d0 f   sfc_mex:sfc_sf.obj
 0001:000172a0       mdl_disable_processing     00000001800182a0 f   sfc_mex:sfc_sf.obj
 0001:00018010       sf_call_output_fcn_enable_disable 0000000180019010 f   sfc_mex:sfc_sf.obj
 0001:00018290       set_dwork_information_from_mx_array 0000000180019290 f   sfc_mex:sfc_sf.obj
 0001:00018b50       ptr2mxStruct               0000000180019b50 f   sfc_mex:sfc_sf.obj
 0001:00018e60       SNPRINTF_WRAPPER           0000000180019e60 f   sfc_debug:sfcdebug.obj
 0001:00018e80       sf_debug_chart_instance_initialized_quick 0000000180019e80 f   sfc_debug:sfcdebug.obj
 0001:00018e90       sf_debug_chart_instance_initialized 0000000180019e90 f   sfc_debug:sfcdebug.obj
 0001:00019030       sfrtAddSize                000000018001a030 f   sfc_debug:sfcdebug.obj
 0001:000190f0       sfrtGenSizeString          000000018001a0f0 f   sfc_debug:sfcdebug.obj
 0001:00019800       fill_single_message_info   000000018001a800 f   sfc_debug:sfcdebug.obj
 0001:000199c0       sf_debug_sim_status_listener 000000018001a9c0 f   sfc_debug:sfcdebug.obj
 0001:00019f30       sf_debug_form_mask_bits    000000018001af30 f   sfc_debug:sfcdebug.obj
 0001:00019f70       sf_debug_form_sf_data_type_offsets 000000018001af70 f   sfc_debug:sfcdebug.obj
 0001:0001a030       sf_debug_free_all          000000018001b030 f   sfc_debug:sfcdebug.obj
 0001:0001a1e0       sf_debug_append_debugger_context 000000018001b1e0 f   sfc_debug:sfcdebug.obj
 0001:0001a4a0       local_strdup               000000018001b4a0 f   sfc_debug:sfcdebug.obj
 0001:0001b380       sf_debug_em_terminate      000000018001c380 f   sfc_debug:sfcdebug.obj
 0001:0001b3c0       sf_debug_push_eml_function 000000018001c3c0 f   sfc_debug:sfcdebug.obj
 0001:0001b460       sf_debug_pop_eml_function  000000018001c460 f   sfc_debug:sfcdebug.obj
 0001:0001c160       sf_debug_get_machine_number_from_id_or_name 000000018001d160 f   sfc_debug:sfcdebug.obj
 0001:0001c2b0       sf_debug_get_chart_number_from_id 000000018001d2b0 f   sfc_debug:sfcdebug.obj
 0001:0001cf20       sf_debug_transfer_control_to_debugger_GUI 000000018001df20 f   sfc_debug:sfcdebug.obj
 0001:0001deb0       sf_debug_scripts_rehash    000000018001eeb0 f   sfc_debug:sfcdebug.obj
 0001:0001e0f0       sf_debug_get_script_line_count 000000018001f0f0 f   sfc_debug:sfcdebug.obj
 0001:0001ea20       cv_eml_state_cvId          000000018001fa20 f   sfc_debug:sfcdebug.obj
 0001:0001ea90       cv_eml_trans_cvId          000000018001fa90 f   sfc_debug:sfcdebug.obj
 0001:0001fd50       sf_debug_data_array_bounds_error 0000000180020d50 f   sfc_debug:sfcdebug.obj
 0001:00020180       eml_debug_runtime_error_doclink 0000000180021180 f   sfc_debug:sfcdebug.obj
 0001:00020300       sf_debug_runtime_error     0000000180021300 f   sfc_debug:sfcdebug.obj
 0001:00020370       sf_debug_matlab_error      0000000180021370 f   sfc_debug:sfcdebug.obj
 0001:00020ca0       sf_debug_data_value_error  0000000180021ca0 f   sfc_debug:sfcdebug.obj
 0001:000215a0       sf_debug_data_loss_error   00000001800225a0 f   sfc_debug:sfcdebug.obj
 0001:000224c0       call_cv_range_check        00000001800234c0 f   sfc_debug:sfcdebug.obj
 0001:00022c90       sf_debug_invoke_cycle_detection_code 0000000180023c90 f   sfc_debug:sfcdebug.obj
 0001:00023d70       sf_reset_debug_info_struct 0000000180024d70 f   sfc_debug:sfcdebug.obj
 0001:00024660       cv_script_cvId             0000000180025660 f   sfc_debug:sfcdebug.obj
 0001:000253b0       sfc_api_chart_visible      00000001800263b0 f   sfc_debug:sfc_api.obj
 0001:00025430       sfc_api_active_instance    0000000180026430 f   sfc_debug:sfc_api.obj
 0001:000254b0       sfc_api_machine_load       00000001800264b0 f   sfc_debug:sfc_api.obj
 0001:00025580       sfc_api_debugger_alive     0000000180026580 f   sfc_debug:sfc_api.obj
 0001:00025590       sfc_api_go                 0000000180026590 f   sfc_debug:sfc_api.obj
 0001:000255a0       sfc_api_step_over          00000001800265a0 f   sfc_debug:sfc_api.obj
 0001:000255b0       sfc_api_step_out           00000001800265b0 f   sfc_debug:sfc_api.obj
 0001:000255c0       sfc_api_resume             00000001800265c0 f   sfc_debug:sfc_api.obj
 0001:000255d0       sfc_api_break              00000001800265d0 f   sfc_debug:sfc_api.obj
 0001:000255e0       sfc_api_stop_debugging     00000001800265e0 f   sfc_debug:sfc_api.obj
 0001:00025630       sfc_api_is_cycle_detected  0000000180026630 f   sfc_debug:sfc_api.obj
 0001:00025680       sfc_api_is_array_bounds_detected 0000000180026680 f   sfc_debug:sfc_api.obj
 0001:000256d0       sfc_api_set_disable_all_breakpoints 00000001800266d0 f   sfc_debug:sfc_api.obj
 0001:00025740       sfc_api_disable_all_breakpoints_and_go 0000000180026740 f   sfc_debug:sfc_api.obj
 0001:00025750       sfc_api_close              0000000180026750 f   sfc_debug:sfc_api.obj
 0001:00025760       sfc_api_browse_data        0000000180026760 f   sfc_debug:sfc_api.obj
 0001:000257d0       sfc_api_watch_data         00000001800267d0 f   sfc_debug:sfc_api.obj
 0001:00025870       sfc_api_extract_message_post_receive_info 0000000180026870 f   sfc_debug:sfc_api.obj
 0001:00025890       sfc_api_assign_data        0000000180026890 f   sfc_debug:sfc_api.obj
 0001:00025930       sfc_api_whos               0000000180026930 f   sfc_debug:sfc_api.obj
 0001:000259c0       sfc_api_get_consistency_info 00000001800269c0 f   sfc_debug:sfc_api.obj
 0001:000259d0       sfc_api_browse_trace       00000001800269d0 f   sfc_debug:sfc_api.obj
 0001:000259e0       sfc_api_break_on_chart_entry 00000001800269e0 f   sfc_debug:sfc_api.obj
 0001:00025a00       sfc_api_break_on_event_broadcast 0000000180026a00 f   sfc_debug:sfc_api.obj
 0001:00025a20       sfc_api_break_on_state_entry 0000000180026a20 f   sfc_debug:sfc_api.obj
 0001:00025a40       sfc_api_set_watch          0000000180026a40 f   sfc_debug:sfc_api.obj
 0001:00025ae0       sfc_api_set_breakpoints    0000000180026ae0 f   sfc_debug:sfc_api.obj
 0001:00025b80       sfc_api_set_eml_breakpoints 0000000180026b80 f   sfc_debug:sfc_api.obj
 0001:00025c00       sfc_api_set_script_breakpoints 0000000180026c00 f   sfc_debug:sfc_api.obj
 0001:00025c50       sfc_api_add_script_breakpoints 0000000180026c50 f   sfc_debug:sfc_api.obj
 0001:00025ca0       sfc_api_clear_script_breakpoints 0000000180026ca0 f   sfc_debug:sfc_api.obj
 0001:00025cf0       sfc_api_query_script_breakpoints 0000000180026cf0 f   sfc_debug:sfc_api.obj
 0001:00025d50       sfc_api_get_script_id      0000000180026d50 f   sfc_debug:sfc_api.obj
 0001:00025e10       sfc_api_get_active_states  0000000180026e10 f   sfc_debug:sfc_api.obj
 0001:00025e90       sfc_api_break_between_times 0000000180026e90 f   sfc_debug:sfc_api.obj
 0001:00025ef0       sfc_api_get_instance_handle 0000000180026ef0 f   sfc_debug:sfc_api.obj
 0001:00025fa0       sfc_api_set_animation      0000000180026fa0 f   sfc_debug:sfc_api.obj
 0001:00025ff0       sfc_api_select_chart       0000000180026ff0 f   sfc_debug:sfc_api.obj
 0001:00026050       sfc_api_select_charts      0000000180027050 f   sfc_debug:sfc_api.obj
 0001:00026080       sfc_api_cycle_detection_check 0000000180027080 f   sfc_debug:sfc_api.obj
 0001:000260d0       sfc_api_data_range_check   00000001800270d0 f   sfc_debug:sfc_api.obj
 0001:00026120       sfc_api_transition_conflict_check 0000000180027120 f   sfc_debug:sfc_api.obj
 0001:00026170       sfc_api_state_consistency_check 0000000180027170 f   sfc_debug:sfc_api.obj
 0001:000261c0       sfc_api_set_instance_cv_ids 00000001800271c0 f   sfc_debug:sfc_api.obj
 0001:000262d0       sfc_api_set_script_cv_ids  00000001800272d0 f   sfc_debug:sfc_api.obj
 0001:00026380       sfc_api_get_current_machine_id 0000000180027380 f   sfc_debug:sfc_api.obj
 0001:000263b0       sfc_api_get_current_machine_number 00000001800273b0 f   sfc_debug:sfc_api.obj
 0001:000263e0       sfc_api_get_current_chart_number 00000001800273e0 f   sfc_debug:sfc_api.obj
 0001:00026410       sfc_api_get_current_instance_number 0000000180027410 f   sfc_debug:sfc_api.obj
 0001:00026440       sfc_api_get_current_instance_handle 0000000180027440 f   sfc_debug:sfc_api.obj
 0001:00026460       sfc_api_get_current_is_minor_time_step 0000000180027460 f   sfc_debug:sfc_api.obj
 0001:00026490       sfc_api_get_current_machine_name 0000000180027490 f   sfc_debug:sfc_api.obj
 0001:000264b0       sfc_api_get_current_chart_id 00000001800274b0 f   sfc_debug:sfc_api.obj
 0001:000264e0       sfc_api_get_current_object_type 00000001800274e0 f   sfc_debug:sfc_api.obj
 0001:00026510       sfc_api_get_current_event_type 0000000180027510 f   sfc_debug:sfc_api.obj
 0001:00026540       sfc_api_get_current_object_id 0000000180027540 f   sfc_debug:sfc_api.obj
 0001:00026570       sfc_get_current_active_event_type 0000000180027570 f   sfc_debug:sfc_api.obj
 0001:000265a0       sfc_api_get_current_active_event_id 00000001800275a0 f   sfc_debug:sfc_api.obj
 0001:000265d0       sfc_api_get_current_simulation_time 00000001800275d0 f   sfc_debug:sfc_api.obj
 0001:000265f0       sfc_get_current_tag_type   00000001800275f0 f   sfc_debug:sfc_api.obj
 0001:00026620       sfc_get_current_coverage_percentage 0000000180027620 f   sfc_debug:sfc_api.obj
 0001:00026640       sfc_get_current_statement_context 0000000180027640 f   sfc_debug:sfc_api.obj
 0001:00026660       sfc_get_current_optional_integer 0000000180027660 f   sfc_debug:sfc_api.obj
 0001:00026690       sfc_get_current_statement_info 0000000180027690 f   sfc_debug:sfc_api.obj
 0001:00026730       sfc_api_get                0000000180027730 f   sfc_debug:sfc_api.obj
 0001:00026890       sf_debug_sm_is_using_unified_editors 0000000180027890 f   sfc_debug:sfdb_animation.obj
 0001:00026930       sf_debug_sm_is_chart_visible_in_unified_editors 0000000180027930 f   sfc_debug:sfdb_animation.obj
 0001:000269f0       sf_debug_sm_check_if_chart_is_visible 00000001800279f0 f   sfc_debug:sfdb_animation.obj
 0001:000274f0       sf_debug_sm_fill_state_activity_data 00000001800284f0 f   sfc_debug:sfdb_animation.obj
 0001:00029d20       void_ptr_stack_vector_free_total 000000018002ad20 f   sfc_debug:sfdb_data_browse.obj
 0001:00029db0       sf_debug_st_terminate_machine 000000018002adb0 f   sfc_debug:sfdb_data_browse.obj
 0001:00029df0       sf_debug_st_terminate_instance 000000018002adf0 f   sfc_debug:sfdb_data_browse.obj
 0001:0002a1a0       push_on_to_void_ptr_stack  000000018002b1a0 f   sfc_debug:sfdb_data_browse.obj
 0001:0002a330       pop_from_void_ptr_stack    000000018002b330 f   sfc_debug:sfdb_data_browse.obj
 0001:0002a460       sf_debug_st_get_data_value 000000018002b460 f   sfc_debug:sfdb_data_browse.obj
 0001:0002a9f0       mx_value                   000000018002b9f0 f   sfc_debug:sfdb_data_browse.obj
 0001:0002aa30       sf_debug_st_fill_data_struct 000000018002ba30 f   sfc_debug:sfdb_data_browse.obj
 0001:0002ad70       data_type_format_strings   000000018002bd70 f   sfc_debug:sfdb_data_browse.obj
 0001:0002ae20       sf_debug_st_fill_data      000000018002be20 f   sfc_debug:sfdb_data_browse.obj
 0001:0002bb70       sf_debug_hm_get_simulink_handle 000000018002cb70 f   sfc_debug:sfdb_handle_management.obj
 0001:0002c6c0       sf_debug_hm_initialize_globals 000000018002d6c0 f   sfc_debug:sfdb_handle_management.obj
 0001:0002c7c0       sf_debug_hm_get_machine_debug_flag 000000018002d7c0 f   sfc_debug:sfdb_handle_management.obj
 0001:0002c930       sf_debug_hm_get_machine_id 000000018002d930 f   sfc_debug:sfdb_handle_management.obj
 0001:0002ca50       sf_debug_hm_get_chart_id   000000018002da50 f   sfc_debug:sfdb_handle_management.obj
 0001:0002cbf0       sf_debug_hm_register_executing_SFunction 000000018002dbf0 f   sfc_debug:sfdb_handle_management.obj
 0001:0002cd90       sf_debug_hm_get_chart_active_instance 000000018002dd90 f   sfc_debug:sfdb_handle_management.obj
 0001:0002cf00       sf_debug_hm_get_chart_visibility 000000018002df00 f   sfc_debug:sfdb_handle_management.obj
 0001:0002d050       sf_debug_hm_form_object_boolean_properties 000000018002e050 f   sfc_debug:sfdb_handle_management.obj
 0001:0002d320       sf_debug_hm_form_object_properties 000000018002e320 f   sfc_debug:sfdb_handle_management.obj
 0001:0002d560       sf_debug_hm_terminate_charts 000000018002e560 f   sfc_debug:sfdb_handle_management.obj
 0001:0002dcd0       sf_debug_hm_terminate_machines 000000018002ecd0 f   sfc_debug:sfdb_handle_management.obj
 0001:0002f920       sf_debug_ss_copy_dimension 0000000180030920 f   sfc_debug:sfdb_symbol_scope.obj
 0001:0002f9e0       sf_debug_ss_get_number_elements 00000001800309e0 f   sfc_debug:sfdb_symbol_scope.obj
 0001:0002fa00       sf_debug_ss_fill_data_struct 0000000180030a00 f   sfc_debug:sfdb_symbol_scope.obj
 0001:0002fd50       sf_debug_ss_reset_data_info 0000000180030d50 f   sfc_debug:sfdb_symbol_scope.obj
 0001:0002fdb0       sf_debug_fill_data_info_by_symbol_scope_entry 0000000180030db0 f   sfc_debug:sfdb_symbol_scope.obj
 0001:0002fe70       sf_debug_fill_data_info_by_data_vector 0000000180030e70 f   sfc_debug:sfdb_symbol_scope.obj
 0001:000300c0       sf_debug_ss_get_data_info  00000001800310c0 f   sfc_debug:sfdb_symbol_scope.obj
 0001:000303b0       sf_debug_select_mex_function 00000001800313b0 f   sfc_debug:sfdb_symbol_scope.obj
 0001:000303e0       sf_debug_is_dyn_matrix_initialized 00000001800313e0 f   sfc_debug:sfdb_symbol_scope.obj
 0001:00030400       sf_debug_ss_set_data_value_try 0000000180031400 f   sfc_debug:sfdb_symbol_scope.obj
 0001:000305d0       sf_debug_ss_get_data_value 00000001800315d0 f   sfc_debug:sfdb_symbol_scope.obj
 0001:00030b20       sf_debug_ss_data_bytes_string 0000000180031b20 f   sfc_debug:sfdb_symbol_scope.obj
 0001:00030bd0       sf_debug_ss_data_class_string 0000000180031bd0 f   sfc_debug:sfdb_symbol_scope.obj
 0001:00030f60       sf_debug_ss_data_size_string 0000000180031f60 f   sfc_debug:sfdb_symbol_scope.obj
 0001:00031040       sf_debug_ss_data_create_data_info_struct 0000000180032040 f   sfc_debug:sfdb_symbol_scope.obj
 0001:00031310       sf_debug_ss_data_create_name_value_pair 0000000180032310 f   sfc_debug:sfdb_symbol_scope.obj
 0001:000313b0       sf_debug_ss_data_get_whos_info 00000001800323b0 f   sfc_debug:sfdb_symbol_scope.obj
 0001:000313c0       same_named_data_in_data_array 00000001800323c0 f   sfc_debug:sfdb_symbol_scope.obj
 0001:00032c30       sf_debug_cc_terminate_chart 0000000180033c30 f   sfc_debug:sfdb_coverage.obj
 0001:00032fd0       sf_debug_cc_terminate_instance 0000000180033fd0 f   sfc_debug:sfdb_coverage.obj
 0001:00033bc0       sf_debug_cc_mark_object_if_needed 0000000180034bc0 f   sfc_debug:sfdb_coverage.obj
 0001:000344c0       sf_debug_bm_initialize_eml 00000001800354c0 f   sfc_debug:sfdb_breakpoints.obj
 0001:00035630       sf_debug_bm_map_debug_tag_to_breakpoint_tag 0000000180036630 f   sfc_debug:sfdb_breakpoints.obj
 0001:00035710       sf_debug_bm_is_a_eml_breakpoint_impl 0000000180036710 f   sfc_debug:sfdb_breakpoints.obj
 0001:00037190       sf_debug_sc_push_on_error_stack 0000000180038190 f   sfc_debug:sfdb_state_consistency.obj
 0001:000372c0       sf_debug_sc_reset_error_stack 00000001800382c0 f   sfc_debug:sfdb_state_consistency.obj
 0001:00037450       sf_debug_sc_is_state_inconsistent 0000000180038450 f   sfc_debug:sfdb_state_consistency.obj
 0001:00037750       sf_debug_sc_fill_consistency_info 0000000180038750 f   sfc_debug:sfdb_state_consistency.obj
 0001:00037d30       void_assertion_fcn         0000000180038d30 f   sfc_debug:sfdb_call_stack.obj
 0001:000382b0       sf_debug_tm_fill_local_trace 00000001800392b0 f   sfc_debug:sfdb_call_stack.obj
 0001:00038880       sf_debug_cd_terminate_instance 0000000180039880 f   sfc_debug:sfdb_cycle_detection.obj
 0001:000388e0       sf_debug_cd_free_checksum_stack 00000001800398e0 f   sfc_debug:sfdb_cycle_detection.obj
 0001:00038930       sf_debug_cd_reset_pack_strings 0000000180039930 f   sfc_debug:sfdb_cycle_detection.obj
 0001:00038ff0       md5file_clear              0000000180039ff0 f   sfc_debug:ckmd5.obj
 0001:00039020       Encode                     000000018003a020 f   sfc_debug:ckmd5.obj
 0001:00039070       Decode                     000000018003a070 f   sfc_debug:ckmd5.obj
 0001:00039110       MD5Transform               000000018003a110 f   sfc_debug:ckmd5.obj
 0001:00039960       md5file_addn               000000018003a960 f   sfc_debug:ckmd5.obj
 0001:00039a30       md5file_hash               000000018003aa30 f   sfc_debug:ckmd5.obj
 0001:00039ef8       pre_c_init                 000000018003aef8 f   MSVCRT:crtdll.obj
 0001:0003a1b4       __DllMainCRTStartup        000000018003b1b4 f   MSVCRT:crtdll.obj
 0001:0003a8c0       __DllMainCRTStartup$filt$0 000000018003b8c0 f   MSVCRT:crtdll.obj
 0001:0003a8f0       __DllMainCRTStartup$fin$1  000000018003b8f0 f   MSVCRT:crtdll.obj
 0001:0003a90a       _onexit$fin$0              000000018003b90a f   MSVCRT:atonexit.obj
 0001:0003a930       _IsNonwritableInCurrentImage$filt$0 000000018003b930 f   MSVCRT:pesect.obj
